  Determining projects to restore...
  All projects are up-to-date for restore.
  Platform.Core -> C:\Sudipto\Antigravity\DynamicPlatform\src\Platform.Core\bin\Debug\net9.0\Platform.Core.dll
  Platform.Infrastructure -> C:\Sudipto\Antigravity\DynamicPlatform\src\Platform.Infrastructure\bin\Debug\net9.0\Platform.Infrastructure.dll
  Platform.Engine -> C:\Sudipto\Antigravity\DynamicPlatform\src\Platform.Engine\bin\Debug\net9.0\Platform.Engine.dll
C:\Sudipto\Antigravity\DynamicPlatform\ClinicSimulator.cs(144,44): warning CS0436: The type 'EntityMetadata' in 'C:\Sudipto\Antigravity\DynamicPlatform\src\Platform.Engine\Models\EngineModels.cs' conflicts with the imported type 'EntityMetadata' in 'Platform.Engine, Version=1.0.0.0, Culture=neutral, PublicKeyToken=null'. Using the type defined in 'C:\Sudipto\Antigravity\DynamicPlatform\src\Platform.Engine\Models\EngineModels.cs'. [C:\Sudipto\Antigravity\DynamicPlatform\ClinicSimulator.csproj]
C:\Sudipto\Antigravity\DynamicPlatform\ClinicSimulator.cs(144,75): warning CS0436: The type 'EnumMetadata' in 'C:\Sudipto\Antigravity\DynamicPlatform\src\Platform.Engine\Models\EngineModels.cs' conflicts with the imported type 'EnumMetadata' in 'Platform.Engine, Version=1.0.0.0, Culture=neutral, PublicKeyToken=null'. Using the type defined in 'C:\Sudipto\Antigravity\DynamicPlatform\src\Platform.Engine\Models\EngineModels.cs'. [C:\Sudipto\Antigravity\DynamicPlatform\ClinicSimulator.csproj]
C:\Sudipto\Antigravity\DynamicPlatform\ClinicSimulator.cs(173,39): warning CS0436: The type 'EntityMetadata' in 'C:\Sudipto\Antigravity\DynamicPlatform\src\Platform.Engine\Models\EngineModels.cs' conflicts with the imported type 'EntityMetadata' in 'Platform.Engine, Version=1.0.0.0, Culture=neutral, PublicKeyToken=null'. Using the type defined in 'C:\Sudipto\Antigravity\DynamicPlatform\src\Platform.Engine\Models\EngineModels.cs'. [C:\Sudipto\Antigravity\DynamicPlatform\ClinicSimulator.csproj]
C:\Sudipto\Antigravity\DynamicPlatform\ClinicSimulator.cs(183,45): warning CS0436: The type 'EntityMetadata' in 'C:\Sudipto\Antigravity\DynamicPlatform\src\Platform.Engine\Models\EngineModels.cs' conflicts with the imported type 'EntityMetadata' in 'Platform.Engine, Version=1.0.0.0, Culture=neutral, PublicKeyToken=null'. Using the type defined in 'C:\Sudipto\Antigravity\DynamicPlatform\src\Platform.Engine\Models\EngineModels.cs'. [C:\Sudipto\Antigravity\DynamicPlatform\ClinicSimulator.csproj]
C:\Sudipto\Antigravity\DynamicPlatform\ClinicSimulator.cs(195,51): warning CS0436: The type 'IArtifactRepository' in 'C:\Sudipto\Antigravity\DynamicPlatform\src\Platform.Core\Interfaces\IArtifactRepository.cs' conflicts with the imported type 'IArtifactRepository' in 'Platform.Core, Version=1.0.0.0, Culture=neutral, PublicKeyToken=null'. Using the type defined in 'C:\Sudipto\Antigravity\DynamicPlatform\src\Platform.Core\Interfaces\IArtifactRepository.cs'. [C:\Sudipto\Antigravity\DynamicPlatform\ClinicSimulator.csproj]
C:\Sudipto\Antigravity\DynamicPlatform\ClinicSimulator.cs(209,43): warning CS0436: The type 'IArtifactRepository' in 'C:\Sudipto\Antigravity\DynamicPlatform\src\Platform.Core\Interfaces\IArtifactRepository.cs' conflicts with the imported type 'IArtifactRepository' in 'Platform.Core, Version=1.0.0.0, Culture=neutral, PublicKeyToken=null'. Using the type defined in 'C:\Sudipto\Antigravity\DynamicPlatform\src\Platform.Core\Interfaces\IArtifactRepository.cs'. [C:\Sudipto\Antigravity\DynamicPlatform\ClinicSimulator.csproj]
C:\Sudipto\Antigravity\DynamicPlatform\ClinicSimulator.cs(228,44): warning CS0436: The type 'IArtifactRepository' in 'C:\Sudipto\Antigravity\DynamicPlatform\src\Platform.Core\Interfaces\IArtifactRepository.cs' conflicts with the imported type 'IArtifactRepository' in 'Platform.Core, Version=1.0.0.0, Culture=neutral, PublicKeyToken=null'. Using the type defined in 'C:\Sudipto\Antigravity\DynamicPlatform\src\Platform.Core\Interfaces\IArtifactRepository.cs'. [C:\Sudipto\Antigravity\DynamicPlatform\ClinicSimulator.csproj]
C:\Sudipto\Antigravity\DynamicPlatform\ClinicSimulator.cs(242,48): warning CS0436: The type 'IArtifactRepository' in 'C:\Sudipto\Antigravity\DynamicPlatform\src\Platform.Core\Interfaces\IArtifactRepository.cs' conflicts with the imported type 'IArtifactRepository' in 'Platform.Core, Version=1.0.0.0, Culture=neutral, PublicKeyToken=null'. Using the type defined in 'C:\Sudipto\Antigravity\DynamicPlatform\src\Platform.Core\Interfaces\IArtifactRepository.cs'. [C:\Sudipto\Antigravity\DynamicPlatform\ClinicSimulator.csproj]
C:\Sudipto\Antigravity\DynamicPlatform\ClinicSimulator.cs(262,51): warning CS0436: The type 'IArtifactRepository' in 'C:\Sudipto\Antigravity\DynamicPlatform\src\Platform.Core\Interfaces\IArtifactRepository.cs' conflicts with the imported type 'IArtifactRepository' in 'Platform.Core, Version=1.0.0.0, Culture=neutral, PublicKeyToken=null'. Using the type defined in 'C:\Sudipto\Antigravity\DynamicPlatform\src\Platform.Core\Interfaces\IArtifactRepository.cs'. [C:\Sudipto\Antigravity\DynamicPlatform\ClinicSimulator.csproj]
C:\Sudipto\Antigravity\DynamicPlatform\ClinicSimulator.cs(320,46): warning CS0436: The type 'IArtifactRepository' in 'C:\Sudipto\Antigravity\DynamicPlatform\src\Platform.Core\Interfaces\IArtifactRepository.cs' conflicts with the imported type 'IArtifactRepository' in 'Platform.Core, Version=1.0.0.0, Culture=neutral, PublicKeyToken=null'. Using the type defined in 'C:\Sudipto\Antigravity\DynamicPlatform\src\Platform.Core\Interfaces\IArtifactRepository.cs'. [C:\Sudipto\Antigravity\DynamicPlatform\ClinicSimulator.csproj]
C:\Sudipto\Antigravity\DynamicPlatform\ClinicSimulator.cs(355,52): warning CS0436: The type 'IArtifactRepository' in 'C:\Sudipto\Antigravity\DynamicPlatform\src\Platform.Core\Interfaces\IArtifactRepository.cs' conflicts with the imported type 'IArtifactRepository' in 'Platform.Core, Version=1.0.0.0, Culture=neutral, PublicKeyToken=null'. Using the type defined in 'C:\Sudipto\Antigravity\DynamicPlatform\src\Platform.Core\Interfaces\IArtifactRepository.cs'. [C:\Sudipto\Antigravity\DynamicPlatform\ClinicSimulator.csproj]
C:\Sudipto\Antigravity\DynamicPlatform\ClinicSimulator.cs(383,52): warning CS0436: The type 'IArtifactRepository' in 'C:\Sudipto\Antigravity\DynamicPlatform\src\Platform.Core\Interfaces\IArtifactRepository.cs' conflicts with the imported type 'IArtifactRepository' in 'Platform.Core, Version=1.0.0.0, Culture=neutral, PublicKeyToken=null'. Using the type defined in 'C:\Sudipto\Antigravity\DynamicPlatform\src\Platform.Core\Interfaces\IArtifactRepository.cs'. [C:\Sudipto\Antigravity\DynamicPlatform\ClinicSimulator.csproj]
C:\Sudipto\Antigravity\DynamicPlatform\src\Platform.Engine\Generators\AngularComponentGenerator.cs(32,28): warning CS0436: The type 'EntityMetadata' in 'C:\Sudipto\Antigravity\DynamicPlatform\src\Platform.Engine\Models\EngineModels.cs' conflicts with the imported type 'EntityMetadata' in 'Platform.Engine, Version=1.0.0.0, Culture=neutral, PublicKeyToken=null'. Using the type defined in 'C:\Sudipto\Antigravity\DynamicPlatform\src\Platform.Engine\Models\EngineModels.cs'. [C:\Sudipto\Antigravity\DynamicPlatform\ClinicSimulator.csproj]
C:\Sudipto\Antigravity\DynamicPlatform\src\Platform.Core\Integrations\IIntegrationConnector.cs(9,42): warning CS0436: The type 'IntegrationContext' in 'C:\Sudipto\Antigravity\DynamicPlatform\src\Platform.Core\Integrations\IIntegrationConnector.cs' conflicts with the imported type 'IntegrationContext' in 'Platform.Core, Version=1.0.0.0, Culture=neutral, PublicKeyToken=null'. Using the type defined in 'C:\Sudipto\Antigravity\DynamicPlatform\src\Platform.Core\Integrations\IIntegrationConnector.cs'. [C:\Sudipto\Antigravity\DynamicPlatform\ClinicSimulator.csproj]
C:\Sudipto\Antigravity\DynamicPlatform\src\Platform.Core\Integrations\IIntegrationConnector.cs(9,10): warning CS0436: The type 'IntegrationResult' in 'C:\Sudipto\Antigravity\DynamicPlatform\src\Platform.Core\Integrations\IIntegrationConnector.cs' conflicts with the imported type 'IntegrationResult' in 'Platform.Core, Version=1.0.0.0, Culture=neutral, PublicKeyToken=null'. Using the type defined in 'C:\Sudipto\Antigravity\DynamicPlatform\src\Platform.Core\Integrations\IIntegrationConnector.cs'. [C:\Sudipto\Antigravity\DynamicPlatform\ClinicSimulator.csproj]
C:\Sudipto\Antigravity\DynamicPlatform\src\Platform.Core\Common\Result.cs(22,19): warning CS0436: The type 'Result' in 'C:\Sudipto\Antigravity\DynamicPlatform\src\Platform.Core\Common\Result.cs' conflicts with the imported type 'Result' in 'Platform.Core, Version=1.0.0.0, Culture=neutral, PublicKeyToken=null'. Using the type defined in 'C:\Sudipto\Antigravity\DynamicPlatform\src\Platform.Core\Common\Result.cs'. [C:\Sudipto\Antigravity\DynamicPlatform\ClinicSimulator.csproj]
C:\Sudipto\Antigravity\DynamicPlatform\src\Platform.Core\Common\Result.cs(23,19): warning CS0436: The type 'Result<T>' in 'C:\Sudipto\Antigravity\DynamicPlatform\src\Platform.Core\Common\Result.cs' conflicts with the imported type 'Result<T>' in 'Platform.Core, Version=1.0.0.0, Culture=neutral, PublicKeyToken=null'. Using the type defined in 'C:\Sudipto\Antigravity\DynamicPlatform\src\Platform.Core\Common\Result.cs'. [C:\Sudipto\Antigravity\DynamicPlatform\ClinicSimulator.csproj]
C:\Sudipto\Antigravity\DynamicPlatform\src\Platform.Core\Common\Result.cs(25,19): warning CS0436: The type 'Result' in 'C:\Sudipto\Antigravity\DynamicPlatform\src\Platform.Core\Common\Result.cs' conflicts with the imported type 'Result' in 'Platform.Core, Version=1.0.0.0, Culture=neutral, PublicKeyToken=null'. Using the type defined in 'C:\Sudipto\Antigravity\DynamicPlatform\src\Platform.Core\Common\Result.cs'. [C:\Sudipto\Antigravity\DynamicPlatform\ClinicSimulator.csproj]
C:\Sudipto\Antigravity\DynamicPlatform\src\Platform.Core\Domain\Entities\Artifact.cs(25,20): warning CS0436: The type 'Project' in 'C:\Sudipto\Antigravity\DynamicPlatform\src\Platform.Core\Domain\Entities\Project.cs' conflicts with the imported type 'Project' in 'Platform.Core, Version=1.0.0.0, Culture=neutral, PublicKeyToken=null'. Using the type defined in 'C:\Sudipto\Antigravity\DynamicPlatform\src\Platform.Core\Domain\Entities\Project.cs'. [C:\Sudipto\Antigravity\DynamicPlatform\ClinicSimulator.csproj]
C:\Sudipto\Antigravity\DynamicPlatform\src\Platform.Core\Common\Result.cs(26,19): warning CS0436: The type 'Result<T>' in 'C:\Sudipto\Antigravity\DynamicPlatform\src\Platform.Core\Common\Result.cs' conflicts with the imported type 'Result<T>' in 'Platform.Core, Version=1.0.0.0, Culture=neutral, PublicKeyToken=null'. Using the type defined in 'C:\Sudipto\Antigravity\DynamicPlatform\src\Platform.Core\Common\Result.cs'. [C:\Sudipto\Antigravity\DynamicPlatform\ClinicSimulator.csproj]
C:\Sudipto\Antigravity\DynamicPlatform\src\Platform.Core\Domain\Entities\Artifact.cs(27,12): warning CS0436: The type 'ArtifactType' in 'C:\Sudipto\Antigravity\DynamicPlatform\src\Platform.Core\Domain\Entities\Artifact.cs' conflicts with the imported type 'ArtifactType' in 'Platform.Core, Version=1.0.0.0, Culture=neutral, PublicKeyToken=null'. Using the type defined in 'C:\Sudipto\Antigravity\DynamicPlatform\src\Platform.Core\Domain\Entities\Artifact.cs'. [C:\Sudipto\Antigravity\DynamicPlatform\ClinicSimulator.csproj]
C:\Sudipto\Antigravity\DynamicPlatform\src\Platform.Engine\Generators\ConnectorGenerator.cs(32,28): warning CS0436: The type 'ConnectorMetadata' in 'C:\Sudipto\Antigravity\DynamicPlatform\src\Platform.Engine\Models\ConnectorMetadata.cs' conflicts with the imported type 'ConnectorMetadata' in 'Platform.Engine, Version=1.0.0.0, Culture=neutral, PublicKeyToken=null'. Using the type defined in 'C:\Sudipto\Antigravity\DynamicPlatform\src\Platform.Engine\Models\ConnectorMetadata.cs'. [C:\Sudipto\Antigravity\DynamicPlatform\ClinicSimulator.csproj]
C:\Sudipto\Antigravity\DynamicPlatform\src\Platform.Engine\Generators\ControllerGenerator.cs(32,28): warning CS0436: The type 'EntityMetadata' in 'C:\Sudipto\Antigravity\DynamicPlatform\src\Platform.Engine\Models\EngineModels.cs' conflicts with the imported type 'EntityMetadata' in 'Platform.Engine, Version=1.0.0.0, Culture=neutral, PublicKeyToken=null'. Using the type defined in 'C:\Sudipto\Antigravity\DynamicPlatform\src\Platform.Engine\Models\EngineModels.cs'. [C:\Sudipto\Antigravity\DynamicPlatform\ClinicSimulator.csproj]
C:\Sudipto\Antigravity\DynamicPlatform\src\Platform.Engine\Generators\CustomObjectGenerator.cs(32,28): warning CS0436: The type 'CustomObjectMetadata' in 'C:\Sudipto\Antigravity\DynamicPlatform\src\Platform.Engine\Models\EngineModels.cs' conflicts with the imported type 'CustomObjectMetadata' in 'Platform.Engine, Version=1.0.0.0, Culture=neutral, PublicKeyToken=null'. Using the type defined in 'C:\Sudipto\Antigravity\DynamicPlatform\src\Platform.Engine\Models\EngineModels.cs'. [C:\Sudipto\Antigravity\DynamicPlatform\ClinicSimulator.csproj]
C:\Sudipto\Antigravity\DynamicPlatform\src\Platform.Engine\Generators\DashboardGenerator.cs(32,28): warning CS0436: The type 'PageMetadata' in 'C:\Sudipto\Antigravity\DynamicPlatform\src\Platform.Engine\Models\EngineModels.cs' conflicts with the imported type 'PageMetadata' in 'Platform.Engine, Version=1.0.0.0, Culture=neutral, PublicKeyToken=null'. Using the type defined in 'C:\Sudipto\Antigravity\DynamicPlatform\src\Platform.Engine\Models\EngineModels.cs'. [C:\Sudipto\Antigravity\DynamicPlatform\ClinicSimulator.csproj]
C:\Sudipto\Antigravity\DynamicPlatform\src\Platform.Engine\Generators\DbContextGenerator.cs(33,44): warning CS0436: The type 'EntityMetadata' in 'C:\Sudipto\Antigravity\DynamicPlatform\src\Platform.Engine\Models\EngineModels.cs' conflicts with the imported type 'EntityMetadata' in 'Platform.Engine, Version=1.0.0.0, Culture=neutral, PublicKeyToken=null'. Using the type defined in 'C:\Sudipto\Antigravity\DynamicPlatform\src\Platform.Engine\Models\EngineModels.cs'. [C:\Sudipto\Antigravity\DynamicPlatform\ClinicSimulator.csproj]
C:\Sudipto\Antigravity\DynamicPlatform\src\Platform.Core\Interfaces\IArtifactRepository.cs(10,22): warning CS0436: The type 'Artifact' in 'C:\Sudipto\Antigravity\DynamicPlatform\src\Platform.Core\Domain\Entities\Artifact.cs' conflicts with the imported type 'Artifact' in 'Platform.Core, Version=1.0.0.0, Culture=neutral, PublicKeyToken=null'. Using the type defined in 'C:\Sudipto\Antigravity\DynamicPlatform\src\Platform.Core\Domain\Entities\Artifact.cs'. [C:\Sudipto\Antigravity\DynamicPlatform\ClinicSimulator.csproj]
C:\Sudipto\Antigravity\DynamicPlatform\src\Platform.Engine\Generators\EntityGenerator.cs(36,28): warning CS0436: The type 'EntityMetadata' in 'C:\Sudipto\Antigravity\DynamicPlatform\src\Platform.Engine\Models\EngineModels.cs' conflicts with the imported type 'EntityMetadata' in 'Platform.Engine, Version=1.0.0.0, Culture=neutral, PublicKeyToken=null'. Using the type defined in 'C:\Sudipto\Antigravity\DynamicPlatform\src\Platform.Engine\Models\EngineModels.cs'. [C:\Sudipto\Antigravity\DynamicPlatform\ClinicSimulator.csproj]
C:\Sudipto\Antigravity\DynamicPlatform\src\Platform.Core\Interfaces\IArtifactRepository.cs(11,10): warning CS0436: The type 'Artifact' in 'C:\Sudipto\Antigravity\DynamicPlatform\src\Platform.Core\Domain\Entities\Artifact.cs' conflicts with the imported type 'Artifact' in 'Platform.Core, Version=1.0.0.0, Culture=neutral, PublicKeyToken=null'. Using the type defined in 'C:\Sudipto\Antigravity\DynamicPlatform\src\Platform.Core\Domain\Entities\Artifact.cs'. [C:\Sudipto\Antigravity\DynamicPlatform\ClinicSimulator.csproj]
C:\Sudipto\Antigravity\DynamicPlatform\src\Platform.Core\Interfaces\IArtifactRepository.cs(12,10): warning CS0436: The type 'Project' in 'C:\Sudipto\Antigravity\DynamicPlatform\src\Platform.Core\Domain\Entities\Project.cs' conflicts with the imported type 'Project' in 'Platform.Core, Version=1.0.0.0, Culture=neutral, PublicKeyToken=null'. Using the type defined in 'C:\Sudipto\Antigravity\DynamicPlatform\src\Platform.Core\Domain\Entities\Project.cs'. [C:\Sudipto\Antigravity\DynamicPlatform\ClinicSimulator.csproj]
C:\Sudipto\Antigravity\DynamicPlatform\src\Platform.Engine\Generators\EnumGenerator.cs(32,28): warning CS0436: The type 'EnumMetadata' in 'C:\Sudipto\Antigravity\DynamicPlatform\src\Platform.Engine\Models\EngineModels.cs' conflicts with the imported type 'EnumMetadata' in 'Platform.Engine, Version=1.0.0.0, Culture=neutral, PublicKeyToken=null'. Using the type defined in 'C:\Sudipto\Antigravity\DynamicPlatform\src\Platform.Engine\Models\EngineModels.cs'. [C:\Sudipto\Antigravity\DynamicPlatform\ClinicSimulator.csproj]
C:\Sudipto\Antigravity\DynamicPlatform\src\Platform.Core\Interfaces\IArtifactRepository.cs(13,19): warning CS0436: The type 'Artifact' in 'C:\Sudipto\Antigravity\DynamicPlatform\src\Platform.Core\Domain\Entities\Artifact.cs' conflicts with the imported type 'Artifact' in 'Platform.Core, Version=1.0.0.0, Culture=neutral, PublicKeyToken=null'. Using the type defined in 'C:\Sudipto\Antigravity\DynamicPlatform\src\Platform.Core\Domain\Entities\Artifact.cs'. [C:\Sudipto\Antigravity\DynamicPlatform\ClinicSimulator.csproj]
C:\Sudipto\Antigravity\DynamicPlatform\src\Platform.Core\Interfaces\IArtifactRepository.cs(14,22): warning CS0436: The type 'Artifact' in 'C:\Sudipto\Antigravity\DynamicPlatform\src\Platform.Core\Domain\Entities\Artifact.cs' conflicts with the imported type 'Artifact' in 'Platform.Core, Version=1.0.0.0, Culture=neutral, PublicKeyToken=null'. Using the type defined in 'C:\Sudipto\Antigravity\DynamicPlatform\src\Platform.Core\Domain\Entities\Artifact.cs'. [C:\Sudipto\Antigravity\DynamicPlatform\ClinicSimulator.csproj]
C:\Sudipto\Antigravity\DynamicPlatform\src\Platform.Infrastructure\Data\Repositories\ArtifactRepository.cs(11,35): warning CS0436: The type 'IArtifactRepository' in 'C:\Sudipto\Antigravity\DynamicPlatform\src\Platform.Core\Interfaces\IArtifactRepository.cs' conflicts with the imported type 'IArtifactRepository' in 'Platform.Core, Version=1.0.0.0, Culture=neutral, PublicKeyToken=null'. Using the type defined in 'C:\Sudipto\Antigravity\DynamicPlatform\src\Platform.Core\Interfaces\IArtifactRepository.cs'. [C:\Sudipto\Antigravity\DynamicPlatform\ClinicSimulator.csproj]
C:\Sudipto\Antigravity\DynamicPlatform\src\Platform.Engine\Generators\FrontendGenerator.cs(39,58): warning CS0436: The type 'SecurityMetadata' in 'C:\Sudipto\Antigravity\DynamicPlatform\src\Platform.Engine\Models\SecurityMetadata.cs' conflicts with the imported type 'SecurityMetadata' in 'Platform.Engine, Version=1.0.0.0, Culture=neutral, PublicKeyToken=null'. Using the type defined in 'C:\Sudipto\Antigravity\DynamicPlatform\src\Platform.Engine\Models\SecurityMetadata.cs'. [C:\Sudipto\Antigravity\DynamicPlatform\ClinicSimulator.csproj]
C:\Sudipto\Antigravity\DynamicPlatform\src\Platform.Engine\Generators\FrontendGenerator.cs(55,37): warning CS0436: The type 'PageMetadata' in 'C:\Sudipto\Antigravity\DynamicPlatform\src\Platform.Engine\Models\EngineModels.cs' conflicts with the imported type 'PageMetadata' in 'Platform.Engine, Version=1.0.0.0, Culture=neutral, PublicKeyToken=null'. Using the type defined in 'C:\Sudipto\Antigravity\DynamicPlatform\src\Platform.Engine\Models\EngineModels.cs'. [C:\Sudipto\Antigravity\DynamicPlatform\ClinicSimulator.csproj]
C:\Sudipto\Antigravity\DynamicPlatform\src\Platform.Engine\Generators\FrontendGenerator.cs(12,22): warning CS0436: The type 'DashboardGenerator' in 'C:\Sudipto\Antigravity\DynamicPlatform\src\Platform.Engine\Generators\DashboardGenerator.cs' conflicts with the imported type 'DashboardGenerator' in 'Platform.Engine, Version=1.0.0.0, Culture=neutral, PublicKeyToken=null'. Using the type defined in 'C:\Sudipto\Antigravity\DynamicPlatform\src\Platform.Engine\Generators\DashboardGenerator.cs'. [C:\Sudipto\Antigravity\DynamicPlatform\ClinicSimulator.csproj]
C:\Sudipto\Antigravity\DynamicPlatform\src\Platform.Infrastructure\Data\Repositories\ArtifactRepository.cs(20,35): warning CS0436: The type 'Artifact' in 'C:\Sudipto\Antigravity\DynamicPlatform\src\Platform.Core\Domain\Entities\Artifact.cs' conflicts with the imported type 'Artifact' in 'Platform.Core, Version=1.0.0.0, Culture=neutral, PublicKeyToken=null'. Using the type defined in 'C:\Sudipto\Antigravity\DynamicPlatform\src\Platform.Core\Domain\Entities\Artifact.cs'. [C:\Sudipto\Antigravity\DynamicPlatform\ClinicSimulator.csproj]
C:\Sudipto\Antigravity\DynamicPlatform\src\Platform.Core\Common\Result.cs(29,26): warning CS0436: The type 'Result' in 'C:\Sudipto\Antigravity\DynamicPlatform\src\Platform.Core\Common\Result.cs' conflicts with the imported type 'Result' in 'Platform.Core, Version=1.0.0.0, Culture=neutral, PublicKeyToken=null'. Using the type defined in 'C:\Sudipto\Antigravity\DynamicPlatform\src\Platform.Core\Common\Result.cs'. [C:\Sudipto\Antigravity\DynamicPlatform\ClinicSimulator.csproj]
C:\Sudipto\Antigravity\DynamicPlatform\src\Platform.Infrastructure\Data\Repositories\ArtifactRepository.cs(27,23): warning CS0436: The type 'Artifact' in 'C:\Sudipto\Antigravity\DynamicPlatform\src\Platform.Core\Domain\Entities\Artifact.cs' conflicts with the imported type 'Artifact' in 'Platform.Core, Version=1.0.0.0, Culture=neutral, PublicKeyToken=null'. Using the type defined in 'C:\Sudipto\Antigravity\DynamicPlatform\src\Platform.Core\Domain\Entities\Artifact.cs'. [C:\Sudipto\Antigravity\DynamicPlatform\ClinicSimulator.csproj]
C:\Sudipto\Antigravity\DynamicPlatform\src\Platform.Infrastructure\Data\Repositories\ArtifactRepository.cs(32,23): warning CS0436: The type 'Project' in 'C:\Sudipto\Antigravity\DynamicPlatform\src\Platform.Core\Domain\Entities\Project.cs' conflicts with the imported type 'Project' in 'Platform.Core, Version=1.0.0.0, Culture=neutral, PublicKeyToken=null'. Using the type defined in 'C:\Sudipto\Antigravity\DynamicPlatform\src\Platform.Core\Domain\Entities\Project.cs'. [C:\Sudipto\Antigravity\DynamicPlatform\ClinicSimulator.csproj]
C:\Sudipto\Antigravity\DynamicPlatform\src\Platform.Infrastructure\Data\Repositories\ArtifactRepository.cs(37,32): warning CS0436: The type 'Artifact' in 'C:\Sudipto\Antigravity\DynamicPlatform\src\Platform.Core\Domain\Entities\Artifact.cs' conflicts with the imported type 'Artifact' in 'Platform.Core, Version=1.0.0.0, Culture=neutral, PublicKeyToken=null'. Using the type defined in 'C:\Sudipto\Antigravity\DynamicPlatform\src\Platform.Core\Domain\Entities\Artifact.cs'. [C:\Sudipto\Antigravity\DynamicPlatform\ClinicSimulator.csproj]
C:\Sudipto\Antigravity\DynamicPlatform\src\Platform.Infrastructure\Data\Repositories\ArtifactRepository.cs(43,35): warning CS0436: The type 'Artifact' in 'C:\Sudipto\Antigravity\DynamicPlatform\src\Platform.Core\Domain\Entities\Artifact.cs' conflicts with the imported type 'Artifact' in 'Platform.Core, Version=1.0.0.0, Culture=neutral, PublicKeyToken=null'. Using the type defined in 'C:\Sudipto\Antigravity\DynamicPlatform\src\Platform.Core\Domain\Entities\Artifact.cs'. [C:\Sudipto\Antigravity\DynamicPlatform\ClinicSimulator.csproj]
C:\Sudipto\Antigravity\DynamicPlatform\src\Platform.Core\Domain\Entities\Project.cs(13,20): warning CS0436: The type 'Tenant' in 'C:\Sudipto\Antigravity\DynamicPlatform\src\Platform.Core\Domain\Entities\Tenant.cs' conflicts with the imported type 'Tenant' in 'Platform.Core, Version=1.0.0.0, Culture=neutral, PublicKeyToken=null'. Using the type defined in 'C:\Sudipto\Antigravity\DynamicPlatform\src\Platform.Core\Domain\Entities\Tenant.cs'. [C:\Sudipto\Antigravity\DynamicPlatform\ClinicSimulator.csproj]
C:\Sudipto\Antigravity\DynamicPlatform\src\Platform.Core\Interfaces\IConnector.cs(12,42): warning CS0436: The type 'IConnector' in 'C:\Sudipto\Antigravity\DynamicPlatform\src\Platform.Core\Interfaces\IConnector.cs' conflicts with the imported type 'IConnector' in 'Platform.Core, Version=1.0.0.0, Culture=neutral, PublicKeyToken=null'. Using the type defined in 'C:\Sudipto\Antigravity\DynamicPlatform\src\Platform.Core\Interfaces\IConnector.cs'. [C:\Sudipto\Antigravity\DynamicPlatform\ClinicSimulator.csproj]
C:\Sudipto\Antigravity\DynamicPlatform\src\Platform.Infrastructure\Data\Repositories\ArtifactRepository.cs(13,22): warning CS0436: The type 'PlatformDbContext' in 'C:\Sudipto\Antigravity\DynamicPlatform\src\Platform.Infrastructure\Data\PlatformDbContext.cs' conflicts with the imported type 'PlatformDbContext' in 'Platform.Infrastructure, Version=1.0.0.0, Culture=neutral, PublicKeyToken=null'. Using the type defined in 'C:\Sudipto\Antigravity\DynamicPlatform\src\Platform.Infrastructure\Data\PlatformDbContext.cs'. [C:\Sudipto\Antigravity\DynamicPlatform\ClinicSimulator.csproj]
C:\Sudipto\Antigravity\DynamicPlatform\src\Platform.Infrastructure\Data\Repositories\ArtifactRepository.cs(15,31): warning CS0436: The type 'PlatformDbContext' in 'C:\Sudipto\Antigravity\DynamicPlatform\src\Platform.Infrastructure\Data\PlatformDbContext.cs' conflicts with the imported type 'PlatformDbContext' in 'Platform.Infrastructure, Version=1.0.0.0, Culture=neutral, PublicKeyToken=null'. Using the type defined in 'C:\Sudipto\Antigravity\DynamicPlatform\src\Platform.Infrastructure\Data\PlatformDbContext.cs'. [C:\Sudipto\Antigravity\DynamicPlatform\ClinicSimulator.csproj]
C:\Sudipto\Antigravity\DynamicPlatform\src\Platform.Engine\Generators\ProjectGenerator.cs(52,51): warning CS0436: The type 'EntityMetadata' in 'C:\Sudipto\Antigravity\DynamicPlatform\src\Platform.Engine\Models\EngineModels.cs' conflicts with the imported type 'EntityMetadata' in 'Platform.Engine, Version=1.0.0.0, Culture=neutral, PublicKeyToken=null'. Using the type defined in 'C:\Sudipto\Antigravity\DynamicPlatform\src\Platform.Engine\Models\EngineModels.cs'. [C:\Sudipto\Antigravity\DynamicPlatform\ClinicSimulator.csproj]
C:\Sudipto\Antigravity\DynamicPlatform\src\Platform.Engine\Generators\ProjectGenerator.cs(52,82): warning CS0436: The type 'ConnectorMetadata' in 'C:\Sudipto\Antigravity\DynamicPlatform\src\Platform.Engine\Models\ConnectorMetadata.cs' conflicts with the imported type 'ConnectorMetadata' in 'Platform.Engine, Version=1.0.0.0, Culture=neutral, PublicKeyToken=null'. Using the type defined in 'C:\Sudipto\Antigravity\DynamicPlatform\src\Platform.Engine\Models\ConnectorMetadata.cs'. [C:\Sudipto\Antigravity\DynamicPlatform\ClinicSimulator.csproj]
C:\Sudipto\Antigravity\DynamicPlatform\src\Platform.Engine\Generators\ProjectGenerator.cs(52,118): warning CS0436: The type 'WorkflowMetadata' in 'C:\Sudipto\Antigravity\DynamicPlatform\src\Platform.Engine\Models\WorkflowMetadata.cs' conflicts with the imported type 'WorkflowMetadata' in 'Platform.Engine, Version=1.0.0.0, Culture=neutral, PublicKeyToken=null'. Using the type defined in 'C:\Sudipto\Antigravity\DynamicPlatform\src\Platform.Engine\Models\WorkflowMetadata.cs'. [C:\Sudipto\Antigravity\DynamicPlatform\ClinicSimulator.csproj]
C:\Sudipto\Antigravity\DynamicPlatform\src\Platform.Core\Domain\Entities\Project.cs(30,32): warning CS0436: The type 'Artifact' in 'C:\Sudipto\Antigravity\DynamicPlatform\src\Platform.Core\Domain\Entities\Artifact.cs' conflicts with the imported type 'Artifact' in 'Platform.Core, Version=1.0.0.0, Culture=neutral, PublicKeyToken=null'. Using the type defined in 'C:\Sudipto\Antigravity\DynamicPlatform\src\Platform.Core\Domain\Entities\Artifact.cs'. [C:\Sudipto\Antigravity\DynamicPlatform\ClinicSimulator.csproj]
C:\Sudipto\Antigravity\DynamicPlatform\src\Platform.Engine\Models\AppUserMetadata.cs(7,17): warning CS0436: The type 'AppUserDefinition' in 'C:\Sudipto\Antigravity\DynamicPlatform\src\Platform.Engine\Models\AppUserMetadata.cs' conflicts with the imported type 'AppUserDefinition' in 'Platform.Engine, Version=1.0.0.0, Culture=neutral, PublicKeyToken=null'. Using the type defined in 'C:\Sudipto\Antigravity\DynamicPlatform\src\Platform.Engine\Models\AppUserMetadata.cs'. [C:\Sudipto\Antigravity\DynamicPlatform\ClinicSimulator.csproj]
C:\Sudipto\Antigravity\DynamicPlatform\src\Platform.Engine\Generators\RepositoryGenerator.cs(32,28): warning CS0436: The type 'EntityMetadata' in 'C:\Sudipto\Antigravity\DynamicPlatform\src\Platform.Engine\Models\EngineModels.cs' conflicts with the imported type 'EntityMetadata' in 'Platform.Engine, Version=1.0.0.0, Culture=neutral, PublicKeyToken=null'. Using the type defined in 'C:\Sudipto\Antigravity\DynamicPlatform\src\Platform.Engine\Models\EngineModels.cs'. [C:\Sudipto\Antigravity\DynamicPlatform\ClinicSimulator.csproj]
C:\Sudipto\Antigravity\DynamicPlatform\src\Platform.Core\Domain\Entities\Tenant.cs(21,32): warning CS0436: The type 'Project' in 'C:\Sudipto\Antigravity\DynamicPlatform\src\Platform.Core\Domain\Entities\Project.cs' conflicts with the imported type 'Project' in 'Platform.Core, Version=1.0.0.0, Culture=neutral, PublicKeyToken=null'. Using the type defined in 'C:\Sudipto\Antigravity\DynamicPlatform\src\Platform.Core\Domain\Entities\Project.cs'. [C:\Sudipto\Antigravity\DynamicPlatform\ClinicSimulator.csproj]
C:\Sudipto\Antigravity\DynamicPlatform\src\Platform.Engine\Generators\SecurityGenerator.cs(32,31): warning CS0436: The type 'SecurityMetadata' in 'C:\Sudipto\Antigravity\DynamicPlatform\src\Platform.Engine\Models\SecurityMetadata.cs' conflicts with the imported type 'SecurityMetadata' in 'Platform.Engine, Version=1.0.0.0, Culture=neutral, PublicKeyToken=null'. Using the type defined in 'C:\Sudipto\Antigravity\DynamicPlatform\src\Platform.Engine\Models\SecurityMetadata.cs'. [C:\Sudipto\Antigravity\DynamicPlatform\ClinicSimulator.csproj]
C:\Sudipto\Antigravity\DynamicPlatform\src\Platform.Engine\Generators\SecurityGenerator.cs(32,58): warning CS0436: The type 'AppUserMetadata' in 'C:\Sudipto\Antigravity\DynamicPlatform\src\Platform.Engine\Models\AppUserMetadata.cs' conflicts with the imported type 'AppUserMetadata' in 'Platform.Engine, Version=1.0.0.0, Culture=neutral, PublicKeyToken=null'. Using the type defined in 'C:\Sudipto\Antigravity\DynamicPlatform\src\Platform.Engine\Models\AppUserMetadata.cs'. [C:\Sudipto\Antigravity\DynamicPlatform\ClinicSimulator.csproj]
C:\Sudipto\Antigravity\DynamicPlatform\src\Platform.Engine\Models\ConnectorMetadata.cs(10,17): warning CS0436: The type 'ConnectorParameter' in 'C:\Sudipto\Antigravity\DynamicPlatform\src\Platform.Engine\Models\ConnectorMetadata.cs' conflicts with the imported type 'ConnectorParameter' in 'Platform.Engine, Version=1.0.0.0, Culture=neutral, PublicKeyToken=null'. Using the type defined in 'C:\Sudipto\Antigravity\DynamicPlatform\src\Platform.Engine\Models\ConnectorMetadata.cs'. [C:\Sudipto\Antigravity\DynamicPlatform\ClinicSimulator.csproj]
C:\Sudipto\Antigravity\DynamicPlatform\src\Platform.Engine\Models\ConnectorMetadata.cs(11,17): warning CS0436: The type 'ConnectorParameter' in 'C:\Sudipto\Antigravity\DynamicPlatform\src\Platform.Engine\Models\ConnectorMetadata.cs' conflicts with the imported type 'ConnectorParameter' in 'Platform.Engine, Version=1.0.0.0, Culture=neutral, PublicKeyToken=null'. Using the type defined in 'C:\Sudipto\Antigravity\DynamicPlatform\src\Platform.Engine\Models\ConnectorMetadata.cs'. [C:\Sudipto\Antigravity\DynamicPlatform\ClinicSimulator.csproj]
C:\Sudipto\Antigravity\DynamicPlatform\src\Platform.Engine\Models\ConnectorMetadata.cs(17,17): warning CS0436: The type 'ConnectorProperty' in 'C:\Sudipto\Antigravity\DynamicPlatform\src\Platform.Engine\Models\ConnectorMetadata.cs' conflicts with the imported type 'ConnectorProperty' in 'Platform.Engine, Version=1.0.0.0, Culture=neutral, PublicKeyToken=null'. Using the type defined in 'C:\Sudipto\Antigravity\DynamicPlatform\src\Platform.Engine\Models\ConnectorMetadata.cs'. [C:\Sudipto\Antigravity\DynamicPlatform\ClinicSimulator.csproj]
C:\Sudipto\Antigravity\DynamicPlatform\src\Platform.Engine\Services\RelationNormalizationService.cs(10,48): warning CS0436: The type 'EntityMetadata' in 'C:\Sudipto\Antigravity\DynamicPlatform\src\Platform.Engine\Models\EngineModels.cs' conflicts with the imported type 'EntityMetadata' in 'Platform.Engine, Version=1.0.0.0, Culture=neutral, PublicKeyToken=null'. Using the type defined in 'C:\Sudipto\Antigravity\DynamicPlatform\src\Platform.Engine\Models\EngineModels.cs'. [C:\Sudipto\Antigravity\DynamicPlatform\ClinicSimulator.csproj]
C:\Sudipto\Antigravity\DynamicPlatform\src\Platform.Engine\Services\RelationNormalizationService.cs(10,17): warning CS0436: The type 'EntityMetadata' in 'C:\Sudipto\Antigravity\DynamicPlatform\src\Platform.Engine\Models\EngineModels.cs' conflicts with the imported type 'EntityMetadata' in 'Platform.Engine, Version=1.0.0.0, Culture=neutral, PublicKeyToken=null'. Using the type defined in 'C:\Sudipto\Antigravity\DynamicPlatform\src\Platform.Engine\Models\EngineModels.cs'. [C:\Sudipto\Antigravity\DynamicPlatform\ClinicSimulator.csproj]
C:\Sudipto\Antigravity\DynamicPlatform\src\Platform.Engine\Services\MetadataLoader.cs(15,47): warning CS0436: The type 'Artifact' in 'C:\Sudipto\Antigravity\DynamicPlatform\src\Platform.Core\Domain\Entities\Artifact.cs' conflicts with the imported type 'Artifact' in 'Platform.Core, Version=1.0.0.0, Culture=neutral, PublicKeyToken=null'. Using the type defined in 'C:\Sudipto\Antigravity\DynamicPlatform\src\Platform.Core\Domain\Entities\Artifact.cs'. [C:\Sudipto\Antigravity\DynamicPlatform\ClinicSimulator.csproj]
C:\Sudipto\Antigravity\DynamicPlatform\src\Platform.Engine\Services\MetadataLoader.cs(15,12): warning CS0436: The type 'EntityMetadata' in 'C:\Sudipto\Antigravity\DynamicPlatform\src\Platform.Engine\Models\EngineModels.cs' conflicts with the imported type 'EntityMetadata' in 'Platform.Engine, Version=1.0.0.0, Culture=neutral, PublicKeyToken=null'. Using the type defined in 'C:\Sudipto\Antigravity\DynamicPlatform\src\Platform.Engine\Models\EngineModels.cs'. [C:\Sudipto\Antigravity\DynamicPlatform\ClinicSimulator.csproj]
C:\Sudipto\Antigravity\DynamicPlatform\src\Platform.Engine\Services\MetadataLoader.cs(32,53): warning CS0436: The type 'Artifact' in 'C:\Sudipto\Antigravity\DynamicPlatform\src\Platform.Core\Domain\Entities\Artifact.cs' conflicts with the imported type 'Artifact' in 'Platform.Core, Version=1.0.0.0, Culture=neutral, PublicKeyToken=null'. Using the type defined in 'C:\Sudipto\Antigravity\DynamicPlatform\src\Platform.Core\Domain\Entities\Artifact.cs'. [C:\Sudipto\Antigravity\DynamicPlatform\ClinicSimulator.csproj]
C:\Sudipto\Antigravity\DynamicPlatform\src\Platform.Engine\Services\MetadataLoader.cs(32,12): warning CS0436: The type 'ConnectorMetadata' in 'C:\Sudipto\Antigravity\DynamicPlatform\src\Platform.Engine\Models\ConnectorMetadata.cs' conflicts with the imported type 'ConnectorMetadata' in 'Platform.Engine, Version=1.0.0.0, Culture=neutral, PublicKeyToken=null'. Using the type defined in 'C:\Sudipto\Antigravity\DynamicPlatform\src\Platform.Engine\Models\ConnectorMetadata.cs'. [C:\Sudipto\Antigravity\DynamicPlatform\ClinicSimulator.csproj]
C:\Sudipto\Antigravity\DynamicPlatform\src\Platform.Engine\Services\MetadataLoader.cs(49,51): warning CS0436: The type 'Artifact' in 'C:\Sudipto\Antigravity\DynamicPlatform\src\Platform.Core\Domain\Entities\Artifact.cs' conflicts with the imported type 'Artifact' in 'Platform.Core, Version=1.0.0.0, Culture=neutral, PublicKeyToken=null'. Using the type defined in 'C:\Sudipto\Antigravity\DynamicPlatform\src\Platform.Core\Domain\Entities\Artifact.cs'. [C:\Sudipto\Antigravity\DynamicPlatform\ClinicSimulator.csproj]
C:\Sudipto\Antigravity\DynamicPlatform\src\Platform.Engine\Services\MetadataLoader.cs(49,12): warning CS0436: The type 'SecurityMetadata' in 'C:\Sudipto\Antigravity\DynamicPlatform\src\Platform.Engine\Models\SecurityMetadata.cs' conflicts with the imported type 'SecurityMetadata' in 'Platform.Engine, Version=1.0.0.0, Culture=neutral, PublicKeyToken=null'. Using the type defined in 'C:\Sudipto\Antigravity\DynamicPlatform\src\Platform.Engine\Models\SecurityMetadata.cs'. [C:\Sudipto\Antigravity\DynamicPlatform\ClinicSimulator.csproj]
C:\Sudipto\Antigravity\DynamicPlatform\src\Platform.Engine\Services\MetadataLoader.cs(66,49): warning CS0436: The type 'Artifact' in 'C:\Sudipto\Antigravity\DynamicPlatform\src\Platform.Core\Domain\Entities\Artifact.cs' conflicts with the imported type 'Artifact' in 'Platform.Core, Version=1.0.0.0, Culture=neutral, PublicKeyToken=null'. Using the type defined in 'C:\Sudipto\Antigravity\DynamicPlatform\src\Platform.Core\Domain\Entities\Artifact.cs'. [C:\Sudipto\Antigravity\DynamicPlatform\ClinicSimulator.csproj]
C:\Sudipto\Antigravity\DynamicPlatform\src\Platform.Engine\Services\MetadataLoader.cs(66,12): warning CS0436: The type 'AppUserMetadata' in 'C:\Sudipto\Antigravity\DynamicPlatform\src\Platform.Engine\Models\AppUserMetadata.cs' conflicts with the imported type 'AppUserMetadata' in 'Platform.Engine, Version=1.0.0.0, Culture=neutral, PublicKeyToken=null'. Using the type defined in 'C:\Sudipto\Antigravity\DynamicPlatform\src\Platform.Engine\Models\AppUserMetadata.cs'. [C:\Sudipto\Antigravity\DynamicPlatform\ClinicSimulator.csproj]
C:\Sudipto\Antigravity\DynamicPlatform\src\Platform.Engine\Services\MetadataLoader.cs(83,51): warning CS0436: The type 'Artifact' in 'C:\Sudipto\Antigravity\DynamicPlatform\src\Platform.Core\Domain\Entities\Artifact.cs' conflicts with the imported type 'Artifact' in 'Platform.Core, Version=1.0.0.0, Culture=neutral, PublicKeyToken=null'. Using the type defined in 'C:\Sudipto\Antigravity\DynamicPlatform\src\Platform.Core\Domain\Entities\Artifact.cs'. [C:\Sudipto\Antigravity\DynamicPlatform\ClinicSimulator.csproj]
C:\Sudipto\Antigravity\DynamicPlatform\src\Platform.Engine\Services\MetadataLoader.cs(83,12): warning CS0436: The type 'WorkflowMetadata' in 'C:\Sudipto\Antigravity\DynamicPlatform\src\Platform.Engine\Models\WorkflowMetadata.cs' conflicts with the imported type 'WorkflowMetadata' in 'Platform.Engine, Version=1.0.0.0, Culture=neutral, PublicKeyToken=null'. Using the type defined in 'C:\Sudipto\Antigravity\DynamicPlatform\src\Platform.Engine\Models\WorkflowMetadata.cs'. [C:\Sudipto\Antigravity\DynamicPlatform\ClinicSimulator.csproj]
C:\Sudipto\Antigravity\DynamicPlatform\src\Platform.Engine\Services\MetadataLoader.cs(97,43): warning CS0436: The type 'Artifact' in 'C:\Sudipto\Antigravity\DynamicPlatform\src\Platform.Core\Domain\Entities\Artifact.cs' conflicts with the imported type 'Artifact' in 'Platform.Core, Version=1.0.0.0, Culture=neutral, PublicKeyToken=null'. Using the type defined in 'C:\Sudipto\Antigravity\DynamicPlatform\src\Platform.Core\Domain\Entities\Artifact.cs'. [C:\Sudipto\Antigravity\DynamicPlatform\ClinicSimulator.csproj]
C:\Sudipto\Antigravity\DynamicPlatform\src\Platform.Engine\Services\MetadataLoader.cs(97,12): warning CS0436: The type 'PageMetadata' in 'C:\Sudipto\Antigravity\DynamicPlatform\src\Platform.Engine\Models\EngineModels.cs' conflicts with the imported type 'PageMetadata' in 'Platform.Engine, Version=1.0.0.0, Culture=neutral, PublicKeyToken=null'. Using the type defined in 'C:\Sudipto\Antigravity\DynamicPlatform\src\Platform.Engine\Models\EngineModels.cs'. [C:\Sudipto\Antigravity\DynamicPlatform\ClinicSimulator.csproj]
C:\Sudipto\Antigravity\DynamicPlatform\src\Platform.Engine\Services\MetadataLoader.cs(114,59): warning CS0436: The type 'Artifact' in 'C:\Sudipto\Antigravity\DynamicPlatform\src\Platform.Core\Domain\Entities\Artifact.cs' conflicts with the imported type 'Artifact' in 'Platform.Core, Version=1.0.0.0, Culture=neutral, PublicKeyToken=null'. Using the type defined in 'C:\Sudipto\Antigravity\DynamicPlatform\src\Platform.Core\Domain\Entities\Artifact.cs'. [C:\Sudipto\Antigravity\DynamicPlatform\ClinicSimulator.csproj]
C:\Sudipto\Antigravity\DynamicPlatform\src\Platform.Engine\Services\MetadataLoader.cs(114,12): warning CS0436: The type 'CustomObjectMetadata' in 'C:\Sudipto\Antigravity\DynamicPlatform\src\Platform.Engine\Models\EngineModels.cs' conflicts with the imported type 'CustomObjectMetadata' in 'Platform.Engine, Version=1.0.0.0, Culture=neutral, PublicKeyToken=null'. Using the type defined in 'C:\Sudipto\Antigravity\DynamicPlatform\src\Platform.Engine\Models\EngineModels.cs'. [C:\Sudipto\Antigravity\DynamicPlatform\ClinicSimulator.csproj]
C:\Sudipto\Antigravity\DynamicPlatform\src\Platform.Engine\Services\MetadataLoader.cs(131,43): warning CS0436: The type 'Artifact' in 'C:\Sudipto\Antigravity\DynamicPlatform\src\Platform.Core\Domain\Entities\Artifact.cs' conflicts with the imported type 'Artifact' in 'Platform.Core, Version=1.0.0.0, Culture=neutral, PublicKeyToken=null'. Using the type defined in 'C:\Sudipto\Antigravity\DynamicPlatform\src\Platform.Core\Domain\Entities\Artifact.cs'. [C:\Sudipto\Antigravity\DynamicPlatform\ClinicSimulator.csproj]
C:\Sudipto\Antigravity\DynamicPlatform\src\Platform.Engine\Services\MetadataLoader.cs(131,12): warning CS0436: The type 'EnumMetadata' in 'C:\Sudipto\Antigravity\DynamicPlatform\src\Platform.Engine\Models\EngineModels.cs' conflicts with the imported type 'EnumMetadata' in 'Platform.Engine, Version=1.0.0.0, Culture=neutral, PublicKeyToken=null'. Using the type defined in 'C:\Sudipto\Antigravity\DynamicPlatform\src\Platform.Engine\Models\EngineModels.cs'. [C:\Sudipto\Antigravity\DynamicPlatform\ClinicSimulator.csproj]
C:\Sudipto\Antigravity\DynamicPlatform\src\Platform.Engine\Models\EngineModels.cs(11,17): warning CS0436: The type 'FieldMetadata' in 'C:\Sudipto\Antigravity\DynamicPlatform\src\Platform.Engine\Models\EngineModels.cs' conflicts with the imported type 'FieldMetadata' in 'Platform.Engine, Version=1.0.0.0, Culture=neutral, PublicKeyToken=null'. Using the type defined in 'C:\Sudipto\Antigravity\DynamicPlatform\src\Platform.Engine\Models\EngineModels.cs'. [C:\Sudipto\Antigravity\DynamicPlatform\ClinicSimulator.csproj]
C:\Sudipto\Antigravity\DynamicPlatform\src\Platform.Engine\Models\EngineModels.cs(12,17): warning CS0436: The type 'RelationMetadata' in 'C:\Sudipto\Antigravity\DynamicPlatform\src\Platform.Engine\Models\EngineModels.cs' conflicts with the imported type 'RelationMetadata' in 'Platform.Engine, Version=1.0.0.0, Culture=neutral, PublicKeyToken=null'. Using the type defined in 'C:\Sudipto\Antigravity\DynamicPlatform\src\Platform.Engine\Models\EngineModels.cs'. [C:\Sudipto\Antigravity\DynamicPlatform\ClinicSimulator.csproj]
C:\Sudipto\Antigravity\DynamicPlatform\src\Platform.Engine\Models\EngineModels.cs(13,12): warning CS0436: The type 'EntityEventConfig' in 'C:\Sudipto\Antigravity\DynamicPlatform\src\Platform.Engine\Models\EngineModels.cs' conflicts with the imported type 'EntityEventConfig' in 'Platform.Engine, Version=1.0.0.0, Culture=neutral, PublicKeyToken=null'. Using the type defined in 'C:\Sudipto\Antigravity\DynamicPlatform\src\Platform.Engine\Models\EngineModels.cs'. [C:\Sudipto\Antigravity\DynamicPlatform\ClinicSimulator.csproj]
C:\Sudipto\Antigravity\DynamicPlatform\src\Platform.Engine\Models\EngineModels.cs(30,17): warning CS0436: The type 'ValidationRule' in 'C:\Sudipto\Antigravity\DynamicPlatform\src\Platform.Engine\Models\EngineModels.cs' conflicts with the imported type 'ValidationRule' in 'Platform.Engine, Version=1.0.0.0, Culture=neutral, PublicKeyToken=null'. Using the type defined in 'C:\Sudipto\Antigravity\DynamicPlatform\src\Platform.Engine\Models\EngineModels.cs'. [C:\Sudipto\Antigravity\DynamicPlatform\ClinicSimulator.csproj]
C:\Sudipto\Antigravity\DynamicPlatform\src\Platform.Engine\Models\EngineModels.cs(49,17): warning CS0436: The type 'EnumValue' in 'C:\Sudipto\Antigravity\DynamicPlatform\src\Platform.Engine\Models\EngineModels.cs' conflicts with the imported type 'EnumValue' in 'Platform.Engine, Version=1.0.0.0, Culture=neutral, PublicKeyToken=null'. Using the type defined in 'C:\Sudipto\Antigravity\DynamicPlatform\src\Platform.Engine\Models\EngineModels.cs'. [C:\Sudipto\Antigravity\DynamicPlatform\ClinicSimulator.csproj]
C:\Sudipto\Antigravity\DynamicPlatform\src\Platform.Infrastructure\Data\PlatformDbContext.cs(12,18): warning CS0436: The type 'Tenant' in 'C:\Sudipto\Antigravity\DynamicPlatform\src\Platform.Core\Domain\Entities\Tenant.cs' conflicts with the imported type 'Tenant' in 'Platform.Core, Version=1.0.0.0, Culture=neutral, PublicKeyToken=null'. Using the type defined in 'C:\Sudipto\Antigravity\DynamicPlatform\src\Platform.Core\Domain\Entities\Tenant.cs'. [C:\Sudipto\Antigravity\DynamicPlatform\ClinicSimulator.csproj]
C:\Sudipto\Antigravity\DynamicPlatform\src\Platform.Infrastructure\Data\PlatformDbContext.cs(13,18): warning CS0436: The type 'Project' in 'C:\Sudipto\Antigravity\DynamicPlatform\src\Platform.Core\Domain\Entities\Project.cs' conflicts with the imported type 'Project' in 'Platform.Core, Version=1.0.0.0, Culture=neutral, PublicKeyToken=null'. Using the type defined in 'C:\Sudipto\Antigravity\DynamicPlatform\src\Platform.Core\Domain\Entities\Project.cs'. [C:\Sudipto\Antigravity\DynamicPlatform\ClinicSimulator.csproj]
C:\Sudipto\Antigravity\DynamicPlatform\src\Platform.Infrastructure\Data\PlatformDbContext.cs(14,18): warning CS0436: The type 'Artifact' in 'C:\Sudipto\Antigravity\DynamicPlatform\src\Platform.Core\Domain\Entities\Artifact.cs' conflicts with the imported type 'Artifact' in 'Platform.Core, Version=1.0.0.0, Culture=neutral, PublicKeyToken=null'. Using the type defined in 'C:\Sudipto\Antigravity\DynamicPlatform\src\Platform.Core\Domain\Entities\Artifact.cs'. [C:\Sudipto\Antigravity\DynamicPlatform\ClinicSimulator.csproj]
C:\Sudipto\Antigravity\DynamicPlatform\src\Platform.Engine\Models\EngineModels.cs(77,12): warning CS0436: The type 'RelationType' in 'C:\Sudipto\Antigravity\DynamicPlatform\src\Platform.Engine\Models\EngineModels.cs' conflicts with the imported type 'RelationType' in 'Platform.Engine, Version=1.0.0.0, Culture=neutral, PublicKeyToken=null'. Using the type defined in 'C:\Sudipto\Antigravity\DynamicPlatform\src\Platform.Engine\Models\EngineModels.cs'. [C:\Sudipto\Antigravity\DynamicPlatform\ClinicSimulator.csproj]
C:\Sudipto\Antigravity\DynamicPlatform\src\Platform.Engine\Models\EngineModels.cs(89,17): warning CS0436: The type 'WidgetMetadata' in 'C:\Sudipto\Antigravity\DynamicPlatform\src\Platform.Engine\Models\EngineModels.cs' conflicts with the imported type 'WidgetMetadata' in 'Platform.Engine, Version=1.0.0.0, Culture=neutral, PublicKeyToken=null'. Using the type defined in 'C:\Sudipto\Antigravity\DynamicPlatform\src\Platform.Engine\Models\EngineModels.cs'. [C:\Sudipto\Antigravity\DynamicPlatform\ClinicSimulator.csproj]
C:\Sudipto\Antigravity\DynamicPlatform\src\Platform.Engine\Models\EngineModels.cs(96,12): warning CS0436: The type 'WidgetLayout' in 'C:\Sudipto\Antigravity\DynamicPlatform\src\Platform.Engine\Models\EngineModels.cs' conflicts with the imported type 'WidgetLayout' in 'Platform.Engine, Version=1.0.0.0, Culture=neutral, PublicKeyToken=null'. Using the type defined in 'C:\Sudipto\Antigravity\DynamicPlatform\src\Platform.Engine\Models\EngineModels.cs'. [C:\Sudipto\Antigravity\DynamicPlatform\ClinicSimulator.csproj]
C:\Sudipto\Antigravity\DynamicPlatform\src\Platform.Engine\Models\EngineModels.cs(97,12): warning CS0436: The type 'WidgetConfig' in 'C:\Sudipto\Antigravity\DynamicPlatform\src\Platform.Engine\Models\EngineModels.cs' conflicts with the imported type 'WidgetConfig' in 'Platform.Engine, Version=1.0.0.0, Culture=neutral, PublicKeyToken=null'. Using the type defined in 'C:\Sudipto\Antigravity\DynamicPlatform\src\Platform.Engine\Models\EngineModels.cs'. [C:\Sudipto\Antigravity\DynamicPlatform\ClinicSimulator.csproj]
C:\Sudipto\Antigravity\DynamicPlatform\src\Platform.Engine\Models\EngineModels.cs(98,12): warning CS0436: The type 'WidgetDataSource' in 'C:\Sudipto\Antigravity\DynamicPlatform\src\Platform.Engine\Models\EngineModels.cs' conflicts with the imported type 'WidgetDataSource' in 'Platform.Engine, Version=1.0.0.0, Culture=neutral, PublicKeyToken=null'. Using the type defined in 'C:\Sudipto\Antigravity\DynamicPlatform\src\Platform.Engine\Models\EngineModels.cs'. [C:\Sudipto\Antigravity\DynamicPlatform\ClinicSimulator.csproj]
C:\Sudipto\Antigravity\DynamicPlatform\src\Platform.Engine\Models\EngineModels.cs(103,12): warning CS0436: The type 'GridDimension' in 'C:\Sudipto\Antigravity\DynamicPlatform\src\Platform.Engine\Models\EngineModels.cs' conflicts with the imported type 'GridDimension' in 'Platform.Engine, Version=1.0.0.0, Culture=neutral, PublicKeyToken=null'. Using the type defined in 'C:\Sudipto\Antigravity\DynamicPlatform\src\Platform.Engine\Models\EngineModels.cs'. [C:\Sudipto\Antigravity\DynamicPlatform\ClinicSimulator.csproj]
C:\Sudipto\Antigravity\DynamicPlatform\src\Platform.Engine\Models\EngineModels.cs(104,12): warning CS0436: The type 'GridDimension' in 'C:\Sudipto\Antigravity\DynamicPlatform\src\Platform.Engine\Models\EngineModels.cs' conflicts with the imported type 'GridDimension' in 'Platform.Engine, Version=1.0.0.0, Culture=neutral, PublicKeyToken=null'. Using the type defined in 'C:\Sudipto\Antigravity\DynamicPlatform\src\Platform.Engine\Models\EngineModels.cs'. [C:\Sudipto\Antigravity\DynamicPlatform\ClinicSimulator.csproj]
C:\Sudipto\Antigravity\DynamicPlatform\src\Platform.Engine\Models\EngineModels.cs(105,12): warning CS0436: The type 'GridDimension' in 'C:\Sudipto\Antigravity\DynamicPlatform\src\Platform.Engine\Models\EngineModels.cs' conflicts with the imported type 'GridDimension' in 'Platform.Engine, Version=1.0.0.0, Culture=neutral, PublicKeyToken=null'. Using the type defined in 'C:\Sudipto\Antigravity\DynamicPlatform\src\Platform.Engine\Models\EngineModels.cs'. [C:\Sudipto\Antigravity\DynamicPlatform\ClinicSimulator.csproj]
C:\Sudipto\Antigravity\DynamicPlatform\src\Platform.Engine\Models\EngineModels.cs(133,12): warning CS0436: The type 'PaginationConfig' in 'C:\Sudipto\Antigravity\DynamicPlatform\src\Platform.Engine\Models\EngineModels.cs' conflicts with the imported type 'PaginationConfig' in 'Platform.Engine, Version=1.0.0.0, Culture=neutral, PublicKeyToken=null'. Using the type defined in 'C:\Sudipto\Antigravity\DynamicPlatform\src\Platform.Engine\Models\EngineModels.cs'. [C:\Sudipto\Antigravity\DynamicPlatform\ClinicSimulator.csproj]
C:\Sudipto\Antigravity\DynamicPlatform\src\Platform.Engine\Models\EngineModels.cs(148,17): warning CS0436: The type 'CustomField' in 'C:\Sudipto\Antigravity\DynamicPlatform\src\Platform.Engine\Models\EngineModels.cs' conflicts with the imported type 'CustomField' in 'Platform.Engine, Version=1.0.0.0, Culture=neutral, PublicKeyToken=null'. Using the type defined in 'C:\Sudipto\Antigravity\DynamicPlatform\src\Platform.Engine\Models\EngineModels.cs'. [C:\Sudipto\Antigravity\DynamicPlatform\ClinicSimulator.csproj]
C:\Sudipto\Antigravity\DynamicPlatform\src\Platform.Infrastructure\Data\PlatformDbContext.cs(8,47): warning CS0436: The type 'PlatformDbContext' in 'C:\Sudipto\Antigravity\DynamicPlatform\src\Platform.Infrastructure\Data\PlatformDbContext.cs' conflicts with the imported type 'PlatformDbContext' in 'Platform.Infrastructure, Version=1.0.0.0, Culture=neutral, PublicKeyToken=null'. Using the type defined in 'C:\Sudipto\Antigravity\DynamicPlatform\src\Platform.Infrastructure\Data\PlatformDbContext.cs'. [C:\Sudipto\Antigravity\DynamicPlatform\ClinicSimulator.csproj]
C:\Sudipto\Antigravity\DynamicPlatform\src\Platform.Engine\Models\SecurityMetadata.cs(7,17): warning CS0436: The type 'RoleDefinition' in 'C:\Sudipto\Antigravity\DynamicPlatform\src\Platform.Engine\Models\SecurityMetadata.cs' conflicts with the imported type 'RoleDefinition' in 'Platform.Engine, Version=1.0.0.0, Culture=neutral, PublicKeyToken=null'. Using the type defined in 'C:\Sudipto\Antigravity\DynamicPlatform\src\Platform.Engine\Models\SecurityMetadata.cs'. [C:\Sudipto\Antigravity\DynamicPlatform\ClinicSimulator.csproj]
C:\Sudipto\Antigravity\DynamicPlatform\src\Platform.Engine\Models\SecurityMetadata.cs(14,17): warning CS0436: The type 'PermissionDefinition' in 'C:\Sudipto\Antigravity\DynamicPlatform\src\Platform.Engine\Models\SecurityMetadata.cs' conflicts with the imported type 'PermissionDefinition' in 'Platform.Engine, Version=1.0.0.0, Culture=neutral, PublicKeyToken=null'. Using the type defined in 'C:\Sudipto\Antigravity\DynamicPlatform\src\Platform.Engine\Models\SecurityMetadata.cs'. [C:\Sudipto\Antigravity\DynamicPlatform\ClinicSimulator.csproj]
C:\Sudipto\Antigravity\DynamicPlatform\src\Platform.Engine\Models\SecurityMetadata.cs(8,17): warning CS0436: The type 'MenuDefinition' in 'C:\Sudipto\Antigravity\DynamicPlatform\src\Platform.Engine\Models\SecurityMetadata.cs' conflicts with the imported type 'MenuDefinition' in 'Platform.Engine, Version=1.0.0.0, Culture=neutral, PublicKeyToken=null'. Using the type defined in 'C:\Sudipto\Antigravity\DynamicPlatform\src\Platform.Engine\Models\SecurityMetadata.cs'. [C:\Sudipto\Antigravity\DynamicPlatform\ClinicSimulator.csproj]
C:\Sudipto\Antigravity\DynamicPlatform\src\Platform.Core\Common\Result.cs(23,60): warning CS8604: Possible null reference argument for parameter 'value' in 'Result<T>.Result(T value, bool isSuccess, string error)'. [C:\Sudipto\Antigravity\DynamicPlatform\ClinicSimulator.csproj]
C:\Sudipto\Antigravity\DynamicPlatform\src\Platform.Core\Domain\Entities\Tenant.cs(21,75): warning CS0436: The type 'Project' in 'C:\Sudipto\Antigravity\DynamicPlatform\src\Platform.Core\Domain\Entities\Project.cs' conflicts with the imported type 'Project' in 'Platform.Core, Version=1.0.0.0, Culture=neutral, PublicKeyToken=null'. Using the type defined in 'C:\Sudipto\Antigravity\DynamicPlatform\src\Platform.Core\Domain\Entities\Project.cs'. [C:\Sudipto\Antigravity\DynamicPlatform\ClinicSimulator.csproj]
C:\Sudipto\Antigravity\DynamicPlatform\src\Platform.Core\Domain\Entities\Artifact.cs(25,28): warning CS8618: Non-nullable property 'Project' must contain a non-null value when exiting constructor. Consider adding the 'required' modifier or declaring the property as nullable. [C:\Sudipto\Antigravity\DynamicPlatform\ClinicSimulator.csproj]
C:\Sudipto\Antigravity\DynamicPlatform\src\Platform.Engine\Models\EngineModels.cs(77,46): warning CS0436: The type 'RelationType' in 'C:\Sudipto\Antigravity\DynamicPlatform\src\Platform.Engine\Models\EngineModels.cs' conflicts with the imported type 'RelationType' in 'Platform.Engine, Version=1.0.0.0, Culture=neutral, PublicKeyToken=null'. Using the type defined in 'C:\Sudipto\Antigravity\DynamicPlatform\src\Platform.Engine\Models\EngineModels.cs'. [C:\Sudipto\Antigravity\DynamicPlatform\ClinicSimulator.csproj]
C:\Sudipto\Antigravity\DynamicPlatform\src\Platform.Infrastructure\Data\PlatformDbContext.cs(21,29): warning CS0436: The type 'Project' in 'C:\Sudipto\Antigravity\DynamicPlatform\src\Platform.Core\Domain\Entities\Project.cs' conflicts with the imported type 'Project' in 'Platform.Core, Version=1.0.0.0, Culture=neutral, PublicKeyToken=null'. Using the type defined in 'C:\Sudipto\Antigravity\DynamicPlatform\src\Platform.Core\Domain\Entities\Project.cs'. [C:\Sudipto\Antigravity\DynamicPlatform\ClinicSimulator.csproj]
C:\Sudipto\Antigravity\DynamicPlatform\src\Platform.Infrastructure\Data\PlatformDbContext.cs(28,29): warning CS0436: The type 'Artifact' in 'C:\Sudipto\Antigravity\DynamicPlatform\src\Platform.Core\Domain\Entities\Artifact.cs' conflicts with the imported type 'Artifact' in 'Platform.Core, Version=1.0.0.0, Culture=neutral, PublicKeyToken=null'. Using the type defined in 'C:\Sudipto\Antigravity\DynamicPlatform\src\Platform.Core\Domain\Entities\Artifact.cs'. [C:\Sudipto\Antigravity\DynamicPlatform\ClinicSimulator.csproj]
C:\Sudipto\Antigravity\DynamicPlatform\src\Platform.Infrastructure\Data\PlatformDbContext.cs(34,29): warning CS0436: The type 'Artifact' in 'C:\Sudipto\Antigravity\DynamicPlatform\src\Platform.Core\Domain\Entities\Artifact.cs' conflicts with the imported type 'Artifact' in 'Platform.Core, Version=1.0.0.0, Culture=neutral, PublicKeyToken=null'. Using the type defined in 'C:\Sudipto\Antigravity\DynamicPlatform\src\Platform.Core\Domain\Entities\Artifact.cs'. [C:\Sudipto\Antigravity\DynamicPlatform\ClinicSimulator.csproj]
C:\Sudipto\Antigravity\DynamicPlatform\ClinicSimulator.cs(30,31): warning CS0436: The type 'PlatformDbContext' in 'C:\Sudipto\Antigravity\DynamicPlatform\src\Platform.Infrastructure\Data\PlatformDbContext.cs' conflicts with the imported type 'PlatformDbContext' in 'Platform.Infrastructure, Version=1.0.0.0, Culture=neutral, PublicKeyToken=null'. Using the type defined in 'C:\Sudipto\Antigravity\DynamicPlatform\src\Platform.Infrastructure\Data\PlatformDbContext.cs'. [C:\Sudipto\Antigravity\DynamicPlatform\ClinicSimulator.csproj]
C:\Sudipto\Antigravity\DynamicPlatform\ClinicSimulator.cs(32,28): warning CS0436: The type 'IArtifactRepository' in 'C:\Sudipto\Antigravity\DynamicPlatform\src\Platform.Core\Interfaces\IArtifactRepository.cs' conflicts with the imported type 'IArtifactRepository' in 'Platform.Core, Version=1.0.0.0, Culture=neutral, PublicKeyToken=null'. Using the type defined in 'C:\Sudipto\Antigravity\DynamicPlatform\src\Platform.Core\Interfaces\IArtifactRepository.cs'. [C:\Sudipto\Antigravity\DynamicPlatform\ClinicSimulator.csproj]
C:\Sudipto\Antigravity\DynamicPlatform\ClinicSimulator.cs(32,49): warning CS0436: The type 'ArtifactRepository' in 'C:\Sudipto\Antigravity\DynamicPlatform\src\Platform.Infrastructure\Data\Repositories\ArtifactRepository.cs' conflicts with the imported type 'ArtifactRepository' in 'Platform.Infrastructure, Version=1.0.0.0, Culture=neutral, PublicKeyToken=null'. Using the type defined in 'C:\Sudipto\Antigravity\DynamicPlatform\src\Platform.Infrastructure\Data\Repositories\ArtifactRepository.cs'. [C:\Sudipto\Antigravity\DynamicPlatform\ClinicSimulator.csproj]
C:\Sudipto\Antigravity\DynamicPlatform\ClinicSimulator.cs(33,28): warning CS0436: The type 'EntityGenerator' in 'C:\Sudipto\Antigravity\DynamicPlatform\src\Platform.Engine\Generators\EntityGenerator.cs' conflicts with the imported type 'EntityGenerator' in 'Platform.Engine, Version=1.0.0.0, Culture=neutral, PublicKeyToken=null'. Using the type defined in 'C:\Sudipto\Antigravity\DynamicPlatform\src\Platform.Engine\Generators\EntityGenerator.cs'. [C:\Sudipto\Antigravity\DynamicPlatform\ClinicSimulator.csproj]
C:\Sudipto\Antigravity\DynamicPlatform\ClinicSimulator.cs(34,28): warning CS0436: The type 'DbContextGenerator' in 'C:\Sudipto\Antigravity\DynamicPlatform\src\Platform.Engine\Generators\DbContextGenerator.cs' conflicts with the imported type 'DbContextGenerator' in 'Platform.Engine, Version=1.0.0.0, Culture=neutral, PublicKeyToken=null'. Using the type defined in 'C:\Sudipto\Antigravity\DynamicPlatform\src\Platform.Engine\Generators\DbContextGenerator.cs'. [C:\Sudipto\Antigravity\DynamicPlatform\ClinicSimulator.csproj]
C:\Sudipto\Antigravity\DynamicPlatform\ClinicSimulator.cs(35,28): warning CS0436: The type 'RepositoryGenerator' in 'C:\Sudipto\Antigravity\DynamicPlatform\src\Platform.Engine\Generators\RepositoryGenerator.cs' conflicts with the imported type 'RepositoryGenerator' in 'Platform.Engine, Version=1.0.0.0, Culture=neutral, PublicKeyToken=null'. Using the type defined in 'C:\Sudipto\Antigravity\DynamicPlatform\src\Platform.Engine\Generators\RepositoryGenerator.cs'. [C:\Sudipto\Antigravity\DynamicPlatform\ClinicSimulator.csproj]
C:\Sudipto\Antigravity\DynamicPlatform\ClinicSimulator.cs(36,28): warning CS0436: The type 'ControllerGenerator' in 'C:\Sudipto\Antigravity\DynamicPlatform\src\Platform.Engine\Generators\ControllerGenerator.cs' conflicts with the imported type 'ControllerGenerator' in 'Platform.Engine, Version=1.0.0.0, Culture=neutral, PublicKeyToken=null'. Using the type defined in 'C:\Sudipto\Antigravity\DynamicPlatform\src\Platform.Engine\Generators\ControllerGenerator.cs'. [C:\Sudipto\Antigravity\DynamicPlatform\ClinicSimulator.csproj]
C:\Sudipto\Antigravity\DynamicPlatform\ClinicSimulator.cs(37,28): warning CS0436: The type 'ProjectGenerator' in 'C:\Sudipto\Antigravity\DynamicPlatform\src\Platform.Engine\Generators\ProjectGenerator.cs' conflicts with the imported type 'ProjectGenerator' in 'Platform.Engine, Version=1.0.0.0, Culture=neutral, PublicKeyToken=null'. Using the type defined in 'C:\Sudipto\Antigravity\DynamicPlatform\src\Platform.Engine\Generators\ProjectGenerator.cs'. [C:\Sudipto\Antigravity\DynamicPlatform\ClinicSimulator.csproj]
C:\Sudipto\Antigravity\DynamicPlatform\ClinicSimulator.cs(38,28): warning CS0436: The type 'ConnectorGenerator' in 'C:\Sudipto\Antigravity\DynamicPlatform\src\Platform.Engine\Generators\ConnectorGenerator.cs' conflicts with the imported type 'ConnectorGenerator' in 'Platform.Engine, Version=1.0.0.0, Culture=neutral, PublicKeyToken=null'. Using the type defined in 'C:\Sudipto\Antigravity\DynamicPlatform\src\Platform.Engine\Generators\ConnectorGenerator.cs'. [C:\Sudipto\Antigravity\DynamicPlatform\ClinicSimulator.csproj]
C:\Sudipto\Antigravity\DynamicPlatform\ClinicSimulator.cs(39,28): warning CS0436: The type 'SecurityGenerator' in 'C:\Sudipto\Antigravity\DynamicPlatform\src\Platform.Engine\Generators\SecurityGenerator.cs' conflicts with the imported type 'SecurityGenerator' in 'Platform.Engine, Version=1.0.0.0, Culture=neutral, PublicKeyToken=null'. Using the type defined in 'C:\Sudipto\Antigravity\DynamicPlatform\src\Platform.Engine\Generators\SecurityGenerator.cs'. [C:\Sudipto\Antigravity\DynamicPlatform\ClinicSimulator.csproj]
C:\Sudipto\Antigravity\DynamicPlatform\ClinicSimulator.cs(40,28): warning CS0436: The type 'FrontendGenerator' in 'C:\Sudipto\Antigravity\DynamicPlatform\src\Platform.Engine\Generators\FrontendGenerator.cs' conflicts with the imported type 'FrontendGenerator' in 'Platform.Engine, Version=1.0.0.0, Culture=neutral, PublicKeyToken=null'. Using the type defined in 'C:\Sudipto\Antigravity\DynamicPlatform\src\Platform.Engine\Generators\FrontendGenerator.cs'. [C:\Sudipto\Antigravity\DynamicPlatform\ClinicSimulator.csproj]
C:\Sudipto\Antigravity\DynamicPlatform\ClinicSimulator.cs(41,28): warning CS0436: The type 'AngularComponentGenerator' in 'C:\Sudipto\Antigravity\DynamicPlatform\src\Platform.Engine\Generators\AngularComponentGenerator.cs' conflicts with the imported type 'AngularComponentGenerator' in 'Platform.Engine, Version=1.0.0.0, Culture=neutral, PublicKeyToken=null'. Using the type defined in 'C:\Sudipto\Antigravity\DynamicPlatform\src\Platform.Engine\Generators\AngularComponentGenerator.cs'. [C:\Sudipto\Antigravity\DynamicPlatform\ClinicSimulator.csproj]
C:\Sudipto\Antigravity\DynamicPlatform\ClinicSimulator.cs(42,28): warning CS0436: The type 'MetadataLoader' in 'C:\Sudipto\Antigravity\DynamicPlatform\src\Platform.Engine\Services\MetadataLoader.cs' conflicts with the imported type 'MetadataLoader' in 'Platform.Engine, Version=1.0.0.0, Culture=neutral, PublicKeyToken=null'. Using the type defined in 'C:\Sudipto\Antigravity\DynamicPlatform\src\Platform.Engine\Services\MetadataLoader.cs'. [C:\Sudipto\Antigravity\DynamicPlatform\ClinicSimulator.csproj]
C:\Sudipto\Antigravity\DynamicPlatform\ClinicSimulator.cs(43,28): warning CS0436: The type 'RelationNormalizationService' in 'C:\Sudipto\Antigravity\DynamicPlatform\src\Platform.Engine\Services\RelationNormalizationService.cs' conflicts with the imported type 'RelationNormalizationService' in 'Platform.Engine, Version=1.0.0.0, Culture=neutral, PublicKeyToken=null'. Using the type defined in 'C:\Sudipto\Antigravity\DynamicPlatform\src\Platform.Engine\Services\RelationNormalizationService.cs'. [C:\Sudipto\Antigravity\DynamicPlatform\ClinicSimulator.csproj]
C:\Sudipto\Antigravity\DynamicPlatform\src\Platform.Engine\Generators\FrontendGenerator.cs(18,35): warning CS0436: The type 'DashboardGenerator' in 'C:\Sudipto\Antigravity\DynamicPlatform\src\Platform.Engine\Generators\DashboardGenerator.cs' conflicts with the imported type 'DashboardGenerator' in 'Platform.Engine, Version=1.0.0.0, Culture=neutral, PublicKeyToken=null'. Using the type defined in 'C:\Sudipto\Antigravity\DynamicPlatform\src\Platform.Engine\Generators\DashboardGenerator.cs'. [C:\Sudipto\Antigravity\DynamicPlatform\ClinicSimulator.csproj]
C:\Sudipto\Antigravity\DynamicPlatform\src\Platform.Engine\Services\MetadataLoader.cs(17,30): warning CS0436: The type 'ArtifactType' in 'C:\Sudipto\Antigravity\DynamicPlatform\src\Platform.Core\Domain\Entities\Artifact.cs' conflicts with the imported type 'ArtifactType' in 'Platform.Core, Version=1.0.0.0, Culture=neutral, PublicKeyToken=null'. Using the type defined in 'C:\Sudipto\Antigravity\DynamicPlatform\src\Platform.Core\Domain\Entities\Artifact.cs'. [C:\Sudipto\Antigravity\DynamicPlatform\ClinicSimulator.csproj]
C:\Sudipto\Antigravity\DynamicPlatform\src\Platform.Engine\Services\MetadataLoader.cs(24,47): warning CS0436: The type 'EntityMetadata' in 'C:\Sudipto\Antigravity\DynamicPlatform\src\Platform.Engine\Models\EngineModels.cs' conflicts with the imported type 'EntityMetadata' in 'Platform.Engine, Version=1.0.0.0, Culture=neutral, PublicKeyToken=null'. Using the type defined in 'C:\Sudipto\Antigravity\DynamicPlatform\src\Platform.Engine\Models\EngineModels.cs'. [C:\Sudipto\Antigravity\DynamicPlatform\ClinicSimulator.csproj]
C:\Sudipto\Antigravity\DynamicPlatform\src\Platform.Engine\Services\MetadataLoader.cs(34,30): warning CS0436: The type 'ArtifactType' in 'C:\Sudipto\Antigravity\DynamicPlatform\src\Platform.Core\Domain\Entities\Artifact.cs' conflicts with the imported type 'ArtifactType' in 'Platform.Core, Version=1.0.0.0, Culture=neutral, PublicKeyToken=null'. Using the type defined in 'C:\Sudipto\Antigravity\DynamicPlatform\src\Platform.Core\Domain\Entities\Artifact.cs'. [C:\Sudipto\Antigravity\DynamicPlatform\ClinicSimulator.csproj]
C:\Sudipto\Antigravity\DynamicPlatform\src\Platform.Engine\Services\MetadataLoader.cs(41,47): warning CS0436: The type 'ConnectorMetadata' in 'C:\Sudipto\Antigravity\DynamicPlatform\src\Platform.Engine\Models\ConnectorMetadata.cs' conflicts with the imported type 'ConnectorMetadata' in 'Platform.Engine, Version=1.0.0.0, Culture=neutral, PublicKeyToken=null'. Using the type defined in 'C:\Sudipto\Antigravity\DynamicPlatform\src\Platform.Engine\Models\ConnectorMetadata.cs'. [C:\Sudipto\Antigravity\DynamicPlatform\ClinicSimulator.csproj]
C:\Sudipto\Antigravity\DynamicPlatform\src\Platform.Engine\Services\MetadataLoader.cs(51,30): warning CS0436: The type 'ArtifactType' in 'C:\Sudipto\Antigravity\DynamicPlatform\src\Platform.Core\Domain\Entities\Artifact.cs' conflicts with the imported type 'ArtifactType' in 'Platform.Core, Version=1.0.0.0, Culture=neutral, PublicKeyToken=null'. Using the type defined in 'C:\Sudipto\Antigravity\DynamicPlatform\src\Platform.Core\Domain\Entities\Artifact.cs'. [C:\Sudipto\Antigravity\DynamicPlatform\ClinicSimulator.csproj]
C:\Sudipto\Antigravity\DynamicPlatform\src\Platform.Engine\Services\MetadataLoader.cs(58,47): warning CS0436: The type 'SecurityMetadata' in 'C:\Sudipto\Antigravity\DynamicPlatform\src\Platform.Engine\Models\SecurityMetadata.cs' conflicts with the imported type 'SecurityMetadata' in 'Platform.Engine, Version=1.0.0.0, Culture=neutral, PublicKeyToken=null'. Using the type defined in 'C:\Sudipto\Antigravity\DynamicPlatform\src\Platform.Engine\Models\SecurityMetadata.cs'. [C:\Sudipto\Antigravity\DynamicPlatform\ClinicSimulator.csproj]
C:\Sudipto\Antigravity\DynamicPlatform\src\Platform.Engine\Services\MetadataLoader.cs(68,30): warning CS0436: The type 'ArtifactType' in 'C:\Sudipto\Antigravity\DynamicPlatform\src\Platform.Core\Domain\Entities\Artifact.cs' conflicts with the imported type 'ArtifactType' in 'Platform.Core, Version=1.0.0.0, Culture=neutral, PublicKeyToken=null'. Using the type defined in 'C:\Sudipto\Antigravity\DynamicPlatform\src\Platform.Core\Domain\Entities\Artifact.cs'. [C:\Sudipto\Antigravity\DynamicPlatform\ClinicSimulator.csproj]
C:\Sudipto\Antigravity\DynamicPlatform\src\Platform.Engine\Services\MetadataLoader.cs(75,47): warning CS0436: The type 'AppUserMetadata' in 'C:\Sudipto\Antigravity\DynamicPlatform\src\Platform.Engine\Models\AppUserMetadata.cs' conflicts with the imported type 'AppUserMetadata' in 'Platform.Engine, Version=1.0.0.0, Culture=neutral, PublicKeyToken=null'. Using the type defined in 'C:\Sudipto\Antigravity\DynamicPlatform\src\Platform.Engine\Models\AppUserMetadata.cs'. [C:\Sudipto\Antigravity\DynamicPlatform\ClinicSimulator.csproj]
C:\Sudipto\Antigravity\DynamicPlatform\src\Platform.Engine\Services\MetadataLoader.cs(85,30): warning CS0436: The type 'ArtifactType' in 'C:\Sudipto\Antigravity\DynamicPlatform\src\Platform.Core\Domain\Entities\Artifact.cs' conflicts with the imported type 'ArtifactType' in 'Platform.Core, Version=1.0.0.0, Culture=neutral, PublicKeyToken=null'. Using the type defined in 'C:\Sudipto\Antigravity\DynamicPlatform\src\Platform.Core\Domain\Entities\Artifact.cs'. [C:\Sudipto\Antigravity\DynamicPlatform\ClinicSimulator.csproj]
C:\Sudipto\Antigravity\DynamicPlatform\src\Platform.Engine\Services\MetadataLoader.cs(90,20): warning CS0436: The type 'WorkflowMetadata' in 'C:\Sudipto\Antigravity\DynamicPlatform\src\Platform.Engine\Models\WorkflowMetadata.cs' conflicts with the imported type 'WorkflowMetadata' in 'Platform.Engine, Version=1.0.0.0, Culture=neutral, PublicKeyToken=null'. Using the type defined in 'C:\Sudipto\Antigravity\DynamicPlatform\src\Platform.Engine\Models\WorkflowMetadata.cs'. [C:\Sudipto\Antigravity\DynamicPlatform\ClinicSimulator.csproj]
C:\Sudipto\Antigravity\DynamicPlatform\src\Platform.Engine\Services\MetadataLoader.cs(99,30): warning CS0436: The type 'ArtifactType' in 'C:\Sudipto\Antigravity\DynamicPlatform\src\Platform.Core\Domain\Entities\Artifact.cs' conflicts with the imported type 'ArtifactType' in 'Platform.Core, Version=1.0.0.0, Culture=neutral, PublicKeyToken=null'. Using the type defined in 'C:\Sudipto\Antigravity\DynamicPlatform\src\Platform.Core\Domain\Entities\Artifact.cs'. [C:\Sudipto\Antigravity\DynamicPlatform\ClinicSimulator.csproj]
C:\Sudipto\Antigravity\DynamicPlatform\src\Platform.Engine\Services\MetadataLoader.cs(106,47): warning CS0436: The type 'PageMetadata' in 'C:\Sudipto\Antigravity\DynamicPlatform\src\Platform.Engine\Models\EngineModels.cs' conflicts with the imported type 'PageMetadata' in 'Platform.Engine, Version=1.0.0.0, Culture=neutral, PublicKeyToken=null'. Using the type defined in 'C:\Sudipto\Antigravity\DynamicPlatform\src\Platform.Engine\Models\EngineModels.cs'. [C:\Sudipto\Antigravity\DynamicPlatform\ClinicSimulator.csproj]
C:\Sudipto\Antigravity\DynamicPlatform\src\Platform.Engine\Services\MetadataLoader.cs(116,30): warning CS0436: The type 'ArtifactType' in 'C:\Sudipto\Antigravity\DynamicPlatform\src\Platform.Core\Domain\Entities\Artifact.cs' conflicts with the imported type 'ArtifactType' in 'Platform.Core, Version=1.0.0.0, Culture=neutral, PublicKeyToken=null'. Using the type defined in 'C:\Sudipto\Antigravity\DynamicPlatform\src\Platform.Core\Domain\Entities\Artifact.cs'. [C:\Sudipto\Antigravity\DynamicPlatform\ClinicSimulator.csproj]
C:\Sudipto\Antigravity\DynamicPlatform\src\Platform.Engine\Services\MetadataLoader.cs(123,47): warning CS0436: The type 'CustomObjectMetadata' in 'C:\Sudipto\Antigravity\DynamicPlatform\src\Platform.Engine\Models\EngineModels.cs' conflicts with the imported type 'CustomObjectMetadata' in 'Platform.Engine, Version=1.0.0.0, Culture=neutral, PublicKeyToken=null'. Using the type defined in 'C:\Sudipto\Antigravity\DynamicPlatform\src\Platform.Engine\Models\EngineModels.cs'. [C:\Sudipto\Antigravity\DynamicPlatform\ClinicSimulator.csproj]
C:\Sudipto\Antigravity\DynamicPlatform\src\Platform.Engine\Services\RelationNormalizationService.cs(13,31): warning CS0436: The type 'EntityMetadata' in 'C:\Sudipto\Antigravity\DynamicPlatform\src\Platform.Engine\Models\EngineModels.cs' conflicts with the imported type 'EntityMetadata' in 'Platform.Engine, Version=1.0.0.0, Culture=neutral, PublicKeyToken=null'. Using the type defined in 'C:\Sudipto\Antigravity\DynamicPlatform\src\Platform.Engine\Models\EngineModels.cs'. [C:\Sudipto\Antigravity\DynamicPlatform\ClinicSimulator.csproj]
C:\Sudipto\Antigravity\DynamicPlatform\src\Platform.Engine\Services\RelationNormalizationService.cs(29,73): warning CS0436: The type 'RelationType' in 'C:\Sudipto\Antigravity\DynamicPlatform\src\Platform.Engine\Models\EngineModels.cs' conflicts with the imported type 'RelationType' in 'Platform.Engine, Version=1.0.0.0, Culture=neutral, PublicKeyToken=null'. Using the type defined in 'C:\Sudipto\Antigravity\DynamicPlatform\src\Platform.Engine\Models\EngineModels.cs'. [C:\Sudipto\Antigravity\DynamicPlatform\ClinicSimulator.csproj]
C:\Sudipto\Antigravity\DynamicPlatform\src\Platform.Engine\Services\RelationNormalizationService.cs(53,32): warning CS0436: The type 'RelationType' in 'C:\Sudipto\Antigravity\DynamicPlatform\src\Platform.Engine\Models\EngineModels.cs' conflicts with the imported type 'RelationType' in 'Platform.Engine, Version=1.0.0.0, Culture=neutral, PublicKeyToken=null'. Using the type defined in 'C:\Sudipto\Antigravity\DynamicPlatform\src\Platform.Engine\Models\EngineModels.cs'. [C:\Sudipto\Antigravity\DynamicPlatform\ClinicSimulator.csproj]
C:\Sudipto\Antigravity\DynamicPlatform\src\Platform.Engine\Services\RelationNormalizationService.cs(62,40): warning CS0436: The type 'EntityMetadata' in 'C:\Sudipto\Antigravity\DynamicPlatform\src\Platform.Engine\Models\EngineModels.cs' conflicts with the imported type 'EntityMetadata' in 'Platform.Engine, Version=1.0.0.0, Culture=neutral, PublicKeyToken=null'. Using the type defined in 'C:\Sudipto\Antigravity\DynamicPlatform\src\Platform.Engine\Models\EngineModels.cs'. [C:\Sudipto\Antigravity\DynamicPlatform\ClinicSimulator.csproj]
C:\Sudipto\Antigravity\DynamicPlatform\src\Platform.Engine\Services\RelationNormalizationService.cs(67,39): warning CS0436: The type 'FieldMetadata' in 'C:\Sudipto\Antigravity\DynamicPlatform\src\Platform.Engine\Models\EngineModels.cs' conflicts with the imported type 'FieldMetadata' in 'Platform.Engine, Version=1.0.0.0, Culture=neutral, PublicKeyToken=null'. Using the type defined in 'C:\Sudipto\Antigravity\DynamicPlatform\src\Platform.Engine\Models\EngineModels.cs'. [C:\Sudipto\Antigravity\DynamicPlatform\ClinicSimulator.csproj]
C:\Sudipto\Antigravity\DynamicPlatform\src\Platform.Engine\Services\RelationNormalizationService.cs(72,48): warning CS0436: The type 'RelationMetadata' in 'C:\Sudipto\Antigravity\DynamicPlatform\src\Platform.Engine\Models\EngineModels.cs' conflicts with the imported type 'RelationMetadata' in 'Platform.Engine, Version=1.0.0.0, Culture=neutral, PublicKeyToken=null'. Using the type defined in 'C:\Sudipto\Antigravity\DynamicPlatform\src\Platform.Engine\Models\EngineModels.cs'. [C:\Sudipto\Antigravity\DynamicPlatform\ClinicSimulator.csproj]
C:\Sudipto\Antigravity\DynamicPlatform\src\Platform.Engine\Services\RelationNormalizationService.cs(75,28): warning CS0436: The type 'RelationType' in 'C:\Sudipto\Antigravity\DynamicPlatform\src\Platform.Engine\Models\EngineModels.cs' conflicts with the imported type 'RelationType' in 'Platform.Engine, Version=1.0.0.0, Culture=neutral, PublicKeyToken=null'. Using the type defined in 'C:\Sudipto\Antigravity\DynamicPlatform\src\Platform.Engine\Models\EngineModels.cs'. [C:\Sudipto\Antigravity\DynamicPlatform\ClinicSimulator.csproj]
C:\Sudipto\Antigravity\DynamicPlatform\src\Platform.Engine\Services\RelationNormalizationService.cs(81,48): warning CS0436: The type 'RelationMetadata' in 'C:\Sudipto\Antigravity\DynamicPlatform\src\Platform.Engine\Models\EngineModels.cs' conflicts with the imported type 'RelationMetadata' in 'Platform.Engine, Version=1.0.0.0, Culture=neutral, PublicKeyToken=null'. Using the type defined in 'C:\Sudipto\Antigravity\DynamicPlatform\src\Platform.Engine\Models\EngineModels.cs'. [C:\Sudipto\Antigravity\DynamicPlatform\ClinicSimulator.csproj]
C:\Sudipto\Antigravity\DynamicPlatform\src\Platform.Engine\Services\RelationNormalizationService.cs(84,28): warning CS0436: The type 'RelationType' in 'C:\Sudipto\Antigravity\DynamicPlatform\src\Platform.Engine\Models\EngineModels.cs' conflicts with the imported type 'RelationType' in 'Platform.Engine, Version=1.0.0.0, Culture=neutral, PublicKeyToken=null'. Using the type defined in 'C:\Sudipto\Antigravity\DynamicPlatform\src\Platform.Engine\Models\EngineModels.cs'. [C:\Sudipto\Antigravity\DynamicPlatform\ClinicSimulator.csproj]
C:\Sudipto\Antigravity\DynamicPlatform\src\Platform.Engine\Services\RelationNormalizationService.cs(93,28): warning CS0436: The type 'RelationType' in 'C:\Sudipto\Antigravity\DynamicPlatform\src\Platform.Engine\Models\EngineModels.cs' conflicts with the imported type 'RelationType' in 'Platform.Engine, Version=1.0.0.0, Culture=neutral, PublicKeyToken=null'. Using the type defined in 'C:\Sudipto\Antigravity\DynamicPlatform\src\Platform.Engine\Models\EngineModels.cs'. [C:\Sudipto\Antigravity\DynamicPlatform\ClinicSimulator.csproj]
C:\Sudipto\Antigravity\DynamicPlatform\src\Platform.Engine\Services\RelationNormalizationService.cs(100,31): warning CS0436: The type 'RelationType' in 'C:\Sudipto\Antigravity\DynamicPlatform\src\Platform.Engine\Models\EngineModels.cs' conflicts with the imported type 'RelationType' in 'Platform.Engine, Version=1.0.0.0, Culture=neutral, PublicKeyToken=null'. Using the type defined in 'C:\Sudipto\Antigravity\DynamicPlatform\src\Platform.Engine\Models\EngineModels.cs'. [C:\Sudipto\Antigravity\DynamicPlatform\ClinicSimulator.csproj]
C:\Sudipto\Antigravity\DynamicPlatform\src\Platform.Engine\Services\RelationNormalizationService.cs(105,39): warning CS0436: The type 'RelationType' in 'C:\Sudipto\Antigravity\DynamicPlatform\src\Platform.Engine\Models\EngineModels.cs' conflicts with the imported type 'RelationType' in 'Platform.Engine, Version=1.0.0.0, Culture=neutral, PublicKeyToken=null'. Using the type defined in 'C:\Sudipto\Antigravity\DynamicPlatform\src\Platform.Engine\Models\EngineModels.cs'. [C:\Sudipto\Antigravity\DynamicPlatform\ClinicSimulator.csproj]
C:\Sudipto\Antigravity\DynamicPlatform\src\Platform.Engine\Services\MetadataLoader.cs(133,30): warning CS0436: The type 'ArtifactType' in 'C:\Sudipto\Antigravity\DynamicPlatform\src\Platform.Core\Domain\Entities\Artifact.cs' conflicts with the imported type 'ArtifactType' in 'Platform.Core, Version=1.0.0.0, Culture=neutral, PublicKeyToken=null'. Using the type defined in 'C:\Sudipto\Antigravity\DynamicPlatform\src\Platform.Core\Domain\Entities\Artifact.cs'. [C:\Sudipto\Antigravity\DynamicPlatform\ClinicSimulator.csproj]
C:\Sudipto\Antigravity\DynamicPlatform\src\Platform.Engine\Services\MetadataLoader.cs(140,47): warning CS0436: The type 'EnumMetadata' in 'C:\Sudipto\Antigravity\DynamicPlatform\src\Platform.Engine\Models\EngineModels.cs' conflicts with the imported type 'EnumMetadata' in 'Platform.Engine, Version=1.0.0.0, Culture=neutral, PublicKeyToken=null'. Using the type defined in 'C:\Sudipto\Antigravity\DynamicPlatform\src\Platform.Engine\Models\EngineModels.cs'. [C:\Sudipto\Antigravity\DynamicPlatform\ClinicSimulator.csproj]
C:\Sudipto\Antigravity\DynamicPlatform\ClinicSimulator.cs(53,61): warning CS0436: The type 'IArtifactRepository' in 'C:\Sudipto\Antigravity\DynamicPlatform\src\Platform.Core\Interfaces\IArtifactRepository.cs' conflicts with the imported type 'IArtifactRepository' in 'Platform.Core, Version=1.0.0.0, Culture=neutral, PublicKeyToken=null'. Using the type defined in 'C:\Sudipto\Antigravity\DynamicPlatform\src\Platform.Core\Interfaces\IArtifactRepository.cs'. [C:\Sudipto\Antigravity\DynamicPlatform\ClinicSimulator.csproj]
C:\Sudipto\Antigravity\DynamicPlatform\ClinicSimulator.cs(54,59): warning CS0436: The type 'PlatformDbContext' in 'C:\Sudipto\Antigravity\DynamicPlatform\src\Platform.Infrastructure\Data\PlatformDbContext.cs' conflicts with the imported type 'PlatformDbContext' in 'Platform.Infrastructure, Version=1.0.0.0, Culture=neutral, PublicKeyToken=null'. Using the type defined in 'C:\Sudipto\Antigravity\DynamicPlatform\src\Platform.Infrastructure\Data\PlatformDbContext.cs'. [C:\Sudipto\Antigravity\DynamicPlatform\ClinicSimulator.csproj]
C:\Sudipto\Antigravity\DynamicPlatform\ClinicSimulator.cs(57,26): warning CS0436: The type 'Tenant' in 'C:\Sudipto\Antigravity\DynamicPlatform\src\Platform.Core\Domain\Entities\Tenant.cs' conflicts with the imported type 'Tenant' in 'Platform.Core, Version=1.0.0.0, Culture=neutral, PublicKeyToken=null'. Using the type defined in 'C:\Sudipto\Antigravity\DynamicPlatform\src\Platform.Core\Domain\Entities\Tenant.cs'. [C:\Sudipto\Antigravity\DynamicPlatform\ClinicSimulator.csproj]
C:\Sudipto\Antigravity\DynamicPlatform\ClinicSimulator.cs(61,27): warning CS0436: The type 'Project' in 'C:\Sudipto\Antigravity\DynamicPlatform\src\Platform.Core\Domain\Entities\Project.cs' conflicts with the imported type 'Project' in 'Platform.Core, Version=1.0.0.0, Culture=neutral, PublicKeyToken=null'. Using the type defined in 'C:\Sudipto\Antigravity\DynamicPlatform\src\Platform.Core\Domain\Entities\Project.cs'. [C:\Sudipto\Antigravity\DynamicPlatform\ClinicSimulator.csproj]
C:\Sudipto\Antigravity\DynamicPlatform\ClinicSimulator.cs(96,63): warning CS0436: The type 'MetadataLoader' in 'C:\Sudipto\Antigravity\DynamicPlatform\src\Platform.Engine\Services\MetadataLoader.cs' conflicts with the imported type 'MetadataLoader' in 'Platform.Engine, Version=1.0.0.0, Culture=neutral, PublicKeyToken=null'. Using the type defined in 'C:\Sudipto\Antigravity\DynamicPlatform\src\Platform.Engine\Services\MetadataLoader.cs'. [C:\Sudipto\Antigravity\DynamicPlatform\ClinicSimulator.csproj]
C:\Sudipto\Antigravity\DynamicPlatform\ClinicSimulator.cs(97,72): warning CS0436: The type 'RelationNormalizationService' in 'C:\Sudipto\Antigravity\DynamicPlatform\src\Platform.Engine\Services\RelationNormalizationService.cs' conflicts with the imported type 'RelationNormalizationService' in 'Platform.Engine, Version=1.0.0.0, Culture=neutral, PublicKeyToken=null'. Using the type defined in 'C:\Sudipto\Antigravity\DynamicPlatform\src\Platform.Engine\Services\RelationNormalizationService.cs'. [C:\Sudipto\Antigravity\DynamicPlatform\ClinicSimulator.csproj]
C:\Sudipto\Antigravity\DynamicPlatform\ClinicSimulator.cs(100,35): warning CS0436: The type 'ArtifactType' in 'C:\Sudipto\Antigravity\DynamicPlatform\src\Platform.Core\Domain\Entities\Artifact.cs' conflicts with the imported type 'ArtifactType' in 'Platform.Core, Version=1.0.0.0, Culture=neutral, PublicKeyToken=null'. Using the type defined in 'C:\Sudipto\Antigravity\DynamicPlatform\src\Platform.Core\Domain\Entities\Artifact.cs'. [C:\Sudipto\Antigravity\DynamicPlatform\ClinicSimulator.csproj]
C:\Sudipto\Antigravity\DynamicPlatform\ClinicSimulator.cs(105,35): warning CS0436: The type 'ArtifactType' in 'C:\Sudipto\Antigravity\DynamicPlatform\src\Platform.Core\Domain\Entities\Artifact.cs' conflicts with the imported type 'ArtifactType' in 'Platform.Core, Version=1.0.0.0, Culture=neutral, PublicKeyToken=null'. Using the type defined in 'C:\Sudipto\Antigravity\DynamicPlatform\src\Platform.Core\Domain\Entities\Artifact.cs'. [C:\Sudipto\Antigravity\DynamicPlatform\ClinicSimulator.csproj]
C:\Sudipto\Antigravity\DynamicPlatform\ClinicSimulator.cs(109,50): warning CS8620: Argument of type 'List<EntityMetadata?>' cannot be used for parameter 'entities' of type 'List<EntityMetadata>' in 'List<EntityMetadata> RelationNormalizationService.Normalize(List<EntityMetadata> entities)' due to differences in the nullability of reference types. [C:\Sudipto\Antigravity\DynamicPlatform\ClinicSimulator.csproj]
C:\Sudipto\Antigravity\DynamicPlatform\ClinicSimulator.cs(197,24): warning CS0436: The type 'EntityMetadata' in 'C:\Sudipto\Antigravity\DynamicPlatform\src\Platform.Engine\Models\EngineModels.cs' conflicts with the imported type 'EntityMetadata' in 'Platform.Engine, Version=1.0.0.0, Culture=neutral, PublicKeyToken=null'. Using the type defined in 'C:\Sudipto\Antigravity\DynamicPlatform\src\Platform.Engine\Models\EngineModels.cs'. [C:\Sudipto\Antigravity\DynamicPlatform\ClinicSimulator.csproj]
C:\Sudipto\Antigravity\DynamicPlatform\ClinicSimulator.cs(200,31): warning CS0436: The type 'FieldMetadata' in 'C:\Sudipto\Antigravity\DynamicPlatform\src\Platform.Engine\Models\EngineModels.cs' conflicts with the imported type 'FieldMetadata' in 'Platform.Engine, Version=1.0.0.0, Culture=neutral, PublicKeyToken=null'. Using the type defined in 'C:\Sudipto\Antigravity\DynamicPlatform\src\Platform.Engine\Models\EngineModels.cs'. [C:\Sudipto\Antigravity\DynamicPlatform\ClinicSimulator.csproj]
C:\Sudipto\Antigravity\DynamicPlatform\ClinicSimulator.cs(206,33): warning CS0436: The type 'Artifact' in 'C:\Sudipto\Antigravity\DynamicPlatform\src\Platform.Core\Domain\Entities\Artifact.cs' conflicts with the imported type 'Artifact' in 'Platform.Core, Version=1.0.0.0, Culture=neutral, PublicKeyToken=null'. Using the type defined in 'C:\Sudipto\Antigravity\DynamicPlatform\src\Platform.Core\Domain\Entities\Artifact.cs'. [C:\Sudipto\Antigravity\DynamicPlatform\ClinicSimulator.csproj]
C:\Sudipto\Antigravity\DynamicPlatform\ClinicSimulator.cs(206,93): warning CS0436: The type 'ArtifactType' in 'C:\Sudipto\Antigravity\DynamicPlatform\src\Platform.Core\Domain\Entities\Artifact.cs' conflicts with the imported type 'ArtifactType' in 'Platform.Core, Version=1.0.0.0, Culture=neutral, PublicKeyToken=null'. Using the type defined in 'C:\Sudipto\Antigravity\DynamicPlatform\src\Platform.Core\Domain\Entities\Artifact.cs'. [C:\Sudipto\Antigravity\DynamicPlatform\ClinicSimulator.csproj]
C:\Sudipto\Antigravity\DynamicPlatform\ClinicSimulator.cs(211,24): warning CS0436: The type 'EntityMetadata' in 'C:\Sudipto\Antigravity\DynamicPlatform\src\Platform.Engine\Models\EngineModels.cs' conflicts with the imported type 'EntityMetadata' in 'Platform.Engine, Version=1.0.0.0, Culture=neutral, PublicKeyToken=null'. Using the type defined in 'C:\Sudipto\Antigravity\DynamicPlatform\src\Platform.Engine\Models\EngineModels.cs'. [C:\Sudipto\Antigravity\DynamicPlatform\ClinicSimulator.csproj]
C:\Sudipto\Antigravity\DynamicPlatform\ClinicSimulator.cs(214,31): warning CS0436: The type 'FieldMetadata' in 'C:\Sudipto\Antigravity\DynamicPlatform\src\Platform.Engine\Models\EngineModels.cs' conflicts with the imported type 'FieldMetadata' in 'Platform.Engine, Version=1.0.0.0, Culture=neutral, PublicKeyToken=null'. Using the type defined in 'C:\Sudipto\Antigravity\DynamicPlatform\src\Platform.Engine\Models\EngineModels.cs'. [C:\Sudipto\Antigravity\DynamicPlatform\ClinicSimulator.csproj]
C:\Sudipto\Antigravity\DynamicPlatform\ClinicSimulator.cs(220,34): warning CS0436: The type 'RelationMetadata' in 'C:\Sudipto\Antigravity\DynamicPlatform\src\Platform.Engine\Models\EngineModels.cs' conflicts with the imported type 'RelationMetadata' in 'Platform.Engine, Version=1.0.0.0, Culture=neutral, PublicKeyToken=null'. Using the type defined in 'C:\Sudipto\Antigravity\DynamicPlatform\src\Platform.Engine\Models\EngineModels.cs'. [C:\Sudipto\Antigravity\DynamicPlatform\ClinicSimulator.csproj]
C:\Sudipto\Antigravity\DynamicPlatform\ClinicSimulator.cs(222,65): warning CS0436: The type 'RelationType' in 'C:\Sudipto\Antigravity\DynamicPlatform\src\Platform.Engine\Models\EngineModels.cs' conflicts with the imported type 'RelationType' in 'Platform.Engine, Version=1.0.0.0, Culture=neutral, PublicKeyToken=null'. Using the type defined in 'C:\Sudipto\Antigravity\DynamicPlatform\src\Platform.Engine\Models\EngineModels.cs'. [C:\Sudipto\Antigravity\DynamicPlatform\ClinicSimulator.csproj]
C:\Sudipto\Antigravity\DynamicPlatform\ClinicSimulator.cs(225,33): warning CS0436: The type 'Artifact' in 'C:\Sudipto\Antigravity\DynamicPlatform\src\Platform.Core\Domain\Entities\Artifact.cs' conflicts with the imported type 'Artifact' in 'Platform.Core, Version=1.0.0.0, Culture=neutral, PublicKeyToken=null'. Using the type defined in 'C:\Sudipto\Antigravity\DynamicPlatform\src\Platform.Core\Domain\Entities\Artifact.cs'. [C:\Sudipto\Antigravity\DynamicPlatform\ClinicSimulator.csproj]
C:\Sudipto\Antigravity\DynamicPlatform\ClinicSimulator.cs(225,93): warning CS0436: The type 'ArtifactType' in 'C:\Sudipto\Antigravity\DynamicPlatform\src\Platform.Core\Domain\Entities\Artifact.cs' conflicts with the imported type 'ArtifactType' in 'Platform.Core, Version=1.0.0.0, Culture=neutral, PublicKeyToken=null'. Using the type defined in 'C:\Sudipto\Antigravity\DynamicPlatform\src\Platform.Core\Domain\Entities\Artifact.cs'. [C:\Sudipto\Antigravity\DynamicPlatform\ClinicSimulator.csproj]
C:\Sudipto\Antigravity\DynamicPlatform\ClinicSimulator.cs(230,24): warning CS0436: The type 'EntityMetadata' in 'C:\Sudipto\Antigravity\DynamicPlatform\src\Platform.Engine\Models\EngineModels.cs' conflicts with the imported type 'EntityMetadata' in 'Platform.Engine, Version=1.0.0.0, Culture=neutral, PublicKeyToken=null'. Using the type defined in 'C:\Sudipto\Antigravity\DynamicPlatform\src\Platform.Engine\Models\EngineModels.cs'. [C:\Sudipto\Antigravity\DynamicPlatform\ClinicSimulator.csproj]
C:\Sudipto\Antigravity\DynamicPlatform\ClinicSimulator.cs(233,31): warning CS0436: The type 'FieldMetadata' in 'C:\Sudipto\Antigravity\DynamicPlatform\src\Platform.Engine\Models\EngineModels.cs' conflicts with the imported type 'FieldMetadata' in 'Platform.Engine, Version=1.0.0.0, Culture=neutral, PublicKeyToken=null'. Using the type defined in 'C:\Sudipto\Antigravity\DynamicPlatform\src\Platform.Engine\Models\EngineModels.cs'. [C:\Sudipto\Antigravity\DynamicPlatform\ClinicSimulator.csproj]
C:\Sudipto\Antigravity\DynamicPlatform\ClinicSimulator.cs(239,33): warning CS0436: The type 'Artifact' in 'C:\Sudipto\Antigravity\DynamicPlatform\src\Platform.Core\Domain\Entities\Artifact.cs' conflicts with the imported type 'Artifact' in 'Platform.Core, Version=1.0.0.0, Culture=neutral, PublicKeyToken=null'. Using the type defined in 'C:\Sudipto\Antigravity\DynamicPlatform\src\Platform.Core\Domain\Entities\Artifact.cs'. [C:\Sudipto\Antigravity\DynamicPlatform\ClinicSimulator.csproj]
C:\Sudipto\Antigravity\DynamicPlatform\ClinicSimulator.cs(239,93): warning CS0436: The type 'ArtifactType' in 'C:\Sudipto\Antigravity\DynamicPlatform\src\Platform.Core\Domain\Entities\Artifact.cs' conflicts with the imported type 'ArtifactType' in 'Platform.Core, Version=1.0.0.0, Culture=neutral, PublicKeyToken=null'. Using the type defined in 'C:\Sudipto\Antigravity\DynamicPlatform\src\Platform.Core\Domain\Entities\Artifact.cs'. [C:\Sudipto\Antigravity\DynamicPlatform\ClinicSimulator.csproj]
C:\Sudipto\Antigravity\DynamicPlatform\ClinicSimulator.cs(244,24): warning CS0436: The type 'EntityMetadata' in 'C:\Sudipto\Antigravity\DynamicPlatform\src\Platform.Engine\Models\EngineModels.cs' conflicts with the imported type 'EntityMetadata' in 'Platform.Engine, Version=1.0.0.0, Culture=neutral, PublicKeyToken=null'. Using the type defined in 'C:\Sudipto\Antigravity\DynamicPlatform\src\Platform.Engine\Models\EngineModels.cs'. [C:\Sudipto\Antigravity\DynamicPlatform\ClinicSimulator.csproj]
C:\Sudipto\Antigravity\DynamicPlatform\ClinicSimulator.cs(247,31): warning CS0436: The type 'FieldMetadata' in 'C:\Sudipto\Antigravity\DynamicPlatform\src\Platform.Engine\Models\EngineModels.cs' conflicts with the imported type 'FieldMetadata' in 'Platform.Engine, Version=1.0.0.0, Culture=neutral, PublicKeyToken=null'. Using the type defined in 'C:\Sudipto\Antigravity\DynamicPlatform\src\Platform.Engine\Models\EngineModels.cs'. [C:\Sudipto\Antigravity\DynamicPlatform\ClinicSimulator.csproj]
C:\Sudipto\Antigravity\DynamicPlatform\ClinicSimulator.cs(253,34): warning CS0436: The type 'RelationMetadata' in 'C:\Sudipto\Antigravity\DynamicPlatform\src\Platform.Engine\Models\EngineModels.cs' conflicts with the imported type 'RelationMetadata' in 'Platform.Engine, Version=1.0.0.0, Culture=neutral, PublicKeyToken=null'. Using the type defined in 'C:\Sudipto\Antigravity\DynamicPlatform\src\Platform.Engine\Models\EngineModels.cs'. [C:\Sudipto\Antigravity\DynamicPlatform\ClinicSimulator.csproj]
C:\Sudipto\Antigravity\DynamicPlatform\ClinicSimulator.cs(255,57): warning CS0436: The type 'RelationType' in 'C:\Sudipto\Antigravity\DynamicPlatform\src\Platform.Engine\Models\EngineModels.cs' conflicts with the imported type 'RelationType' in 'Platform.Engine, Version=1.0.0.0, Culture=neutral, PublicKeyToken=null'. Using the type defined in 'C:\Sudipto\Antigravity\DynamicPlatform\src\Platform.Engine\Models\EngineModels.cs'. [C:\Sudipto\Antigravity\DynamicPlatform\ClinicSimulator.csproj]
C:\Sudipto\Antigravity\DynamicPlatform\ClinicSimulator.cs(256,58): warning CS0436: The type 'RelationType' in 'C:\Sudipto\Antigravity\DynamicPlatform\src\Platform.Engine\Models\EngineModels.cs' conflicts with the imported type 'RelationType' in 'Platform.Engine, Version=1.0.0.0, Culture=neutral, PublicKeyToken=null'. Using the type defined in 'C:\Sudipto\Antigravity\DynamicPlatform\src\Platform.Engine\Models\EngineModels.cs'. [C:\Sudipto\Antigravity\DynamicPlatform\ClinicSimulator.csproj]
C:\Sudipto\Antigravity\DynamicPlatform\ClinicSimulator.cs(259,33): warning CS0436: The type 'Artifact' in 'C:\Sudipto\Antigravity\DynamicPlatform\src\Platform.Core\Domain\Entities\Artifact.cs' conflicts with the imported type 'Artifact' in 'Platform.Core, Version=1.0.0.0, Culture=neutral, PublicKeyToken=null'. Using the type defined in 'C:\Sudipto\Antigravity\DynamicPlatform\src\Platform.Core\Domain\Entities\Artifact.cs'. [C:\Sudipto\Antigravity\DynamicPlatform\ClinicSimulator.csproj]
C:\Sudipto\Antigravity\DynamicPlatform\ClinicSimulator.cs(259,93): warning CS0436: The type 'ArtifactType' in 'C:\Sudipto\Antigravity\DynamicPlatform\src\Platform.Core\Domain\Entities\Artifact.cs' conflicts with the imported type 'ArtifactType' in 'Platform.Core, Version=1.0.0.0, Culture=neutral, PublicKeyToken=null'. Using the type defined in 'C:\Sudipto\Antigravity\DynamicPlatform\src\Platform.Core\Domain\Entities\Artifact.cs'. [C:\Sudipto\Antigravity\DynamicPlatform\ClinicSimulator.csproj]
C:\Sudipto\Antigravity\DynamicPlatform\ClinicSimulator.cs(264,28): warning CS0436: The type 'WorkflowMetadata' in 'C:\Sudipto\Antigravity\DynamicPlatform\src\Platform.Engine\Models\WorkflowMetadata.cs' conflicts with the imported type 'WorkflowMetadata' in 'Platform.Engine, Version=1.0.0.0, Culture=neutral, PublicKeyToken=null'. Using the type defined in 'C:\Sudipto\Antigravity\DynamicPlatform\src\Platform.Engine\Models\WorkflowMetadata.cs'. [C:\Sudipto\Antigravity\DynamicPlatform\ClinicSimulator.csproj]
C:\Sudipto\Antigravity\DynamicPlatform\ClinicSimulator.cs(311,33): warning CS0436: The type 'Artifact' in 'C:\Sudipto\Antigravity\DynamicPlatform\src\Platform.Core\Domain\Entities\Artifact.cs' conflicts with the imported type 'Artifact' in 'Platform.Core, Version=1.0.0.0, Culture=neutral, PublicKeyToken=null'. Using the type defined in 'C:\Sudipto\Antigravity\DynamicPlatform\src\Platform.Core\Domain\Entities\Artifact.cs'. [C:\Sudipto\Antigravity\DynamicPlatform\ClinicSimulator.csproj]
C:\Sudipto\Antigravity\DynamicPlatform\ClinicSimulator.cs(315,20): warning CS0436: The type 'ArtifactType' in 'C:\Sudipto\Antigravity\DynamicPlatform\src\Platform.Core\Domain\Entities\Artifact.cs' conflicts with the imported type 'ArtifactType' in 'Platform.Core, Version=1.0.0.0, Culture=neutral, PublicKeyToken=null'. Using the type defined in 'C:\Sudipto\Antigravity\DynamicPlatform\src\Platform.Core\Domain\Entities\Artifact.cs'. [C:\Sudipto\Antigravity\DynamicPlatform\ClinicSimulator.csproj]
C:\Sudipto\Antigravity\DynamicPlatform\ClinicSimulator.cs(322,24): warning CS0436: The type 'PageMetadata' in 'C:\Sudipto\Antigravity\DynamicPlatform\src\Platform.Engine\Models\EngineModels.cs' conflicts with the imported type 'PageMetadata' in 'Platform.Engine, Version=1.0.0.0, Culture=neutral, PublicKeyToken=null'. Using the type defined in 'C:\Sudipto\Antigravity\DynamicPlatform\src\Platform.Engine\Models\EngineModels.cs'. [C:\Sudipto\Antigravity\DynamicPlatform\ClinicSimulator.csproj]
C:\Sudipto\Antigravity\DynamicPlatform\ClinicSimulator.cs(327,32): warning CS0436: The type 'WidgetMetadata' in 'C:\Sudipto\Antigravity\DynamicPlatform\src\Platform.Engine\Models\EngineModels.cs' conflicts with the imported type 'WidgetMetadata' in 'Platform.Engine, Version=1.0.0.0, Culture=neutral, PublicKeyToken=null'. Using the type defined in 'C:\Sudipto\Antigravity\DynamicPlatform\src\Platform.Engine\Models\EngineModels.cs'. [C:\Sudipto\Antigravity\DynamicPlatform\ClinicSimulator.csproj]
C:\Sudipto\Antigravity\DynamicPlatform\ClinicSimulator.cs(332,38): error CS0117: 'WidgetLayout' does not contain a definition for 'X' [C:\Sudipto\Antigravity\DynamicPlatform\ClinicSimulator.csproj]
C:\Sudipto\Antigravity\DynamicPlatform\ClinicSimulator.cs(332,45): error CS0117: 'WidgetLayout' does not contain a definition for 'Y' [C:\Sudipto\Antigravity\DynamicPlatform\ClinicSimulator.csproj]
C:\Sudipto\Antigravity\DynamicPlatform\ClinicSimulator.cs(332,52): error CS0117: 'WidgetLayout' does not contain a definition for 'W' [C:\Sudipto\Antigravity\DynamicPlatform\ClinicSimulator.csproj]
C:\Sudipto\Antigravity\DynamicPlatform\ClinicSimulator.cs(332,59): error CS0117: 'WidgetLayout' does not contain a definition for 'H' [C:\Sudipto\Antigravity\DynamicPlatform\ClinicSimulator.csproj]
C:\Sudipto\Antigravity\DynamicPlatform\ClinicSimulator.cs(339,38): error CS0117: 'WidgetLayout' does not contain a definition for 'X' [C:\Sudipto\Antigravity\DynamicPlatform\ClinicSimulator.csproj]
C:\Sudipto\Antigravity\DynamicPlatform\ClinicSimulator.cs(339,45): error CS0117: 'WidgetLayout' does not contain a definition for 'Y' [C:\Sudipto\Antigravity\DynamicPlatform\ClinicSimulator.csproj]
C:\Sudipto\Antigravity\DynamicPlatform\ClinicSimulator.cs(339,52): error CS0117: 'WidgetLayout' does not contain a definition for 'W' [C:\Sudipto\Antigravity\DynamicPlatform\ClinicSimulator.csproj]
C:\Sudipto\Antigravity\DynamicPlatform\ClinicSimulator.cs(339,59): error CS0117: 'WidgetLayout' does not contain a definition for 'H' [C:\Sudipto\Antigravity\DynamicPlatform\ClinicSimulator.csproj]
C:\Sudipto\Antigravity\DynamicPlatform\ClinicSimulator.cs(346,38): error CS0117: 'WidgetLayout' does not contain a definition for 'X' [C:\Sudipto\Antigravity\DynamicPlatform\ClinicSimulator.csproj]
C:\Sudipto\Antigravity\DynamicPlatform\ClinicSimulator.cs(346,45): error CS0117: 'WidgetLayout' does not contain a definition for 'Y' [C:\Sudipto\Antigravity\DynamicPlatform\ClinicSimulator.csproj]
C:\Sudipto\Antigravity\DynamicPlatform\ClinicSimulator.cs(346,52): error CS0117: 'WidgetLayout' does not contain a definition for 'W' [C:\Sudipto\Antigravity\DynamicPlatform\ClinicSimulator.csproj]
C:\Sudipto\Antigravity\DynamicPlatform\ClinicSimulator.cs(346,59): error CS0117: 'WidgetLayout' does not contain a definition for 'H' [C:\Sudipto\Antigravity\DynamicPlatform\ClinicSimulator.csproj]
C:\Sudipto\Antigravity\DynamicPlatform\ClinicSimulator.cs(352,33): warning CS0436: The type 'Artifact' in 'C:\Sudipto\Antigravity\DynamicPlatform\src\Platform.Core\Domain\Entities\Artifact.cs' conflicts with the imported type 'Artifact' in 'Platform.Core, Version=1.0.0.0, Culture=neutral, PublicKeyToken=null'. Using the type defined in 'C:\Sudipto\Antigravity\DynamicPlatform\src\Platform.Core\Domain\Entities\Artifact.cs'. [C:\Sudipto\Antigravity\DynamicPlatform\ClinicSimulator.csproj]
C:\Sudipto\Antigravity\DynamicPlatform\ClinicSimulator.cs(352,93): warning CS0436: The type 'ArtifactType' in 'C:\Sudipto\Antigravity\DynamicPlatform\src\Platform.Core\Domain\Entities\Artifact.cs' conflicts with the imported type 'ArtifactType' in 'Platform.Core, Version=1.0.0.0, Culture=neutral, PublicKeyToken=null'. Using the type defined in 'C:\Sudipto\Antigravity\DynamicPlatform\src\Platform.Core\Domain\Entities\Artifact.cs'. [C:\Sudipto\Antigravity\DynamicPlatform\ClinicSimulator.csproj]
C:\Sudipto\Antigravity\DynamicPlatform\ClinicSimulator.cs(357,24): warning CS0436: The type 'PageMetadata' in 'C:\Sudipto\Antigravity\DynamicPlatform\src\Platform.Engine\Models\EngineModels.cs' conflicts with the imported type 'PageMetadata' in 'Platform.Engine, Version=1.0.0.0, Culture=neutral, PublicKeyToken=null'. Using the type defined in 'C:\Sudipto\Antigravity\DynamicPlatform\src\Platform.Engine\Models\EngineModels.cs'. [C:\Sudipto\Antigravity\DynamicPlatform\ClinicSimulator.csproj]
C:\Sudipto\Antigravity\DynamicPlatform\ClinicSimulator.cs(362,32): warning CS0436: The type 'WidgetMetadata' in 'C:\Sudipto\Antigravity\DynamicPlatform\src\Platform.Engine\Models\EngineModels.cs' conflicts with the imported type 'WidgetMetadata' in 'Platform.Engine, Version=1.0.0.0, Culture=neutral, PublicKeyToken=null'. Using the type defined in 'C:\Sudipto\Antigravity\DynamicPlatform\src\Platform.Engine\Models\EngineModels.cs'. [C:\Sudipto\Antigravity\DynamicPlatform\ClinicSimulator.csproj]
C:\Sudipto\Antigravity\DynamicPlatform\ClinicSimulator.cs(367,38): error CS0117: 'WidgetLayout' does not contain a definition for 'X' [C:\Sudipto\Antigravity\DynamicPlatform\ClinicSimulator.csproj]
C:\Sudipto\Antigravity\DynamicPlatform\ClinicSimulator.cs(367,45): error CS0117: 'WidgetLayout' does not contain a definition for 'Y' [C:\Sudipto\Antigravity\DynamicPlatform\ClinicSimulator.csproj]
C:\Sudipto\Antigravity\DynamicPlatform\ClinicSimulator.cs(367,52): error CS0117: 'WidgetLayout' does not contain a definition for 'W' [C:\Sudipto\Antigravity\DynamicPlatform\ClinicSimulator.csproj]
C:\Sudipto\Antigravity\DynamicPlatform\ClinicSimulator.cs(367,59): error CS0117: 'WidgetLayout' does not contain a definition for 'H' [C:\Sudipto\Antigravity\DynamicPlatform\ClinicSimulator.csproj]
C:\Sudipto\Antigravity\DynamicPlatform\ClinicSimulator.cs(374,38): error CS0117: 'WidgetLayout' does not contain a definition for 'X' [C:\Sudipto\Antigravity\DynamicPlatform\ClinicSimulator.csproj]
C:\Sudipto\Antigravity\DynamicPlatform\ClinicSimulator.cs(374,45): error CS0117: 'WidgetLayout' does not contain a definition for 'Y' [C:\Sudipto\Antigravity\DynamicPlatform\ClinicSimulator.csproj]
C:\Sudipto\Antigravity\DynamicPlatform\ClinicSimulator.cs(374,52): error CS0117: 'WidgetLayout' does not contain a definition for 'W' [C:\Sudipto\Antigravity\DynamicPlatform\ClinicSimulator.csproj]
C:\Sudipto\Antigravity\DynamicPlatform\ClinicSimulator.cs(374,60): error CS0117: 'WidgetLayout' does not contain a definition for 'H' [C:\Sudipto\Antigravity\DynamicPlatform\ClinicSimulator.csproj]
C:\Sudipto\Antigravity\DynamicPlatform\ClinicSimulator.cs(380,33): warning CS0436: The type 'Artifact' in 'C:\Sudipto\Antigravity\DynamicPlatform\src\Platform.Core\Domain\Entities\Artifact.cs' conflicts with the imported type 'Artifact' in 'Platform.Core, Version=1.0.0.0, Culture=neutral, PublicKeyToken=null'. Using the type defined in 'C:\Sudipto\Antigravity\DynamicPlatform\src\Platform.Core\Domain\Entities\Artifact.cs'. [C:\Sudipto\Antigravity\DynamicPlatform\ClinicSimulator.csproj]
C:\Sudipto\Antigravity\DynamicPlatform\ClinicSimulator.cs(380,93): warning CS0436: The type 'ArtifactType' in 'C:\Sudipto\Antigravity\DynamicPlatform\src\Platform.Core\Domain\Entities\Artifact.cs' conflicts with the imported type 'ArtifactType' in 'Platform.Core, Version=1.0.0.0, Culture=neutral, PublicKeyToken=null'. Using the type defined in 'C:\Sudipto\Antigravity\DynamicPlatform\src\Platform.Core\Domain\Entities\Artifact.cs'. [C:\Sudipto\Antigravity\DynamicPlatform\ClinicSimulator.csproj]
C:\Sudipto\Antigravity\DynamicPlatform\ClinicSimulator.cs(385,24): warning CS0436: The type 'EnumMetadata' in 'C:\Sudipto\Antigravity\DynamicPlatform\src\Platform.Engine\Models\EngineModels.cs' conflicts with the imported type 'EnumMetadata' in 'Platform.Engine, Version=1.0.0.0, Culture=neutral, PublicKeyToken=null'. Using the type defined in 'C:\Sudipto\Antigravity\DynamicPlatform\src\Platform.Engine\Models\EngineModels.cs'. [C:\Sudipto\Antigravity\DynamicPlatform\ClinicSimulator.csproj]
C:\Sudipto\Antigravity\DynamicPlatform\ClinicSimulator.cs(389,31): warning CS0436: The type 'EnumValue' in 'C:\Sudipto\Antigravity\DynamicPlatform\src\Platform.Engine\Models\EngineModels.cs' conflicts with the imported type 'EnumValue' in 'Platform.Engine, Version=1.0.0.0, Culture=neutral, PublicKeyToken=null'. Using the type defined in 'C:\Sudipto\Antigravity\DynamicPlatform\src\Platform.Engine\Models\EngineModels.cs'. [C:\Sudipto\Antigravity\DynamicPlatform\ClinicSimulator.csproj]
C:\Sudipto\Antigravity\DynamicPlatform\ClinicSimulator.cs(397,33): warning CS0436: The type 'Artifact' in 'C:\Sudipto\Antigravity\DynamicPlatform\src\Platform.Core\Domain\Entities\Artifact.cs' conflicts with the imported type 'Artifact' in 'Platform.Core, Version=1.0.0.0, Culture=neutral, PublicKeyToken=null'. Using the type defined in 'C:\Sudipto\Antigravity\DynamicPlatform\src\Platform.Core\Domain\Entities\Artifact.cs'. [C:\Sudipto\Antigravity\DynamicPlatform\ClinicSimulator.csproj]
C:\Sudipto\Antigravity\DynamicPlatform\ClinicSimulator.cs(397,93): warning CS0436: The type 'ArtifactType' in 'C:\Sudipto\Antigravity\DynamicPlatform\src\Platform.Core\Domain\Entities\Artifact.cs' conflicts with the imported type 'ArtifactType' in 'Platform.Core, Version=1.0.0.0, Culture=neutral, PublicKeyToken=null'. Using the type defined in 'C:\Sudipto\Antigravity\DynamicPlatform\src\Platform.Core\Domain\Entities\Artifact.cs'. [C:\Sudipto\Antigravity\DynamicPlatform\ClinicSimulator.csproj]

Build FAILED.

C:\Sudipto\Antigravity\DynamicPlatform\ClinicSimulator.cs(144,44): warning CS0436: The type 'EntityMetadata' in 'C:\Sudipto\Antigravity\DynamicPlatform\src\Platform.Engine\Models\EngineModels.cs' conflicts with the imported type 'EntityMetadata' in 'Platform.Engine, Version=1.0.0.0, Culture=neutral, PublicKeyToken=null'. Using the type defined in 'C:\Sudipto\Antigravity\DynamicPlatform\src\Platform.Engine\Models\EngineModels.cs'. [C:\Sudipto\Antigravity\DynamicPlatform\ClinicSimulator.csproj]
C:\Sudipto\Antigravity\DynamicPlatform\ClinicSimulator.cs(144,75): warning CS0436: The type 'EnumMetadata' in 'C:\Sudipto\Antigravity\DynamicPlatform\src\Platform.Engine\Models\EngineModels.cs' conflicts with the imported type 'EnumMetadata' in 'Platform.Engine, Version=1.0.0.0, Culture=neutral, PublicKeyToken=null'. Using the type defined in 'C:\Sudipto\Antigravity\DynamicPlatform\src\Platform.Engine\Models\EngineModels.cs'. [C:\Sudipto\Antigravity\DynamicPlatform\ClinicSimulator.csproj]
C:\Sudipto\Antigravity\DynamicPlatform\ClinicSimulator.cs(173,39): warning CS0436: The type 'EntityMetadata' in 'C:\Sudipto\Antigravity\DynamicPlatform\src\Platform.Engine\Models\EngineModels.cs' conflicts with the imported type 'EntityMetadata' in 'Platform.Engine, Version=1.0.0.0, Culture=neutral, PublicKeyToken=null'. Using the type defined in 'C:\Sudipto\Antigravity\DynamicPlatform\src\Platform.Engine\Models\EngineModels.cs'. [C:\Sudipto\Antigravity\DynamicPlatform\ClinicSimulator.csproj]
C:\Sudipto\Antigravity\DynamicPlatform\ClinicSimulator.cs(183,45): warning CS0436: The type 'EntityMetadata' in 'C:\Sudipto\Antigravity\DynamicPlatform\src\Platform.Engine\Models\EngineModels.cs' conflicts with the imported type 'EntityMetadata' in 'Platform.Engine, Version=1.0.0.0, Culture=neutral, PublicKeyToken=null'. Using the type defined in 'C:\Sudipto\Antigravity\DynamicPlatform\src\Platform.Engine\Models\EngineModels.cs'. [C:\Sudipto\Antigravity\DynamicPlatform\ClinicSimulator.csproj]
C:\Sudipto\Antigravity\DynamicPlatform\ClinicSimulator.cs(195,51): warning CS0436: The type 'IArtifactRepository' in 'C:\Sudipto\Antigravity\DynamicPlatform\src\Platform.Core\Interfaces\IArtifactRepository.cs' conflicts with the imported type 'IArtifactRepository' in 'Platform.Core, Version=1.0.0.0, Culture=neutral, PublicKeyToken=null'. Using the type defined in 'C:\Sudipto\Antigravity\DynamicPlatform\src\Platform.Core\Interfaces\IArtifactRepository.cs'. [C:\Sudipto\Antigravity\DynamicPlatform\ClinicSimulator.csproj]
C:\Sudipto\Antigravity\DynamicPlatform\ClinicSimulator.cs(209,43): warning CS0436: The type 'IArtifactRepository' in 'C:\Sudipto\Antigravity\DynamicPlatform\src\Platform.Core\Interfaces\IArtifactRepository.cs' conflicts with the imported type 'IArtifactRepository' in 'Platform.Core, Version=1.0.0.0, Culture=neutral, PublicKeyToken=null'. Using the type defined in 'C:\Sudipto\Antigravity\DynamicPlatform\src\Platform.Core\Interfaces\IArtifactRepository.cs'. [C:\Sudipto\Antigravity\DynamicPlatform\ClinicSimulator.csproj]
C:\Sudipto\Antigravity\DynamicPlatform\ClinicSimulator.cs(228,44): warning CS0436: The type 'IArtifactRepository' in 'C:\Sudipto\Antigravity\DynamicPlatform\src\Platform.Core\Interfaces\IArtifactRepository.cs' conflicts with the imported type 'IArtifactRepository' in 'Platform.Core, Version=1.0.0.0, Culture=neutral, PublicKeyToken=null'. Using the type defined in 'C:\Sudipto\Antigravity\DynamicPlatform\src\Platform.Core\Interfaces\IArtifactRepository.cs'. [C:\Sudipto\Antigravity\DynamicPlatform\ClinicSimulator.csproj]
C:\Sudipto\Antigravity\DynamicPlatform\ClinicSimulator.cs(242,48): warning CS0436: The type 'IArtifactRepository' in 'C:\Sudipto\Antigravity\DynamicPlatform\src\Platform.Core\Interfaces\IArtifactRepository.cs' conflicts with the imported type 'IArtifactRepository' in 'Platform.Core, Version=1.0.0.0, Culture=neutral, PublicKeyToken=null'. Using the type defined in 'C:\Sudipto\Antigravity\DynamicPlatform\src\Platform.Core\Interfaces\IArtifactRepository.cs'. [C:\Sudipto\Antigravity\DynamicPlatform\ClinicSimulator.csproj]
C:\Sudipto\Antigravity\DynamicPlatform\ClinicSimulator.cs(262,51): warning CS0436: The type 'IArtifactRepository' in 'C:\Sudipto\Antigravity\DynamicPlatform\src\Platform.Core\Interfaces\IArtifactRepository.cs' conflicts with the imported type 'IArtifactRepository' in 'Platform.Core, Version=1.0.0.0, Culture=neutral, PublicKeyToken=null'. Using the type defined in 'C:\Sudipto\Antigravity\DynamicPlatform\src\Platform.Core\Interfaces\IArtifactRepository.cs'. [C:\Sudipto\Antigravity\DynamicPlatform\ClinicSimulator.csproj]
C:\Sudipto\Antigravity\DynamicPlatform\ClinicSimulator.cs(320,46): warning CS0436: The type 'IArtifactRepository' in 'C:\Sudipto\Antigravity\DynamicPlatform\src\Platform.Core\Interfaces\IArtifactRepository.cs' conflicts with the imported type 'IArtifactRepository' in 'Platform.Core, Version=1.0.0.0, Culture=neutral, PublicKeyToken=null'. Using the type defined in 'C:\Sudipto\Antigravity\DynamicPlatform\src\Platform.Core\Interfaces\IArtifactRepository.cs'. [C:\Sudipto\Antigravity\DynamicPlatform\ClinicSimulator.csproj]
C:\Sudipto\Antigravity\DynamicPlatform\ClinicSimulator.cs(355,52): warning CS0436: The type 'IArtifactRepository' in 'C:\Sudipto\Antigravity\DynamicPlatform\src\Platform.Core\Interfaces\IArtifactRepository.cs' conflicts with the imported type 'IArtifactRepository' in 'Platform.Core, Version=1.0.0.0, Culture=neutral, PublicKeyToken=null'. Using the type defined in 'C:\Sudipto\Antigravity\DynamicPlatform\src\Platform.Core\Interfaces\IArtifactRepository.cs'. [C:\Sudipto\Antigravity\DynamicPlatform\ClinicSimulator.csproj]
C:\Sudipto\Antigravity\DynamicPlatform\ClinicSimulator.cs(383,52): warning CS0436: The type 'IArtifactRepository' in 'C:\Sudipto\Antigravity\DynamicPlatform\src\Platform.Core\Interfaces\IArtifactRepository.cs' conflicts with the imported type 'IArtifactRepository' in 'Platform.Core, Version=1.0.0.0, Culture=neutral, PublicKeyToken=null'. Using the type defined in 'C:\Sudipto\Antigravity\DynamicPlatform\src\Platform.Core\Interfaces\IArtifactRepository.cs'. [C:\Sudipto\Antigravity\DynamicPlatform\ClinicSimulator.csproj]
C:\Sudipto\Antigravity\DynamicPlatform\src\Platform.Engine\Generators\AngularComponentGenerator.cs(32,28): warning CS0436: The type 'EntityMetadata' in 'C:\Sudipto\Antigravity\DynamicPlatform\src\Platform.Engine\Models\EngineModels.cs' conflicts with the imported type 'EntityMetadata' in 'Platform.Engine, Version=1.0.0.0, Culture=neutral, PublicKeyToken=null'. Using the type defined in 'C:\Sudipto\Antigravity\DynamicPlatform\src\Platform.Engine\Models\EngineModels.cs'. [C:\Sudipto\Antigravity\DynamicPlatform\ClinicSimulator.csproj]
C:\Sudipto\Antigravity\DynamicPlatform\src\Platform.Core\Integrations\IIntegrationConnector.cs(9,42): warning CS0436: The type 'IntegrationContext' in 'C:\Sudipto\Antigravity\DynamicPlatform\src\Platform.Core\Integrations\IIntegrationConnector.cs' conflicts with the imported type 'IntegrationContext' in 'Platform.Core, Version=1.0.0.0, Culture=neutral, PublicKeyToken=null'. Using the type defined in 'C:\Sudipto\Antigravity\DynamicPlatform\src\Platform.Core\Integrations\IIntegrationConnector.cs'. [C:\Sudipto\Antigravity\DynamicPlatform\ClinicSimulator.csproj]
C:\Sudipto\Antigravity\DynamicPlatform\src\Platform.Core\Integrations\IIntegrationConnector.cs(9,10): warning CS0436: The type 'IntegrationResult' in 'C:\Sudipto\Antigravity\DynamicPlatform\src\Platform.Core\Integrations\IIntegrationConnector.cs' conflicts with the imported type 'IntegrationResult' in 'Platform.Core, Version=1.0.0.0, Culture=neutral, PublicKeyToken=null'. Using the type defined in 'C:\Sudipto\Antigravity\DynamicPlatform\src\Platform.Core\Integrations\IIntegrationConnector.cs'. [C:\Sudipto\Antigravity\DynamicPlatform\ClinicSimulator.csproj]
C:\Sudipto\Antigravity\DynamicPlatform\src\Platform.Core\Common\Result.cs(22,19): warning CS0436: The type 'Result' in 'C:\Sudipto\Antigravity\DynamicPlatform\src\Platform.Core\Common\Result.cs' conflicts with the imported type 'Result' in 'Platform.Core, Version=1.0.0.0, Culture=neutral, PublicKeyToken=null'. Using the type defined in 'C:\Sudipto\Antigravity\DynamicPlatform\src\Platform.Core\Common\Result.cs'. [C:\Sudipto\Antigravity\DynamicPlatform\ClinicSimulator.csproj]
C:\Sudipto\Antigravity\DynamicPlatform\src\Platform.Core\Common\Result.cs(23,19): warning CS0436: The type 'Result<T>' in 'C:\Sudipto\Antigravity\DynamicPlatform\src\Platform.Core\Common\Result.cs' conflicts with the imported type 'Result<T>' in 'Platform.Core, Version=1.0.0.0, Culture=neutral, PublicKeyToken=null'. Using the type defined in 'C:\Sudipto\Antigravity\DynamicPlatform\src\Platform.Core\Common\Result.cs'. [C:\Sudipto\Antigravity\DynamicPlatform\ClinicSimulator.csproj]
C:\Sudipto\Antigravity\DynamicPlatform\src\Platform.Core\Common\Result.cs(25,19): warning CS0436: The type 'Result' in 'C:\Sudipto\Antigravity\DynamicPlatform\src\Platform.Core\Common\Result.cs' conflicts with the imported type 'Result' in 'Platform.Core, Version=1.0.0.0, Culture=neutral, PublicKeyToken=null'. Using the type defined in 'C:\Sudipto\Antigravity\DynamicPlatform\src\Platform.Core\Common\Result.cs'. [C:\Sudipto\Antigravity\DynamicPlatform\ClinicSimulator.csproj]
C:\Sudipto\Antigravity\DynamicPlatform\src\Platform.Core\Domain\Entities\Artifact.cs(25,20): warning CS0436: The type 'Project' in 'C:\Sudipto\Antigravity\DynamicPlatform\src\Platform.Core\Domain\Entities\Project.cs' conflicts with the imported type 'Project' in 'Platform.Core, Version=1.0.0.0, Culture=neutral, PublicKeyToken=null'. Using the type defined in 'C:\Sudipto\Antigravity\DynamicPlatform\src\Platform.Core\Domain\Entities\Project.cs'. [C:\Sudipto\Antigravity\DynamicPlatform\ClinicSimulator.csproj]
C:\Sudipto\Antigravity\DynamicPlatform\src\Platform.Core\Common\Result.cs(26,19): warning CS0436: The type 'Result<T>' in 'C:\Sudipto\Antigravity\DynamicPlatform\src\Platform.Core\Common\Result.cs' conflicts with the imported type 'Result<T>' in 'Platform.Core, Version=1.0.0.0, Culture=neutral, PublicKeyToken=null'. Using the type defined in 'C:\Sudipto\Antigravity\DynamicPlatform\src\Platform.Core\Common\Result.cs'. [C:\Sudipto\Antigravity\DynamicPlatform\ClinicSimulator.csproj]
C:\Sudipto\Antigravity\DynamicPlatform\src\Platform.Core\Domain\Entities\Artifact.cs(27,12): warning CS0436: The type 'ArtifactType' in 'C:\Sudipto\Antigravity\DynamicPlatform\src\Platform.Core\Domain\Entities\Artifact.cs' conflicts with the imported type 'ArtifactType' in 'Platform.Core, Version=1.0.0.0, Culture=neutral, PublicKeyToken=null'. Using the type defined in 'C:\Sudipto\Antigravity\DynamicPlatform\src\Platform.Core\Domain\Entities\Artifact.cs'. [C:\Sudipto\Antigravity\DynamicPlatform\ClinicSimulator.csproj]
C:\Sudipto\Antigravity\DynamicPlatform\src\Platform.Engine\Generators\ConnectorGenerator.cs(32,28): warning CS0436: The type 'ConnectorMetadata' in 'C:\Sudipto\Antigravity\DynamicPlatform\src\Platform.Engine\Models\ConnectorMetadata.cs' conflicts with the imported type 'ConnectorMetadata' in 'Platform.Engine, Version=1.0.0.0, Culture=neutral, PublicKeyToken=null'. Using the type defined in 'C:\Sudipto\Antigravity\DynamicPlatform\src\Platform.Engine\Models\ConnectorMetadata.cs'. [C:\Sudipto\Antigravity\DynamicPlatform\ClinicSimulator.csproj]
C:\Sudipto\Antigravity\DynamicPlatform\src\Platform.Engine\Generators\ControllerGenerator.cs(32,28): warning CS0436: The type 'EntityMetadata' in 'C:\Sudipto\Antigravity\DynamicPlatform\src\Platform.Engine\Models\EngineModels.cs' conflicts with the imported type 'EntityMetadata' in 'Platform.Engine, Version=1.0.0.0, Culture=neutral, PublicKeyToken=null'. Using the type defined in 'C:\Sudipto\Antigravity\DynamicPlatform\src\Platform.Engine\Models\EngineModels.cs'. [C:\Sudipto\Antigravity\DynamicPlatform\ClinicSimulator.csproj]
C:\Sudipto\Antigravity\DynamicPlatform\src\Platform.Engine\Generators\CustomObjectGenerator.cs(32,28): warning CS0436: The type 'CustomObjectMetadata' in 'C:\Sudipto\Antigravity\DynamicPlatform\src\Platform.Engine\Models\EngineModels.cs' conflicts with the imported type 'CustomObjectMetadata' in 'Platform.Engine, Version=1.0.0.0, Culture=neutral, PublicKeyToken=null'. Using the type defined in 'C:\Sudipto\Antigravity\DynamicPlatform\src\Platform.Engine\Models\EngineModels.cs'. [C:\Sudipto\Antigravity\DynamicPlatform\ClinicSimulator.csproj]
C:\Sudipto\Antigravity\DynamicPlatform\src\Platform.Engine\Generators\DashboardGenerator.cs(32,28): warning CS0436: The type 'PageMetadata' in 'C:\Sudipto\Antigravity\DynamicPlatform\src\Platform.Engine\Models\EngineModels.cs' conflicts with the imported type 'PageMetadata' in 'Platform.Engine, Version=1.0.0.0, Culture=neutral, PublicKeyToken=null'. Using the type defined in 'C:\Sudipto\Antigravity\DynamicPlatform\src\Platform.Engine\Models\EngineModels.cs'. [C:\Sudipto\Antigravity\DynamicPlatform\ClinicSimulator.csproj]
C:\Sudipto\Antigravity\DynamicPlatform\src\Platform.Engine\Generators\DbContextGenerator.cs(33,44): warning CS0436: The type 'EntityMetadata' in 'C:\Sudipto\Antigravity\DynamicPlatform\src\Platform.Engine\Models\EngineModels.cs' conflicts with the imported type 'EntityMetadata' in 'Platform.Engine, Version=1.0.0.0, Culture=neutral, PublicKeyToken=null'. Using the type defined in 'C:\Sudipto\Antigravity\DynamicPlatform\src\Platform.Engine\Models\EngineModels.cs'. [C:\Sudipto\Antigravity\DynamicPlatform\ClinicSimulator.csproj]
C:\Sudipto\Antigravity\DynamicPlatform\src\Platform.Core\Interfaces\IArtifactRepository.cs(10,22): warning CS0436: The type 'Artifact' in 'C:\Sudipto\Antigravity\DynamicPlatform\src\Platform.Core\Domain\Entities\Artifact.cs' conflicts with the imported type 'Artifact' in 'Platform.Core, Version=1.0.0.0, Culture=neutral, PublicKeyToken=null'. Using the type defined in 'C:\Sudipto\Antigravity\DynamicPlatform\src\Platform.Core\Domain\Entities\Artifact.cs'. [C:\Sudipto\Antigravity\DynamicPlatform\ClinicSimulator.csproj]
C:\Sudipto\Antigravity\DynamicPlatform\src\Platform.Engine\Generators\EntityGenerator.cs(36,28): warning CS0436: The type 'EntityMetadata' in 'C:\Sudipto\Antigravity\DynamicPlatform\src\Platform.Engine\Models\EngineModels.cs' conflicts with the imported type 'EntityMetadata' in 'Platform.Engine, Version=1.0.0.0, Culture=neutral, PublicKeyToken=null'. Using the type defined in 'C:\Sudipto\Antigravity\DynamicPlatform\src\Platform.Engine\Models\EngineModels.cs'. [C:\Sudipto\Antigravity\DynamicPlatform\ClinicSimulator.csproj]
C:\Sudipto\Antigravity\DynamicPlatform\src\Platform.Core\Interfaces\IArtifactRepository.cs(11,10): warning CS0436: The type 'Artifact' in 'C:\Sudipto\Antigravity\DynamicPlatform\src\Platform.Core\Domain\Entities\Artifact.cs' conflicts with the imported type 'Artifact' in 'Platform.Core, Version=1.0.0.0, Culture=neutral, PublicKeyToken=null'. Using the type defined in 'C:\Sudipto\Antigravity\DynamicPlatform\src\Platform.Core\Domain\Entities\Artifact.cs'. [C:\Sudipto\Antigravity\DynamicPlatform\ClinicSimulator.csproj]
C:\Sudipto\Antigravity\DynamicPlatform\src\Platform.Core\Interfaces\IArtifactRepository.cs(12,10): warning CS0436: The type 'Project' in 'C:\Sudipto\Antigravity\DynamicPlatform\src\Platform.Core\Domain\Entities\Project.cs' conflicts with the imported type 'Project' in 'Platform.Core, Version=1.0.0.0, Culture=neutral, PublicKeyToken=null'. Using the type defined in 'C:\Sudipto\Antigravity\DynamicPlatform\src\Platform.Core\Domain\Entities\Project.cs'. [C:\Sudipto\Antigravity\DynamicPlatform\ClinicSimulator.csproj]
C:\Sudipto\Antigravity\DynamicPlatform\src\Platform.Engine\Generators\EnumGenerator.cs(32,28): warning CS0436: The type 'EnumMetadata' in 'C:\Sudipto\Antigravity\DynamicPlatform\src\Platform.Engine\Models\EngineModels.cs' conflicts with the imported type 'EnumMetadata' in 'Platform.Engine, Version=1.0.0.0, Culture=neutral, PublicKeyToken=null'. Using the type defined in 'C:\Sudipto\Antigravity\DynamicPlatform\src\Platform.Engine\Models\EngineModels.cs'. [C:\Sudipto\Antigravity\DynamicPlatform\ClinicSimulator.csproj]
C:\Sudipto\Antigravity\DynamicPlatform\src\Platform.Core\Interfaces\IArtifactRepository.cs(13,19): warning CS0436: The type 'Artifact' in 'C:\Sudipto\Antigravity\DynamicPlatform\src\Platform.Core\Domain\Entities\Artifact.cs' conflicts with the imported type 'Artifact' in 'Platform.Core, Version=1.0.0.0, Culture=neutral, PublicKeyToken=null'. Using the type defined in 'C:\Sudipto\Antigravity\DynamicPlatform\src\Platform.Core\Domain\Entities\Artifact.cs'. [C:\Sudipto\Antigravity\DynamicPlatform\ClinicSimulator.csproj]
C:\Sudipto\Antigravity\DynamicPlatform\src\Platform.Core\Interfaces\IArtifactRepository.cs(14,22): warning CS0436: The type 'Artifact' in 'C:\Sudipto\Antigravity\DynamicPlatform\src\Platform.Core\Domain\Entities\Artifact.cs' conflicts with the imported type 'Artifact' in 'Platform.Core, Version=1.0.0.0, Culture=neutral, PublicKeyToken=null'. Using the type defined in 'C:\Sudipto\Antigravity\DynamicPlatform\src\Platform.Core\Domain\Entities\Artifact.cs'. [C:\Sudipto\Antigravity\DynamicPlatform\ClinicSimulator.csproj]
C:\Sudipto\Antigravity\DynamicPlatform\src\Platform.Infrastructure\Data\Repositories\ArtifactRepository.cs(11,35): warning CS0436: The type 'IArtifactRepository' in 'C:\Sudipto\Antigravity\DynamicPlatform\src\Platform.Core\Interfaces\IArtifactRepository.cs' conflicts with the imported type 'IArtifactRepository' in 'Platform.Core, Version=1.0.0.0, Culture=neutral, PublicKeyToken=null'. Using the type defined in 'C:\Sudipto\Antigravity\DynamicPlatform\src\Platform.Core\Interfaces\IArtifactRepository.cs'. [C:\Sudipto\Antigravity\DynamicPlatform\ClinicSimulator.csproj]
C:\Sudipto\Antigravity\DynamicPlatform\src\Platform.Engine\Generators\FrontendGenerator.cs(39,58): warning CS0436: The type 'SecurityMetadata' in 'C:\Sudipto\Antigravity\DynamicPlatform\src\Platform.Engine\Models\SecurityMetadata.cs' conflicts with the imported type 'SecurityMetadata' in 'Platform.Engine, Version=1.0.0.0, Culture=neutral, PublicKeyToken=null'. Using the type defined in 'C:\Sudipto\Antigravity\DynamicPlatform\src\Platform.Engine\Models\SecurityMetadata.cs'. [C:\Sudipto\Antigravity\DynamicPlatform\ClinicSimulator.csproj]
C:\Sudipto\Antigravity\DynamicPlatform\src\Platform.Engine\Generators\FrontendGenerator.cs(55,37): warning CS0436: The type 'PageMetadata' in 'C:\Sudipto\Antigravity\DynamicPlatform\src\Platform.Engine\Models\EngineModels.cs' conflicts with the imported type 'PageMetadata' in 'Platform.Engine, Version=1.0.0.0, Culture=neutral, PublicKeyToken=null'. Using the type defined in 'C:\Sudipto\Antigravity\DynamicPlatform\src\Platform.Engine\Models\EngineModels.cs'. [C:\Sudipto\Antigravity\DynamicPlatform\ClinicSimulator.csproj]
C:\Sudipto\Antigravity\DynamicPlatform\src\Platform.Engine\Generators\FrontendGenerator.cs(12,22): warning CS0436: The type 'DashboardGenerator' in 'C:\Sudipto\Antigravity\DynamicPlatform\src\Platform.Engine\Generators\DashboardGenerator.cs' conflicts with the imported type 'DashboardGenerator' in 'Platform.Engine, Version=1.0.0.0, Culture=neutral, PublicKeyToken=null'. Using the type defined in 'C:\Sudipto\Antigravity\DynamicPlatform\src\Platform.Engine\Generators\DashboardGenerator.cs'. [C:\Sudipto\Antigravity\DynamicPlatform\ClinicSimulator.csproj]
C:\Sudipto\Antigravity\DynamicPlatform\src\Platform.Infrastructure\Data\Repositories\ArtifactRepository.cs(20,35): warning CS0436: The type 'Artifact' in 'C:\Sudipto\Antigravity\DynamicPlatform\src\Platform.Core\Domain\Entities\Artifact.cs' conflicts with the imported type 'Artifact' in 'Platform.Core, Version=1.0.0.0, Culture=neutral, PublicKeyToken=null'. Using the type defined in 'C:\Sudipto\Antigravity\DynamicPlatform\src\Platform.Core\Domain\Entities\Artifact.cs'. [C:\Sudipto\Antigravity\DynamicPlatform\ClinicSimulator.csproj]
C:\Sudipto\Antigravity\DynamicPlatform\src\Platform.Core\Common\Result.cs(29,26): warning CS0436: The type 'Result' in 'C:\Sudipto\Antigravity\DynamicPlatform\src\Platform.Core\Common\Result.cs' conflicts with the imported type 'Result' in 'Platform.Core, Version=1.0.0.0, Culture=neutral, PublicKeyToken=null'. Using the type defined in 'C:\Sudipto\Antigravity\DynamicPlatform\src\Platform.Core\Common\Result.cs'. [C:\Sudipto\Antigravity\DynamicPlatform\ClinicSimulator.csproj]
C:\Sudipto\Antigravity\DynamicPlatform\src\Platform.Infrastructure\Data\Repositories\ArtifactRepository.cs(27,23): warning CS0436: The type 'Artifact' in 'C:\Sudipto\Antigravity\DynamicPlatform\src\Platform.Core\Domain\Entities\Artifact.cs' conflicts with the imported type 'Artifact' in 'Platform.Core, Version=1.0.0.0, Culture=neutral, PublicKeyToken=null'. Using the type defined in 'C:\Sudipto\Antigravity\DynamicPlatform\src\Platform.Core\Domain\Entities\Artifact.cs'. [C:\Sudipto\Antigravity\DynamicPlatform\ClinicSimulator.csproj]
C:\Sudipto\Antigravity\DynamicPlatform\src\Platform.Infrastructure\Data\Repositories\ArtifactRepository.cs(32,23): warning CS0436: The type 'Project' in 'C:\Sudipto\Antigravity\DynamicPlatform\src\Platform.Core\Domain\Entities\Project.cs' conflicts with the imported type 'Project' in 'Platform.Core, Version=1.0.0.0, Culture=neutral, PublicKeyToken=null'. Using the type defined in 'C:\Sudipto\Antigravity\DynamicPlatform\src\Platform.Core\Domain\Entities\Project.cs'. [C:\Sudipto\Antigravity\DynamicPlatform\ClinicSimulator.csproj]
C:\Sudipto\Antigravity\DynamicPlatform\src\Platform.Infrastructure\Data\Repositories\ArtifactRepository.cs(37,32): warning CS0436: The type 'Artifact' in 'C:\Sudipto\Antigravity\DynamicPlatform\src\Platform.Core\Domain\Entities\Artifact.cs' conflicts with the imported type 'Artifact' in 'Platform.Core, Version=1.0.0.0, Culture=neutral, PublicKeyToken=null'. Using the type defined in 'C:\Sudipto\Antigravity\DynamicPlatform\src\Platform.Core\Domain\Entities\Artifact.cs'. [C:\Sudipto\Antigravity\DynamicPlatform\ClinicSimulator.csproj]
C:\Sudipto\Antigravity\DynamicPlatform\src\Platform.Infrastructure\Data\Repositories\ArtifactRepository.cs(43,35): warning CS0436: The type 'Artifact' in 'C:\Sudipto\Antigravity\DynamicPlatform\src\Platform.Core\Domain\Entities\Artifact.cs' conflicts with the imported type 'Artifact' in 'Platform.Core, Version=1.0.0.0, Culture=neutral, PublicKeyToken=null'. Using the type defined in 'C:\Sudipto\Antigravity\DynamicPlatform\src\Platform.Core\Domain\Entities\Artifact.cs'. [C:\Sudipto\Antigravity\DynamicPlatform\ClinicSimulator.csproj]
C:\Sudipto\Antigravity\DynamicPlatform\src\Platform.Core\Domain\Entities\Project.cs(13,20): warning CS0436: The type 'Tenant' in 'C:\Sudipto\Antigravity\DynamicPlatform\src\Platform.Core\Domain\Entities\Tenant.cs' conflicts with the imported type 'Tenant' in 'Platform.Core, Version=1.0.0.0, Culture=neutral, PublicKeyToken=null'. Using the type defined in 'C:\Sudipto\Antigravity\DynamicPlatform\src\Platform.Core\Domain\Entities\Tenant.cs'. [C:\Sudipto\Antigravity\DynamicPlatform\ClinicSimulator.csproj]
C:\Sudipto\Antigravity\DynamicPlatform\src\Platform.Core\Interfaces\IConnector.cs(12,42): warning CS0436: The type 'IConnector' in 'C:\Sudipto\Antigravity\DynamicPlatform\src\Platform.Core\Interfaces\IConnector.cs' conflicts with the imported type 'IConnector' in 'Platform.Core, Version=1.0.0.0, Culture=neutral, PublicKeyToken=null'. Using the type defined in 'C:\Sudipto\Antigravity\DynamicPlatform\src\Platform.Core\Interfaces\IConnector.cs'. [C:\Sudipto\Antigravity\DynamicPlatform\ClinicSimulator.csproj]
C:\Sudipto\Antigravity\DynamicPlatform\src\Platform.Infrastructure\Data\Repositories\ArtifactRepository.cs(13,22): warning CS0436: The type 'PlatformDbContext' in 'C:\Sudipto\Antigravity\DynamicPlatform\src\Platform.Infrastructure\Data\PlatformDbContext.cs' conflicts with the imported type 'PlatformDbContext' in 'Platform.Infrastructure, Version=1.0.0.0, Culture=neutral, PublicKeyToken=null'. Using the type defined in 'C:\Sudipto\Antigravity\DynamicPlatform\src\Platform.Infrastructure\Data\PlatformDbContext.cs'. [C:\Sudipto\Antigravity\DynamicPlatform\ClinicSimulator.csproj]
C:\Sudipto\Antigravity\DynamicPlatform\src\Platform.Infrastructure\Data\Repositories\ArtifactRepository.cs(15,31): warning CS0436: The type 'PlatformDbContext' in 'C:\Sudipto\Antigravity\DynamicPlatform\src\Platform.Infrastructure\Data\PlatformDbContext.cs' conflicts with the imported type 'PlatformDbContext' in 'Platform.Infrastructure, Version=1.0.0.0, Culture=neutral, PublicKeyToken=null'. Using the type defined in 'C:\Sudipto\Antigravity\DynamicPlatform\src\Platform.Infrastructure\Data\PlatformDbContext.cs'. [C:\Sudipto\Antigravity\DynamicPlatform\ClinicSimulator.csproj]
C:\Sudipto\Antigravity\DynamicPlatform\src\Platform.Engine\Generators\ProjectGenerator.cs(52,51): warning CS0436: The type 'EntityMetadata' in 'C:\Sudipto\Antigravity\DynamicPlatform\src\Platform.Engine\Models\EngineModels.cs' conflicts with the imported type 'EntityMetadata' in 'Platform.Engine, Version=1.0.0.0, Culture=neutral, PublicKeyToken=null'. Using the type defined in 'C:\Sudipto\Antigravity\DynamicPlatform\src\Platform.Engine\Models\EngineModels.cs'. [C:\Sudipto\Antigravity\DynamicPlatform\ClinicSimulator.csproj]
C:\Sudipto\Antigravity\DynamicPlatform\src\Platform.Engine\Generators\ProjectGenerator.cs(52,82): warning CS0436: The type 'ConnectorMetadata' in 'C:\Sudipto\Antigravity\DynamicPlatform\src\Platform.Engine\Models\ConnectorMetadata.cs' conflicts with the imported type 'ConnectorMetadata' in 'Platform.Engine, Version=1.0.0.0, Culture=neutral, PublicKeyToken=null'. Using the type defined in 'C:\Sudipto\Antigravity\DynamicPlatform\src\Platform.Engine\Models\ConnectorMetadata.cs'. [C:\Sudipto\Antigravity\DynamicPlatform\ClinicSimulator.csproj]
C:\Sudipto\Antigravity\DynamicPlatform\src\Platform.Engine\Generators\ProjectGenerator.cs(52,118): warning CS0436: The type 'WorkflowMetadata' in 'C:\Sudipto\Antigravity\DynamicPlatform\src\Platform.Engine\Models\WorkflowMetadata.cs' conflicts with the imported type 'WorkflowMetadata' in 'Platform.Engine, Version=1.0.0.0, Culture=neutral, PublicKeyToken=null'. Using the type defined in 'C:\Sudipto\Antigravity\DynamicPlatform\src\Platform.Engine\Models\WorkflowMetadata.cs'. [C:\Sudipto\Antigravity\DynamicPlatform\ClinicSimulator.csproj]
C:\Sudipto\Antigravity\DynamicPlatform\src\Platform.Core\Domain\Entities\Project.cs(30,32): warning CS0436: The type 'Artifact' in 'C:\Sudipto\Antigravity\DynamicPlatform\src\Platform.Core\Domain\Entities\Artifact.cs' conflicts with the imported type 'Artifact' in 'Platform.Core, Version=1.0.0.0, Culture=neutral, PublicKeyToken=null'. Using the type defined in 'C:\Sudipto\Antigravity\DynamicPlatform\src\Platform.Core\Domain\Entities\Artifact.cs'. [C:\Sudipto\Antigravity\DynamicPlatform\ClinicSimulator.csproj]
C:\Sudipto\Antigravity\DynamicPlatform\src\Platform.Engine\Models\AppUserMetadata.cs(7,17): warning CS0436: The type 'AppUserDefinition' in 'C:\Sudipto\Antigravity\DynamicPlatform\src\Platform.Engine\Models\AppUserMetadata.cs' conflicts with the imported type 'AppUserDefinition' in 'Platform.Engine, Version=1.0.0.0, Culture=neutral, PublicKeyToken=null'. Using the type defined in 'C:\Sudipto\Antigravity\DynamicPlatform\src\Platform.Engine\Models\AppUserMetadata.cs'. [C:\Sudipto\Antigravity\DynamicPlatform\ClinicSimulator.csproj]
C:\Sudipto\Antigravity\DynamicPlatform\src\Platform.Engine\Generators\RepositoryGenerator.cs(32,28): warning CS0436: The type 'EntityMetadata' in 'C:\Sudipto\Antigravity\DynamicPlatform\src\Platform.Engine\Models\EngineModels.cs' conflicts with the imported type 'EntityMetadata' in 'Platform.Engine, Version=1.0.0.0, Culture=neutral, PublicKeyToken=null'. Using the type defined in 'C:\Sudipto\Antigravity\DynamicPlatform\src\Platform.Engine\Models\EngineModels.cs'. [C:\Sudipto\Antigravity\DynamicPlatform\ClinicSimulator.csproj]
C:\Sudipto\Antigravity\DynamicPlatform\src\Platform.Core\Domain\Entities\Tenant.cs(21,32): warning CS0436: The type 'Project' in 'C:\Sudipto\Antigravity\DynamicPlatform\src\Platform.Core\Domain\Entities\Project.cs' conflicts with the imported type 'Project' in 'Platform.Core, Version=1.0.0.0, Culture=neutral, PublicKeyToken=null'. Using the type defined in 'C:\Sudipto\Antigravity\DynamicPlatform\src\Platform.Core\Domain\Entities\Project.cs'. [C:\Sudipto\Antigravity\DynamicPlatform\ClinicSimulator.csproj]
C:\Sudipto\Antigravity\DynamicPlatform\src\Platform.Engine\Generators\SecurityGenerator.cs(32,31): warning CS0436: The type 'SecurityMetadata' in 'C:\Sudipto\Antigravity\DynamicPlatform\src\Platform.Engine\Models\SecurityMetadata.cs' conflicts with the imported type 'SecurityMetadata' in 'Platform.Engine, Version=1.0.0.0, Culture=neutral, PublicKeyToken=null'. Using the type defined in 'C:\Sudipto\Antigravity\DynamicPlatform\src\Platform.Engine\Models\SecurityMetadata.cs'. [C:\Sudipto\Antigravity\DynamicPlatform\ClinicSimulator.csproj]
C:\Sudipto\Antigravity\DynamicPlatform\src\Platform.Engine\Generators\SecurityGenerator.cs(32,58): warning CS0436: The type 'AppUserMetadata' in 'C:\Sudipto\Antigravity\DynamicPlatform\src\Platform.Engine\Models\AppUserMetadata.cs' conflicts with the imported type 'AppUserMetadata' in 'Platform.Engine, Version=1.0.0.0, Culture=neutral, PublicKeyToken=null'. Using the type defined in 'C:\Sudipto\Antigravity\DynamicPlatform\src\Platform.Engine\Models\AppUserMetadata.cs'. [C:\Sudipto\Antigravity\DynamicPlatform\ClinicSimulator.csproj]
C:\Sudipto\Antigravity\DynamicPlatform\src\Platform.Engine\Models\ConnectorMetadata.cs(10,17): warning CS0436: The type 'ConnectorParameter' in 'C:\Sudipto\Antigravity\DynamicPlatform\src\Platform.Engine\Models\ConnectorMetadata.cs' conflicts with the imported type 'ConnectorParameter' in 'Platform.Engine, Version=1.0.0.0, Culture=neutral, PublicKeyToken=null'. Using the type defined in 'C:\Sudipto\Antigravity\DynamicPlatform\src\Platform.Engine\Models\ConnectorMetadata.cs'. [C:\Sudipto\Antigravity\DynamicPlatform\ClinicSimulator.csproj]
C:\Sudipto\Antigravity\DynamicPlatform\src\Platform.Engine\Models\ConnectorMetadata.cs(11,17): warning CS0436: The type 'ConnectorParameter' in 'C:\Sudipto\Antigravity\DynamicPlatform\src\Platform.Engine\Models\ConnectorMetadata.cs' conflicts with the imported type 'ConnectorParameter' in 'Platform.Engine, Version=1.0.0.0, Culture=neutral, PublicKeyToken=null'. Using the type defined in 'C:\Sudipto\Antigravity\DynamicPlatform\src\Platform.Engine\Models\ConnectorMetadata.cs'. [C:\Sudipto\Antigravity\DynamicPlatform\ClinicSimulator.csproj]
C:\Sudipto\Antigravity\DynamicPlatform\src\Platform.Engine\Models\ConnectorMetadata.cs(17,17): warning CS0436: The type 'ConnectorProperty' in 'C:\Sudipto\Antigravity\DynamicPlatform\src\Platform.Engine\Models\ConnectorMetadata.cs' conflicts with the imported type 'ConnectorProperty' in 'Platform.Engine, Version=1.0.0.0, Culture=neutral, PublicKeyToken=null'. Using the type defined in 'C:\Sudipto\Antigravity\DynamicPlatform\src\Platform.Engine\Models\ConnectorMetadata.cs'. [C:\Sudipto\Antigravity\DynamicPlatform\ClinicSimulator.csproj]
C:\Sudipto\Antigravity\DynamicPlatform\src\Platform.Engine\Services\RelationNormalizationService.cs(10,48): warning CS0436: The type 'EntityMetadata' in 'C:\Sudipto\Antigravity\DynamicPlatform\src\Platform.Engine\Models\EngineModels.cs' conflicts with the imported type 'EntityMetadata' in 'Platform.Engine, Version=1.0.0.0, Culture=neutral, PublicKeyToken=null'. Using the type defined in 'C:\Sudipto\Antigravity\DynamicPlatform\src\Platform.Engine\Models\EngineModels.cs'. [C:\Sudipto\Antigravity\DynamicPlatform\ClinicSimulator.csproj]
C:\Sudipto\Antigravity\DynamicPlatform\src\Platform.Engine\Services\RelationNormalizationService.cs(10,17): warning CS0436: The type 'EntityMetadata' in 'C:\Sudipto\Antigravity\DynamicPlatform\src\Platform.Engine\Models\EngineModels.cs' conflicts with the imported type 'EntityMetadata' in 'Platform.Engine, Version=1.0.0.0, Culture=neutral, PublicKeyToken=null'. Using the type defined in 'C:\Sudipto\Antigravity\DynamicPlatform\src\Platform.Engine\Models\EngineModels.cs'. [C:\Sudipto\Antigravity\DynamicPlatform\ClinicSimulator.csproj]
C:\Sudipto\Antigravity\DynamicPlatform\src\Platform.Engine\Services\MetadataLoader.cs(15,47): warning CS0436: The type 'Artifact' in 'C:\Sudipto\Antigravity\DynamicPlatform\src\Platform.Core\Domain\Entities\Artifact.cs' conflicts with the imported type 'Artifact' in 'Platform.Core, Version=1.0.0.0, Culture=neutral, PublicKeyToken=null'. Using the type defined in 'C:\Sudipto\Antigravity\DynamicPlatform\src\Platform.Core\Domain\Entities\Artifact.cs'. [C:\Sudipto\Antigravity\DynamicPlatform\ClinicSimulator.csproj]
C:\Sudipto\Antigravity\DynamicPlatform\src\Platform.Engine\Services\MetadataLoader.cs(15,12): warning CS0436: The type 'EntityMetadata' in 'C:\Sudipto\Antigravity\DynamicPlatform\src\Platform.Engine\Models\EngineModels.cs' conflicts with the imported type 'EntityMetadata' in 'Platform.Engine, Version=1.0.0.0, Culture=neutral, PublicKeyToken=null'. Using the type defined in 'C:\Sudipto\Antigravity\DynamicPlatform\src\Platform.Engine\Models\EngineModels.cs'. [C:\Sudipto\Antigravity\DynamicPlatform\ClinicSimulator.csproj]
C:\Sudipto\Antigravity\DynamicPlatform\src\Platform.Engine\Services\MetadataLoader.cs(32,53): warning CS0436: The type 'Artifact' in 'C:\Sudipto\Antigravity\DynamicPlatform\src\Platform.Core\Domain\Entities\Artifact.cs' conflicts with the imported type 'Artifact' in 'Platform.Core, Version=1.0.0.0, Culture=neutral, PublicKeyToken=null'. Using the type defined in 'C:\Sudipto\Antigravity\DynamicPlatform\src\Platform.Core\Domain\Entities\Artifact.cs'. [C:\Sudipto\Antigravity\DynamicPlatform\ClinicSimulator.csproj]
C:\Sudipto\Antigravity\DynamicPlatform\src\Platform.Engine\Services\MetadataLoader.cs(32,12): warning CS0436: The type 'ConnectorMetadata' in 'C:\Sudipto\Antigravity\DynamicPlatform\src\Platform.Engine\Models\ConnectorMetadata.cs' conflicts with the imported type 'ConnectorMetadata' in 'Platform.Engine, Version=1.0.0.0, Culture=neutral, PublicKeyToken=null'. Using the type defined in 'C:\Sudipto\Antigravity\DynamicPlatform\src\Platform.Engine\Models\ConnectorMetadata.cs'. [C:\Sudipto\Antigravity\DynamicPlatform\ClinicSimulator.csproj]
C:\Sudipto\Antigravity\DynamicPlatform\src\Platform.Engine\Services\MetadataLoader.cs(49,51): warning CS0436: The type 'Artifact' in 'C:\Sudipto\Antigravity\DynamicPlatform\src\Platform.Core\Domain\Entities\Artifact.cs' conflicts with the imported type 'Artifact' in 'Platform.Core, Version=1.0.0.0, Culture=neutral, PublicKeyToken=null'. Using the type defined in 'C:\Sudipto\Antigravity\DynamicPlatform\src\Platform.Core\Domain\Entities\Artifact.cs'. [C:\Sudipto\Antigravity\DynamicPlatform\ClinicSimulator.csproj]
C:\Sudipto\Antigravity\DynamicPlatform\src\Platform.Engine\Services\MetadataLoader.cs(49,12): warning CS0436: The type 'SecurityMetadata' in 'C:\Sudipto\Antigravity\DynamicPlatform\src\Platform.Engine\Models\SecurityMetadata.cs' conflicts with the imported type 'SecurityMetadata' in 'Platform.Engine, Version=1.0.0.0, Culture=neutral, PublicKeyToken=null'. Using the type defined in 'C:\Sudipto\Antigravity\DynamicPlatform\src\Platform.Engine\Models\SecurityMetadata.cs'. [C:\Sudipto\Antigravity\DynamicPlatform\ClinicSimulator.csproj]
C:\Sudipto\Antigravity\DynamicPlatform\src\Platform.Engine\Services\MetadataLoader.cs(66,49): warning CS0436: The type 'Artifact' in 'C:\Sudipto\Antigravity\DynamicPlatform\src\Platform.Core\Domain\Entities\Artifact.cs' conflicts with the imported type 'Artifact' in 'Platform.Core, Version=1.0.0.0, Culture=neutral, PublicKeyToken=null'. Using the type defined in 'C:\Sudipto\Antigravity\DynamicPlatform\src\Platform.Core\Domain\Entities\Artifact.cs'. [C:\Sudipto\Antigravity\DynamicPlatform\ClinicSimulator.csproj]
C:\Sudipto\Antigravity\DynamicPlatform\src\Platform.Engine\Services\MetadataLoader.cs(66,12): warning CS0436: The type 'AppUserMetadata' in 'C:\Sudipto\Antigravity\DynamicPlatform\src\Platform.Engine\Models\AppUserMetadata.cs' conflicts with the imported type 'AppUserMetadata' in 'Platform.Engine, Version=1.0.0.0, Culture=neutral, PublicKeyToken=null'. Using the type defined in 'C:\Sudipto\Antigravity\DynamicPlatform\src\Platform.Engine\Models\AppUserMetadata.cs'. [C:\Sudipto\Antigravity\DynamicPlatform\ClinicSimulator.csproj]
C:\Sudipto\Antigravity\DynamicPlatform\src\Platform.Engine\Services\MetadataLoader.cs(83,51): warning CS0436: The type 'Artifact' in 'C:\Sudipto\Antigravity\DynamicPlatform\src\Platform.Core\Domain\Entities\Artifact.cs' conflicts with the imported type 'Artifact' in 'Platform.Core, Version=1.0.0.0, Culture=neutral, PublicKeyToken=null'. Using the type defined in 'C:\Sudipto\Antigravity\DynamicPlatform\src\Platform.Core\Domain\Entities\Artifact.cs'. [C:\Sudipto\Antigravity\DynamicPlatform\ClinicSimulator.csproj]
C:\Sudipto\Antigravity\DynamicPlatform\src\Platform.Engine\Services\MetadataLoader.cs(83,12): warning CS0436: The type 'WorkflowMetadata' in 'C:\Sudipto\Antigravity\DynamicPlatform\src\Platform.Engine\Models\WorkflowMetadata.cs' conflicts with the imported type 'WorkflowMetadata' in 'Platform.Engine, Version=1.0.0.0, Culture=neutral, PublicKeyToken=null'. Using the type defined in 'C:\Sudipto\Antigravity\DynamicPlatform\src\Platform.Engine\Models\WorkflowMetadata.cs'. [C:\Sudipto\Antigravity\DynamicPlatform\ClinicSimulator.csproj]
C:\Sudipto\Antigravity\DynamicPlatform\src\Platform.Engine\Services\MetadataLoader.cs(97,43): warning CS0436: The type 'Artifact' in 'C:\Sudipto\Antigravity\DynamicPlatform\src\Platform.Core\Domain\Entities\Artifact.cs' conflicts with the imported type 'Artifact' in 'Platform.Core, Version=1.0.0.0, Culture=neutral, PublicKeyToken=null'. Using the type defined in 'C:\Sudipto\Antigravity\DynamicPlatform\src\Platform.Core\Domain\Entities\Artifact.cs'. [C:\Sudipto\Antigravity\DynamicPlatform\ClinicSimulator.csproj]
C:\Sudipto\Antigravity\DynamicPlatform\src\Platform.Engine\Services\MetadataLoader.cs(97,12): warning CS0436: The type 'PageMetadata' in 'C:\Sudipto\Antigravity\DynamicPlatform\src\Platform.Engine\Models\EngineModels.cs' conflicts with the imported type 'PageMetadata' in 'Platform.Engine, Version=1.0.0.0, Culture=neutral, PublicKeyToken=null'. Using the type defined in 'C:\Sudipto\Antigravity\DynamicPlatform\src\Platform.Engine\Models\EngineModels.cs'. [C:\Sudipto\Antigravity\DynamicPlatform\ClinicSimulator.csproj]
C:\Sudipto\Antigravity\DynamicPlatform\src\Platform.Engine\Services\MetadataLoader.cs(114,59): warning CS0436: The type 'Artifact' in 'C:\Sudipto\Antigravity\DynamicPlatform\src\Platform.Core\Domain\Entities\Artifact.cs' conflicts with the imported type 'Artifact' in 'Platform.Core, Version=1.0.0.0, Culture=neutral, PublicKeyToken=null'. Using the type defined in 'C:\Sudipto\Antigravity\DynamicPlatform\src\Platform.Core\Domain\Entities\Artifact.cs'. [C:\Sudipto\Antigravity\DynamicPlatform\ClinicSimulator.csproj]
C:\Sudipto\Antigravity\DynamicPlatform\src\Platform.Engine\Services\MetadataLoader.cs(114,12): warning CS0436: The type 'CustomObjectMetadata' in 'C:\Sudipto\Antigravity\DynamicPlatform\src\Platform.Engine\Models\EngineModels.cs' conflicts with the imported type 'CustomObjectMetadata' in 'Platform.Engine, Version=1.0.0.0, Culture=neutral, PublicKeyToken=null'. Using the type defined in 'C:\Sudipto\Antigravity\DynamicPlatform\src\Platform.Engine\Models\EngineModels.cs'. [C:\Sudipto\Antigravity\DynamicPlatform\ClinicSimulator.csproj]
C:\Sudipto\Antigravity\DynamicPlatform\src\Platform.Engine\Services\MetadataLoader.cs(131,43): warning CS0436: The type 'Artifact' in 'C:\Sudipto\Antigravity\DynamicPlatform\src\Platform.Core\Domain\Entities\Artifact.cs' conflicts with the imported type 'Artifact' in 'Platform.Core, Version=1.0.0.0, Culture=neutral, PublicKeyToken=null'. Using the type defined in 'C:\Sudipto\Antigravity\DynamicPlatform\src\Platform.Core\Domain\Entities\Artifact.cs'. [C:\Sudipto\Antigravity\DynamicPlatform\ClinicSimulator.csproj]
C:\Sudipto\Antigravity\DynamicPlatform\src\Platform.Engine\Services\MetadataLoader.cs(131,12): warning CS0436: The type 'EnumMetadata' in 'C:\Sudipto\Antigravity\DynamicPlatform\src\Platform.Engine\Models\EngineModels.cs' conflicts with the imported type 'EnumMetadata' in 'Platform.Engine, Version=1.0.0.0, Culture=neutral, PublicKeyToken=null'. Using the type defined in 'C:\Sudipto\Antigravity\DynamicPlatform\src\Platform.Engine\Models\EngineModels.cs'. [C:\Sudipto\Antigravity\DynamicPlatform\ClinicSimulator.csproj]
C:\Sudipto\Antigravity\DynamicPlatform\src\Platform.Engine\Models\EngineModels.cs(11,17): warning CS0436: The type 'FieldMetadata' in 'C:\Sudipto\Antigravity\DynamicPlatform\src\Platform.Engine\Models\EngineModels.cs' conflicts with the imported type 'FieldMetadata' in 'Platform.Engine, Version=1.0.0.0, Culture=neutral, PublicKeyToken=null'. Using the type defined in 'C:\Sudipto\Antigravity\DynamicPlatform\src\Platform.Engine\Models\EngineModels.cs'. [C:\Sudipto\Antigravity\DynamicPlatform\ClinicSimulator.csproj]
C:\Sudipto\Antigravity\DynamicPlatform\src\Platform.Engine\Models\EngineModels.cs(12,17): warning CS0436: The type 'RelationMetadata' in 'C:\Sudipto\Antigravity\DynamicPlatform\src\Platform.Engine\Models\EngineModels.cs' conflicts with the imported type 'RelationMetadata' in 'Platform.Engine, Version=1.0.0.0, Culture=neutral, PublicKeyToken=null'. Using the type defined in 'C:\Sudipto\Antigravity\DynamicPlatform\src\Platform.Engine\Models\EngineModels.cs'. [C:\Sudipto\Antigravity\DynamicPlatform\ClinicSimulator.csproj]
C:\Sudipto\Antigravity\DynamicPlatform\src\Platform.Engine\Models\EngineModels.cs(13,12): warning CS0436: The type 'EntityEventConfig' in 'C:\Sudipto\Antigravity\DynamicPlatform\src\Platform.Engine\Models\EngineModels.cs' conflicts with the imported type 'EntityEventConfig' in 'Platform.Engine, Version=1.0.0.0, Culture=neutral, PublicKeyToken=null'. Using the type defined in 'C:\Sudipto\Antigravity\DynamicPlatform\src\Platform.Engine\Models\EngineModels.cs'. [C:\Sudipto\Antigravity\DynamicPlatform\ClinicSimulator.csproj]
C:\Sudipto\Antigravity\DynamicPlatform\src\Platform.Engine\Models\EngineModels.cs(30,17): warning CS0436: The type 'ValidationRule' in 'C:\Sudipto\Antigravity\DynamicPlatform\src\Platform.Engine\Models\EngineModels.cs' conflicts with the imported type 'ValidationRule' in 'Platform.Engine, Version=1.0.0.0, Culture=neutral, PublicKeyToken=null'. Using the type defined in 'C:\Sudipto\Antigravity\DynamicPlatform\src\Platform.Engine\Models\EngineModels.cs'. [C:\Sudipto\Antigravity\DynamicPlatform\ClinicSimulator.csproj]
C:\Sudipto\Antigravity\DynamicPlatform\src\Platform.Engine\Models\EngineModels.cs(49,17): warning CS0436: The type 'EnumValue' in 'C:\Sudipto\Antigravity\DynamicPlatform\src\Platform.Engine\Models\EngineModels.cs' conflicts with the imported type 'EnumValue' in 'Platform.Engine, Version=1.0.0.0, Culture=neutral, PublicKeyToken=null'. Using the type defined in 'C:\Sudipto\Antigravity\DynamicPlatform\src\Platform.Engine\Models\EngineModels.cs'. [C:\Sudipto\Antigravity\DynamicPlatform\ClinicSimulator.csproj]
C:\Sudipto\Antigravity\DynamicPlatform\src\Platform.Infrastructure\Data\PlatformDbContext.cs(12,18): warning CS0436: The type 'Tenant' in 'C:\Sudipto\Antigravity\DynamicPlatform\src\Platform.Core\Domain\Entities\Tenant.cs' conflicts with the imported type 'Tenant' in 'Platform.Core, Version=1.0.0.0, Culture=neutral, PublicKeyToken=null'. Using the type defined in 'C:\Sudipto\Antigravity\DynamicPlatform\src\Platform.Core\Domain\Entities\Tenant.cs'. [C:\Sudipto\Antigravity\DynamicPlatform\ClinicSimulator.csproj]
C:\Sudipto\Antigravity\DynamicPlatform\src\Platform.Infrastructure\Data\PlatformDbContext.cs(13,18): warning CS0436: The type 'Project' in 'C:\Sudipto\Antigravity\DynamicPlatform\src\Platform.Core\Domain\Entities\Project.cs' conflicts with the imported type 'Project' in 'Platform.Core, Version=1.0.0.0, Culture=neutral, PublicKeyToken=null'. Using the type defined in 'C:\Sudipto\Antigravity\DynamicPlatform\src\Platform.Core\Domain\Entities\Project.cs'. [C:\Sudipto\Antigravity\DynamicPlatform\ClinicSimulator.csproj]
C:\Sudipto\Antigravity\DynamicPlatform\src\Platform.Infrastructure\Data\PlatformDbContext.cs(14,18): warning CS0436: The type 'Artifact' in 'C:\Sudipto\Antigravity\DynamicPlatform\src\Platform.Core\Domain\Entities\Artifact.cs' conflicts with the imported type 'Artifact' in 'Platform.Core, Version=1.0.0.0, Culture=neutral, PublicKeyToken=null'. Using the type defined in 'C:\Sudipto\Antigravity\DynamicPlatform\src\Platform.Core\Domain\Entities\Artifact.cs'. [C:\Sudipto\Antigravity\DynamicPlatform\ClinicSimulator.csproj]
C:\Sudipto\Antigravity\DynamicPlatform\src\Platform.Engine\Models\EngineModels.cs(77,12): warning CS0436: The type 'RelationType' in 'C:\Sudipto\Antigravity\DynamicPlatform\src\Platform.Engine\Models\EngineModels.cs' conflicts with the imported type 'RelationType' in 'Platform.Engine, Version=1.0.0.0, Culture=neutral, PublicKeyToken=null'. Using the type defined in 'C:\Sudipto\Antigravity\DynamicPlatform\src\Platform.Engine\Models\EngineModels.cs'. [C:\Sudipto\Antigravity\DynamicPlatform\ClinicSimulator.csproj]
C:\Sudipto\Antigravity\DynamicPlatform\src\Platform.Engine\Models\EngineModels.cs(89,17): warning CS0436: The type 'WidgetMetadata' in 'C:\Sudipto\Antigravity\DynamicPlatform\src\Platform.Engine\Models\EngineModels.cs' conflicts with the imported type 'WidgetMetadata' in 'Platform.Engine, Version=1.0.0.0, Culture=neutral, PublicKeyToken=null'. Using the type defined in 'C:\Sudipto\Antigravity\DynamicPlatform\src\Platform.Engine\Models\EngineModels.cs'. [C:\Sudipto\Antigravity\DynamicPlatform\ClinicSimulator.csproj]
C:\Sudipto\Antigravity\DynamicPlatform\src\Platform.Engine\Models\EngineModels.cs(96,12): warning CS0436: The type 'WidgetLayout' in 'C:\Sudipto\Antigravity\DynamicPlatform\src\Platform.Engine\Models\EngineModels.cs' conflicts with the imported type 'WidgetLayout' in 'Platform.Engine, Version=1.0.0.0, Culture=neutral, PublicKeyToken=null'. Using the type defined in 'C:\Sudipto\Antigravity\DynamicPlatform\src\Platform.Engine\Models\EngineModels.cs'. [C:\Sudipto\Antigravity\DynamicPlatform\ClinicSimulator.csproj]
C:\Sudipto\Antigravity\DynamicPlatform\src\Platform.Engine\Models\EngineModels.cs(97,12): warning CS0436: The type 'WidgetConfig' in 'C:\Sudipto\Antigravity\DynamicPlatform\src\Platform.Engine\Models\EngineModels.cs' conflicts with the imported type 'WidgetConfig' in 'Platform.Engine, Version=1.0.0.0, Culture=neutral, PublicKeyToken=null'. Using the type defined in 'C:\Sudipto\Antigravity\DynamicPlatform\src\Platform.Engine\Models\EngineModels.cs'. [C:\Sudipto\Antigravity\DynamicPlatform\ClinicSimulator.csproj]
C:\Sudipto\Antigravity\DynamicPlatform\src\Platform.Engine\Models\EngineModels.cs(98,12): warning CS0436: The type 'WidgetDataSource' in 'C:\Sudipto\Antigravity\DynamicPlatform\src\Platform.Engine\Models\EngineModels.cs' conflicts with the imported type 'WidgetDataSource' in 'Platform.Engine, Version=1.0.0.0, Culture=neutral, PublicKeyToken=null'. Using the type defined in 'C:\Sudipto\Antigravity\DynamicPlatform\src\Platform.Engine\Models\EngineModels.cs'. [C:\Sudipto\Antigravity\DynamicPlatform\ClinicSimulator.csproj]
C:\Sudipto\Antigravity\DynamicPlatform\src\Platform.Engine\Models\EngineModels.cs(103,12): warning CS0436: The type 'GridDimension' in 'C:\Sudipto\Antigravity\DynamicPlatform\src\Platform.Engine\Models\EngineModels.cs' conflicts with the imported type 'GridDimension' in 'Platform.Engine, Version=1.0.0.0, Culture=neutral, PublicKeyToken=null'. Using the type defined in 'C:\Sudipto\Antigravity\DynamicPlatform\src\Platform.Engine\Models\EngineModels.cs'. [C:\Sudipto\Antigravity\DynamicPlatform\ClinicSimulator.csproj]
C:\Sudipto\Antigravity\DynamicPlatform\src\Platform.Engine\Models\EngineModels.cs(104,12): warning CS0436: The type 'GridDimension' in 'C:\Sudipto\Antigravity\DynamicPlatform\src\Platform.Engine\Models\EngineModels.cs' conflicts with the imported type 'GridDimension' in 'Platform.Engine, Version=1.0.0.0, Culture=neutral, PublicKeyToken=null'. Using the type defined in 'C:\Sudipto\Antigravity\DynamicPlatform\src\Platform.Engine\Models\EngineModels.cs'. [C:\Sudipto\Antigravity\DynamicPlatform\ClinicSimulator.csproj]
C:\Sudipto\Antigravity\DynamicPlatform\src\Platform.Engine\Models\EngineModels.cs(105,12): warning CS0436: The type 'GridDimension' in 'C:\Sudipto\Antigravity\DynamicPlatform\src\Platform.Engine\Models\EngineModels.cs' conflicts with the imported type 'GridDimension' in 'Platform.Engine, Version=1.0.0.0, Culture=neutral, PublicKeyToken=null'. Using the type defined in 'C:\Sudipto\Antigravity\DynamicPlatform\src\Platform.Engine\Models\EngineModels.cs'. [C:\Sudipto\Antigravity\DynamicPlatform\ClinicSimulator.csproj]
C:\Sudipto\Antigravity\DynamicPlatform\src\Platform.Engine\Models\EngineModels.cs(133,12): warning CS0436: The type 'PaginationConfig' in 'C:\Sudipto\Antigravity\DynamicPlatform\src\Platform.Engine\Models\EngineModels.cs' conflicts with the imported type 'PaginationConfig' in 'Platform.Engine, Version=1.0.0.0, Culture=neutral, PublicKeyToken=null'. Using the type defined in 'C:\Sudipto\Antigravity\DynamicPlatform\src\Platform.Engine\Models\EngineModels.cs'. [C:\Sudipto\Antigravity\DynamicPlatform\ClinicSimulator.csproj]
C:\Sudipto\Antigravity\DynamicPlatform\src\Platform.Engine\Models\EngineModels.cs(148,17): warning CS0436: The type 'CustomField' in 'C:\Sudipto\Antigravity\DynamicPlatform\src\Platform.Engine\Models\EngineModels.cs' conflicts with the imported type 'CustomField' in 'Platform.Engine, Version=1.0.0.0, Culture=neutral, PublicKeyToken=null'. Using the type defined in 'C:\Sudipto\Antigravity\DynamicPlatform\src\Platform.Engine\Models\EngineModels.cs'. [C:\Sudipto\Antigravity\DynamicPlatform\ClinicSimulator.csproj]
C:\Sudipto\Antigravity\DynamicPlatform\src\Platform.Infrastructure\Data\PlatformDbContext.cs(8,47): warning CS0436: The type 'PlatformDbContext' in 'C:\Sudipto\Antigravity\DynamicPlatform\src\Platform.Infrastructure\Data\PlatformDbContext.cs' conflicts with the imported type 'PlatformDbContext' in 'Platform.Infrastructure, Version=1.0.0.0, Culture=neutral, PublicKeyToken=null'. Using the type defined in 'C:\Sudipto\Antigravity\DynamicPlatform\src\Platform.Infrastructure\Data\PlatformDbContext.cs'. [C:\Sudipto\Antigravity\DynamicPlatform\ClinicSimulator.csproj]
C:\Sudipto\Antigravity\DynamicPlatform\src\Platform.Engine\Models\SecurityMetadata.cs(7,17): warning CS0436: The type 'RoleDefinition' in 'C:\Sudipto\Antigravity\DynamicPlatform\src\Platform.Engine\Models\SecurityMetadata.cs' conflicts with the imported type 'RoleDefinition' in 'Platform.Engine, Version=1.0.0.0, Culture=neutral, PublicKeyToken=null'. Using the type defined in 'C:\Sudipto\Antigravity\DynamicPlatform\src\Platform.Engine\Models\SecurityMetadata.cs'. [C:\Sudipto\Antigravity\DynamicPlatform\ClinicSimulator.csproj]
C:\Sudipto\Antigravity\DynamicPlatform\src\Platform.Engine\Models\SecurityMetadata.cs(14,17): warning CS0436: The type 'PermissionDefinition' in 'C:\Sudipto\Antigravity\DynamicPlatform\src\Platform.Engine\Models\SecurityMetadata.cs' conflicts with the imported type 'PermissionDefinition' in 'Platform.Engine, Version=1.0.0.0, Culture=neutral, PublicKeyToken=null'. Using the type defined in 'C:\Sudipto\Antigravity\DynamicPlatform\src\Platform.Engine\Models\SecurityMetadata.cs'. [C:\Sudipto\Antigravity\DynamicPlatform\ClinicSimulator.csproj]
C:\Sudipto\Antigravity\DynamicPlatform\src\Platform.Engine\Models\SecurityMetadata.cs(8,17): warning CS0436: The type 'MenuDefinition' in 'C:\Sudipto\Antigravity\DynamicPlatform\src\Platform.Engine\Models\SecurityMetadata.cs' conflicts with the imported type 'MenuDefinition' in 'Platform.Engine, Version=1.0.0.0, Culture=neutral, PublicKeyToken=null'. Using the type defined in 'C:\Sudipto\Antigravity\DynamicPlatform\src\Platform.Engine\Models\SecurityMetadata.cs'. [C:\Sudipto\Antigravity\DynamicPlatform\ClinicSimulator.csproj]
C:\Sudipto\Antigravity\DynamicPlatform\src\Platform.Core\Common\Result.cs(23,60): warning CS8604: Possible null reference argument for parameter 'value' in 'Result<T>.Result(T value, bool isSuccess, string error)'. [C:\Sudipto\Antigravity\DynamicPlatform\ClinicSimulator.csproj]
C:\Sudipto\Antigravity\DynamicPlatform\src\Platform.Core\Domain\Entities\Tenant.cs(21,75): warning CS0436: The type 'Project' in 'C:\Sudipto\Antigravity\DynamicPlatform\src\Platform.Core\Domain\Entities\Project.cs' conflicts with the imported type 'Project' in 'Platform.Core, Version=1.0.0.0, Culture=neutral, PublicKeyToken=null'. Using the type defined in 'C:\Sudipto\Antigravity\DynamicPlatform\src\Platform.Core\Domain\Entities\Project.cs'. [C:\Sudipto\Antigravity\DynamicPlatform\ClinicSimulator.csproj]
C:\Sudipto\Antigravity\DynamicPlatform\src\Platform.Core\Domain\Entities\Artifact.cs(25,28): warning CS8618: Non-nullable property 'Project' must contain a non-null value when exiting constructor. Consider adding the 'required' modifier or declaring the property as nullable. [C:\Sudipto\Antigravity\DynamicPlatform\ClinicSimulator.csproj]
C:\Sudipto\Antigravity\DynamicPlatform\src\Platform.Engine\Models\EngineModels.cs(77,46): warning CS0436: The type 'RelationType' in 'C:\Sudipto\Antigravity\DynamicPlatform\src\Platform.Engine\Models\EngineModels.cs' conflicts with the imported type 'RelationType' in 'Platform.Engine, Version=1.0.0.0, Culture=neutral, PublicKeyToken=null'. Using the type defined in 'C:\Sudipto\Antigravity\DynamicPlatform\src\Platform.Engine\Models\EngineModels.cs'. [C:\Sudipto\Antigravity\DynamicPlatform\ClinicSimulator.csproj]
C:\Sudipto\Antigravity\DynamicPlatform\src\Platform.Infrastructure\Data\PlatformDbContext.cs(21,29): warning CS0436: The type 'Project' in 'C:\Sudipto\Antigravity\DynamicPlatform\src\Platform.Core\Domain\Entities\Project.cs' conflicts with the imported type 'Project' in 'Platform.Core, Version=1.0.0.0, Culture=neutral, PublicKeyToken=null'. Using the type defined in 'C:\Sudipto\Antigravity\DynamicPlatform\src\Platform.Core\Domain\Entities\Project.cs'. [C:\Sudipto\Antigravity\DynamicPlatform\ClinicSimulator.csproj]
C:\Sudipto\Antigravity\DynamicPlatform\src\Platform.Infrastructure\Data\PlatformDbContext.cs(28,29): warning CS0436: The type 'Artifact' in 'C:\Sudipto\Antigravity\DynamicPlatform\src\Platform.Core\Domain\Entities\Artifact.cs' conflicts with the imported type 'Artifact' in 'Platform.Core, Version=1.0.0.0, Culture=neutral, PublicKeyToken=null'. Using the type defined in 'C:\Sudipto\Antigravity\DynamicPlatform\src\Platform.Core\Domain\Entities\Artifact.cs'. [C:\Sudipto\Antigravity\DynamicPlatform\ClinicSimulator.csproj]
C:\Sudipto\Antigravity\DynamicPlatform\src\Platform.Infrastructure\Data\PlatformDbContext.cs(34,29): warning CS0436: The type 'Artifact' in 'C:\Sudipto\Antigravity\DynamicPlatform\src\Platform.Core\Domain\Entities\Artifact.cs' conflicts with the imported type 'Artifact' in 'Platform.Core, Version=1.0.0.0, Culture=neutral, PublicKeyToken=null'. Using the type defined in 'C:\Sudipto\Antigravity\DynamicPlatform\src\Platform.Core\Domain\Entities\Artifact.cs'. [C:\Sudipto\Antigravity\DynamicPlatform\ClinicSimulator.csproj]
C:\Sudipto\Antigravity\DynamicPlatform\ClinicSimulator.cs(30,31): warning CS0436: The type 'PlatformDbContext' in 'C:\Sudipto\Antigravity\DynamicPlatform\src\Platform.Infrastructure\Data\PlatformDbContext.cs' conflicts with the imported type 'PlatformDbContext' in 'Platform.Infrastructure, Version=1.0.0.0, Culture=neutral, PublicKeyToken=null'. Using the type defined in 'C:\Sudipto\Antigravity\DynamicPlatform\src\Platform.Infrastructure\Data\PlatformDbContext.cs'. [C:\Sudipto\Antigravity\DynamicPlatform\ClinicSimulator.csproj]
C:\Sudipto\Antigravity\DynamicPlatform\ClinicSimulator.cs(32,28): warning CS0436: The type 'IArtifactRepository' in 'C:\Sudipto\Antigravity\DynamicPlatform\src\Platform.Core\Interfaces\IArtifactRepository.cs' conflicts with the imported type 'IArtifactRepository' in 'Platform.Core, Version=1.0.0.0, Culture=neutral, PublicKeyToken=null'. Using the type defined in 'C:\Sudipto\Antigravity\DynamicPlatform\src\Platform.Core\Interfaces\IArtifactRepository.cs'. [C:\Sudipto\Antigravity\DynamicPlatform\ClinicSimulator.csproj]
C:\Sudipto\Antigravity\DynamicPlatform\ClinicSimulator.cs(32,49): warning CS0436: The type 'ArtifactRepository' in 'C:\Sudipto\Antigravity\DynamicPlatform\src\Platform.Infrastructure\Data\Repositories\ArtifactRepository.cs' conflicts with the imported type 'ArtifactRepository' in 'Platform.Infrastructure, Version=1.0.0.0, Culture=neutral, PublicKeyToken=null'. Using the type defined in 'C:\Sudipto\Antigravity\DynamicPlatform\src\Platform.Infrastructure\Data\Repositories\ArtifactRepository.cs'. [C:\Sudipto\Antigravity\DynamicPlatform\ClinicSimulator.csproj]
C:\Sudipto\Antigravity\DynamicPlatform\ClinicSimulator.cs(33,28): warning CS0436: The type 'EntityGenerator' in 'C:\Sudipto\Antigravity\DynamicPlatform\src\Platform.Engine\Generators\EntityGenerator.cs' conflicts with the imported type 'EntityGenerator' in 'Platform.Engine, Version=1.0.0.0, Culture=neutral, PublicKeyToken=null'. Using the type defined in 'C:\Sudipto\Antigravity\DynamicPlatform\src\Platform.Engine\Generators\EntityGenerator.cs'. [C:\Sudipto\Antigravity\DynamicPlatform\ClinicSimulator.csproj]
C:\Sudipto\Antigravity\DynamicPlatform\ClinicSimulator.cs(34,28): warning CS0436: The type 'DbContextGenerator' in 'C:\Sudipto\Antigravity\DynamicPlatform\src\Platform.Engine\Generators\DbContextGenerator.cs' conflicts with the imported type 'DbContextGenerator' in 'Platform.Engine, Version=1.0.0.0, Culture=neutral, PublicKeyToken=null'. Using the type defined in 'C:\Sudipto\Antigravity\DynamicPlatform\src\Platform.Engine\Generators\DbContextGenerator.cs'. [C:\Sudipto\Antigravity\DynamicPlatform\ClinicSimulator.csproj]
C:\Sudipto\Antigravity\DynamicPlatform\ClinicSimulator.cs(35,28): warning CS0436: The type 'RepositoryGenerator' in 'C:\Sudipto\Antigravity\DynamicPlatform\src\Platform.Engine\Generators\RepositoryGenerator.cs' conflicts with the imported type 'RepositoryGenerator' in 'Platform.Engine, Version=1.0.0.0, Culture=neutral, PublicKeyToken=null'. Using the type defined in 'C:\Sudipto\Antigravity\DynamicPlatform\src\Platform.Engine\Generators\RepositoryGenerator.cs'. [C:\Sudipto\Antigravity\DynamicPlatform\ClinicSimulator.csproj]
C:\Sudipto\Antigravity\DynamicPlatform\ClinicSimulator.cs(36,28): warning CS0436: The type 'ControllerGenerator' in 'C:\Sudipto\Antigravity\DynamicPlatform\src\Platform.Engine\Generators\ControllerGenerator.cs' conflicts with the imported type 'ControllerGenerator' in 'Platform.Engine, Version=1.0.0.0, Culture=neutral, PublicKeyToken=null'. Using the type defined in 'C:\Sudipto\Antigravity\DynamicPlatform\src\Platform.Engine\Generators\ControllerGenerator.cs'. [C:\Sudipto\Antigravity\DynamicPlatform\ClinicSimulator.csproj]
C:\Sudipto\Antigravity\DynamicPlatform\ClinicSimulator.cs(37,28): warning CS0436: The type 'ProjectGenerator' in 'C:\Sudipto\Antigravity\DynamicPlatform\src\Platform.Engine\Generators\ProjectGenerator.cs' conflicts with the imported type 'ProjectGenerator' in 'Platform.Engine, Version=1.0.0.0, Culture=neutral, PublicKeyToken=null'. Using the type defined in 'C:\Sudipto\Antigravity\DynamicPlatform\src\Platform.Engine\Generators\ProjectGenerator.cs'. [C:\Sudipto\Antigravity\DynamicPlatform\ClinicSimulator.csproj]
C:\Sudipto\Antigravity\DynamicPlatform\ClinicSimulator.cs(38,28): warning CS0436: The type 'ConnectorGenerator' in 'C:\Sudipto\Antigravity\DynamicPlatform\src\Platform.Engine\Generators\ConnectorGenerator.cs' conflicts with the imported type 'ConnectorGenerator' in 'Platform.Engine, Version=1.0.0.0, Culture=neutral, PublicKeyToken=null'. Using the type defined in 'C:\Sudipto\Antigravity\DynamicPlatform\src\Platform.Engine\Generators\ConnectorGenerator.cs'. [C:\Sudipto\Antigravity\DynamicPlatform\ClinicSimulator.csproj]
C:\Sudipto\Antigravity\DynamicPlatform\ClinicSimulator.cs(39,28): warning CS0436: The type 'SecurityGenerator' in 'C:\Sudipto\Antigravity\DynamicPlatform\src\Platform.Engine\Generators\SecurityGenerator.cs' conflicts with the imported type 'SecurityGenerator' in 'Platform.Engine, Version=1.0.0.0, Culture=neutral, PublicKeyToken=null'. Using the type defined in 'C:\Sudipto\Antigravity\DynamicPlatform\src\Platform.Engine\Generators\SecurityGenerator.cs'. [C:\Sudipto\Antigravity\DynamicPlatform\ClinicSimulator.csproj]
C:\Sudipto\Antigravity\DynamicPlatform\ClinicSimulator.cs(40,28): warning CS0436: The type 'FrontendGenerator' in 'C:\Sudipto\Antigravity\DynamicPlatform\src\Platform.Engine\Generators\FrontendGenerator.cs' conflicts with the imported type 'FrontendGenerator' in 'Platform.Engine, Version=1.0.0.0, Culture=neutral, PublicKeyToken=null'. Using the type defined in 'C:\Sudipto\Antigravity\DynamicPlatform\src\Platform.Engine\Generators\FrontendGenerator.cs'. [C:\Sudipto\Antigravity\DynamicPlatform\ClinicSimulator.csproj]
C:\Sudipto\Antigravity\DynamicPlatform\ClinicSimulator.cs(41,28): warning CS0436: The type 'AngularComponentGenerator' in 'C:\Sudipto\Antigravity\DynamicPlatform\src\Platform.Engine\Generators\AngularComponentGenerator.cs' conflicts with the imported type 'AngularComponentGenerator' in 'Platform.Engine, Version=1.0.0.0, Culture=neutral, PublicKeyToken=null'. Using the type defined in 'C:\Sudipto\Antigravity\DynamicPlatform\src\Platform.Engine\Generators\AngularComponentGenerator.cs'. [C:\Sudipto\Antigravity\DynamicPlatform\ClinicSimulator.csproj]
C:\Sudipto\Antigravity\DynamicPlatform\ClinicSimulator.cs(42,28): warning CS0436: The type 'MetadataLoader' in 'C:\Sudipto\Antigravity\DynamicPlatform\src\Platform.Engine\Services\MetadataLoader.cs' conflicts with the imported type 'MetadataLoader' in 'Platform.Engine, Version=1.0.0.0, Culture=neutral, PublicKeyToken=null'. Using the type defined in 'C:\Sudipto\Antigravity\DynamicPlatform\src\Platform.Engine\Services\MetadataLoader.cs'. [C:\Sudipto\Antigravity\DynamicPlatform\ClinicSimulator.csproj]
C:\Sudipto\Antigravity\DynamicPlatform\ClinicSimulator.cs(43,28): warning CS0436: The type 'RelationNormalizationService' in 'C:\Sudipto\Antigravity\DynamicPlatform\src\Platform.Engine\Services\RelationNormalizationService.cs' conflicts with the imported type 'RelationNormalizationService' in 'Platform.Engine, Version=1.0.0.0, Culture=neutral, PublicKeyToken=null'. Using the type defined in 'C:\Sudipto\Antigravity\DynamicPlatform\src\Platform.Engine\Services\RelationNormalizationService.cs'. [C:\Sudipto\Antigravity\DynamicPlatform\ClinicSimulator.csproj]
C:\Sudipto\Antigravity\DynamicPlatform\src\Platform.Engine\Generators\FrontendGenerator.cs(18,35): warning CS0436: The type 'DashboardGenerator' in 'C:\Sudipto\Antigravity\DynamicPlatform\src\Platform.Engine\Generators\DashboardGenerator.cs' conflicts with the imported type 'DashboardGenerator' in 'Platform.Engine, Version=1.0.0.0, Culture=neutral, PublicKeyToken=null'. Using the type defined in 'C:\Sudipto\Antigravity\DynamicPlatform\src\Platform.Engine\Generators\DashboardGenerator.cs'. [C:\Sudipto\Antigravity\DynamicPlatform\ClinicSimulator.csproj]
C:\Sudipto\Antigravity\DynamicPlatform\src\Platform.Engine\Services\MetadataLoader.cs(17,30): warning CS0436: The type 'ArtifactType' in 'C:\Sudipto\Antigravity\DynamicPlatform\src\Platform.Core\Domain\Entities\Artifact.cs' conflicts with the imported type 'ArtifactType' in 'Platform.Core, Version=1.0.0.0, Culture=neutral, PublicKeyToken=null'. Using the type defined in 'C:\Sudipto\Antigravity\DynamicPlatform\src\Platform.Core\Domain\Entities\Artifact.cs'. [C:\Sudipto\Antigravity\DynamicPlatform\ClinicSimulator.csproj]
C:\Sudipto\Antigravity\DynamicPlatform\src\Platform.Engine\Services\MetadataLoader.cs(24,47): warning CS0436: The type 'EntityMetadata' in 'C:\Sudipto\Antigravity\DynamicPlatform\src\Platform.Engine\Models\EngineModels.cs' conflicts with the imported type 'EntityMetadata' in 'Platform.Engine, Version=1.0.0.0, Culture=neutral, PublicKeyToken=null'. Using the type defined in 'C:\Sudipto\Antigravity\DynamicPlatform\src\Platform.Engine\Models\EngineModels.cs'. [C:\Sudipto\Antigravity\DynamicPlatform\ClinicSimulator.csproj]
C:\Sudipto\Antigravity\DynamicPlatform\src\Platform.Engine\Services\MetadataLoader.cs(34,30): warning CS0436: The type 'ArtifactType' in 'C:\Sudipto\Antigravity\DynamicPlatform\src\Platform.Core\Domain\Entities\Artifact.cs' conflicts with the imported type 'ArtifactType' in 'Platform.Core, Version=1.0.0.0, Culture=neutral, PublicKeyToken=null'. Using the type defined in 'C:\Sudipto\Antigravity\DynamicPlatform\src\Platform.Core\Domain\Entities\Artifact.cs'. [C:\Sudipto\Antigravity\DynamicPlatform\ClinicSimulator.csproj]
C:\Sudipto\Antigravity\DynamicPlatform\src\Platform.Engine\Services\MetadataLoader.cs(41,47): warning CS0436: The type 'ConnectorMetadata' in 'C:\Sudipto\Antigravity\DynamicPlatform\src\Platform.Engine\Models\ConnectorMetadata.cs' conflicts with the imported type 'ConnectorMetadata' in 'Platform.Engine, Version=1.0.0.0, Culture=neutral, PublicKeyToken=null'. Using the type defined in 'C:\Sudipto\Antigravity\DynamicPlatform\src\Platform.Engine\Models\ConnectorMetadata.cs'. [C:\Sudipto\Antigravity\DynamicPlatform\ClinicSimulator.csproj]
C:\Sudipto\Antigravity\DynamicPlatform\src\Platform.Engine\Services\MetadataLoader.cs(51,30): warning CS0436: The type 'ArtifactType' in 'C:\Sudipto\Antigravity\DynamicPlatform\src\Platform.Core\Domain\Entities\Artifact.cs' conflicts with the imported type 'ArtifactType' in 'Platform.Core, Version=1.0.0.0, Culture=neutral, PublicKeyToken=null'. Using the type defined in 'C:\Sudipto\Antigravity\DynamicPlatform\src\Platform.Core\Domain\Entities\Artifact.cs'. [C:\Sudipto\Antigravity\DynamicPlatform\ClinicSimulator.csproj]
C:\Sudipto\Antigravity\DynamicPlatform\src\Platform.Engine\Services\MetadataLoader.cs(58,47): warning CS0436: The type 'SecurityMetadata' in 'C:\Sudipto\Antigravity\DynamicPlatform\src\Platform.Engine\Models\SecurityMetadata.cs' conflicts with the imported type 'SecurityMetadata' in 'Platform.Engine, Version=1.0.0.0, Culture=neutral, PublicKeyToken=null'. Using the type defined in 'C:\Sudipto\Antigravity\DynamicPlatform\src\Platform.Engine\Models\SecurityMetadata.cs'. [C:\Sudipto\Antigravity\DynamicPlatform\ClinicSimulator.csproj]
C:\Sudipto\Antigravity\DynamicPlatform\src\Platform.Engine\Services\MetadataLoader.cs(68,30): warning CS0436: The type 'ArtifactType' in 'C:\Sudipto\Antigravity\DynamicPlatform\src\Platform.Core\Domain\Entities\Artifact.cs' conflicts with the imported type 'ArtifactType' in 'Platform.Core, Version=1.0.0.0, Culture=neutral, PublicKeyToken=null'. Using the type defined in 'C:\Sudipto\Antigravity\DynamicPlatform\src\Platform.Core\Domain\Entities\Artifact.cs'. [C:\Sudipto\Antigravity\DynamicPlatform\ClinicSimulator.csproj]
C:\Sudipto\Antigravity\DynamicPlatform\src\Platform.Engine\Services\MetadataLoader.cs(75,47): warning CS0436: The type 'AppUserMetadata' in 'C:\Sudipto\Antigravity\DynamicPlatform\src\Platform.Engine\Models\AppUserMetadata.cs' conflicts with the imported type 'AppUserMetadata' in 'Platform.Engine, Version=1.0.0.0, Culture=neutral, PublicKeyToken=null'. Using the type defined in 'C:\Sudipto\Antigravity\DynamicPlatform\src\Platform.Engine\Models\AppUserMetadata.cs'. [C:\Sudipto\Antigravity\DynamicPlatform\ClinicSimulator.csproj]
C:\Sudipto\Antigravity\DynamicPlatform\src\Platform.Engine\Services\MetadataLoader.cs(85,30): warning CS0436: The type 'ArtifactType' in 'C:\Sudipto\Antigravity\DynamicPlatform\src\Platform.Core\Domain\Entities\Artifact.cs' conflicts with the imported type 'ArtifactType' in 'Platform.Core, Version=1.0.0.0, Culture=neutral, PublicKeyToken=null'. Using the type defined in 'C:\Sudipto\Antigravity\DynamicPlatform\src\Platform.Core\Domain\Entities\Artifact.cs'. [C:\Sudipto\Antigravity\DynamicPlatform\ClinicSimulator.csproj]
C:\Sudipto\Antigravity\DynamicPlatform\src\Platform.Engine\Services\MetadataLoader.cs(90,20): warning CS0436: The type 'WorkflowMetadata' in 'C:\Sudipto\Antigravity\DynamicPlatform\src\Platform.Engine\Models\WorkflowMetadata.cs' conflicts with the imported type 'WorkflowMetadata' in 'Platform.Engine, Version=1.0.0.0, Culture=neutral, PublicKeyToken=null'. Using the type defined in 'C:\Sudipto\Antigravity\DynamicPlatform\src\Platform.Engine\Models\WorkflowMetadata.cs'. [C:\Sudipto\Antigravity\DynamicPlatform\ClinicSimulator.csproj]
C:\Sudipto\Antigravity\DynamicPlatform\src\Platform.Engine\Services\MetadataLoader.cs(99,30): warning CS0436: The type 'ArtifactType' in 'C:\Sudipto\Antigravity\DynamicPlatform\src\Platform.Core\Domain\Entities\Artifact.cs' conflicts with the imported type 'ArtifactType' in 'Platform.Core, Version=1.0.0.0, Culture=neutral, PublicKeyToken=null'. Using the type defined in 'C:\Sudipto\Antigravity\DynamicPlatform\src\Platform.Core\Domain\Entities\Artifact.cs'. [C:\Sudipto\Antigravity\DynamicPlatform\ClinicSimulator.csproj]
C:\Sudipto\Antigravity\DynamicPlatform\src\Platform.Engine\Services\MetadataLoader.cs(106,47): warning CS0436: The type 'PageMetadata' in 'C:\Sudipto\Antigravity\DynamicPlatform\src\Platform.Engine\Models\EngineModels.cs' conflicts with the imported type 'PageMetadata' in 'Platform.Engine, Version=1.0.0.0, Culture=neutral, PublicKeyToken=null'. Using the type defined in 'C:\Sudipto\Antigravity\DynamicPlatform\src\Platform.Engine\Models\EngineModels.cs'. [C:\Sudipto\Antigravity\DynamicPlatform\ClinicSimulator.csproj]
C:\Sudipto\Antigravity\DynamicPlatform\src\Platform.Engine\Services\MetadataLoader.cs(116,30): warning CS0436: The type 'ArtifactType' in 'C:\Sudipto\Antigravity\DynamicPlatform\src\Platform.Core\Domain\Entities\Artifact.cs' conflicts with the imported type 'ArtifactType' in 'Platform.Core, Version=1.0.0.0, Culture=neutral, PublicKeyToken=null'. Using the type defined in 'C:\Sudipto\Antigravity\DynamicPlatform\src\Platform.Core\Domain\Entities\Artifact.cs'. [C:\Sudipto\Antigravity\DynamicPlatform\ClinicSimulator.csproj]
C:\Sudipto\Antigravity\DynamicPlatform\src\Platform.Engine\Services\MetadataLoader.cs(123,47): warning CS0436: The type 'CustomObjectMetadata' in 'C:\Sudipto\Antigravity\DynamicPlatform\src\Platform.Engine\Models\EngineModels.cs' conflicts with the imported type 'CustomObjectMetadata' in 'Platform.Engine, Version=1.0.0.0, Culture=neutral, PublicKeyToken=null'. Using the type defined in 'C:\Sudipto\Antigravity\DynamicPlatform\src\Platform.Engine\Models\EngineModels.cs'. [C:\Sudipto\Antigravity\DynamicPlatform\ClinicSimulator.csproj]
C:\Sudipto\Antigravity\DynamicPlatform\src\Platform.Engine\Services\RelationNormalizationService.cs(13,31): warning CS0436: The type 'EntityMetadata' in 'C:\Sudipto\Antigravity\DynamicPlatform\src\Platform.Engine\Models\EngineModels.cs' conflicts with the imported type 'EntityMetadata' in 'Platform.Engine, Version=1.0.0.0, Culture=neutral, PublicKeyToken=null'. Using the type defined in 'C:\Sudipto\Antigravity\DynamicPlatform\src\Platform.Engine\Models\EngineModels.cs'. [C:\Sudipto\Antigravity\DynamicPlatform\ClinicSimulator.csproj]
C:\Sudipto\Antigravity\DynamicPlatform\src\Platform.Engine\Services\RelationNormalizationService.cs(29,73): warning CS0436: The type 'RelationType' in 'C:\Sudipto\Antigravity\DynamicPlatform\src\Platform.Engine\Models\EngineModels.cs' conflicts with the imported type 'RelationType' in 'Platform.Engine, Version=1.0.0.0, Culture=neutral, PublicKeyToken=null'. Using the type defined in 'C:\Sudipto\Antigravity\DynamicPlatform\src\Platform.Engine\Models\EngineModels.cs'. [C:\Sudipto\Antigravity\DynamicPlatform\ClinicSimulator.csproj]
C:\Sudipto\Antigravity\DynamicPlatform\src\Platform.Engine\Services\RelationNormalizationService.cs(53,32): warning CS0436: The type 'RelationType' in 'C:\Sudipto\Antigravity\DynamicPlatform\src\Platform.Engine\Models\EngineModels.cs' conflicts with the imported type 'RelationType' in 'Platform.Engine, Version=1.0.0.0, Culture=neutral, PublicKeyToken=null'. Using the type defined in 'C:\Sudipto\Antigravity\DynamicPlatform\src\Platform.Engine\Models\EngineModels.cs'. [C:\Sudipto\Antigravity\DynamicPlatform\ClinicSimulator.csproj]
C:\Sudipto\Antigravity\DynamicPlatform\src\Platform.Engine\Services\RelationNormalizationService.cs(62,40): warning CS0436: The type 'EntityMetadata' in 'C:\Sudipto\Antigravity\DynamicPlatform\src\Platform.Engine\Models\EngineModels.cs' conflicts with the imported type 'EntityMetadata' in 'Platform.Engine, Version=1.0.0.0, Culture=neutral, PublicKeyToken=null'. Using the type defined in 'C:\Sudipto\Antigravity\DynamicPlatform\src\Platform.Engine\Models\EngineModels.cs'. [C:\Sudipto\Antigravity\DynamicPlatform\ClinicSimulator.csproj]
C:\Sudipto\Antigravity\DynamicPlatform\src\Platform.Engine\Services\RelationNormalizationService.cs(67,39): warning CS0436: The type 'FieldMetadata' in 'C:\Sudipto\Antigravity\DynamicPlatform\src\Platform.Engine\Models\EngineModels.cs' conflicts with the imported type 'FieldMetadata' in 'Platform.Engine, Version=1.0.0.0, Culture=neutral, PublicKeyToken=null'. Using the type defined in 'C:\Sudipto\Antigravity\DynamicPlatform\src\Platform.Engine\Models\EngineModels.cs'. [C:\Sudipto\Antigravity\DynamicPlatform\ClinicSimulator.csproj]
C:\Sudipto\Antigravity\DynamicPlatform\src\Platform.Engine\Services\RelationNormalizationService.cs(72,48): warning CS0436: The type 'RelationMetadata' in 'C:\Sudipto\Antigravity\DynamicPlatform\src\Platform.Engine\Models\EngineModels.cs' conflicts with the imported type 'RelationMetadata' in 'Platform.Engine, Version=1.0.0.0, Culture=neutral, PublicKeyToken=null'. Using the type defined in 'C:\Sudipto\Antigravity\DynamicPlatform\src\Platform.Engine\Models\EngineModels.cs'. [C:\Sudipto\Antigravity\DynamicPlatform\ClinicSimulator.csproj]
C:\Sudipto\Antigravity\DynamicPlatform\src\Platform.Engine\Services\RelationNormalizationService.cs(75,28): warning CS0436: The type 'RelationType' in 'C:\Sudipto\Antigravity\DynamicPlatform\src\Platform.Engine\Models\EngineModels.cs' conflicts with the imported type 'RelationType' in 'Platform.Engine, Version=1.0.0.0, Culture=neutral, PublicKeyToken=null'. Using the type defined in 'C:\Sudipto\Antigravity\DynamicPlatform\src\Platform.Engine\Models\EngineModels.cs'. [C:\Sudipto\Antigravity\DynamicPlatform\ClinicSimulator.csproj]
C:\Sudipto\Antigravity\DynamicPlatform\src\Platform.Engine\Services\RelationNormalizationService.cs(81,48): warning CS0436: The type 'RelationMetadata' in 'C:\Sudipto\Antigravity\DynamicPlatform\src\Platform.Engine\Models\EngineModels.cs' conflicts with the imported type 'RelationMetadata' in 'Platform.Engine, Version=1.0.0.0, Culture=neutral, PublicKeyToken=null'. Using the type defined in 'C:\Sudipto\Antigravity\DynamicPlatform\src\Platform.Engine\Models\EngineModels.cs'. [C:\Sudipto\Antigravity\DynamicPlatform\ClinicSimulator.csproj]
C:\Sudipto\Antigravity\DynamicPlatform\src\Platform.Engine\Services\RelationNormalizationService.cs(84,28): warning CS0436: The type 'RelationType' in 'C:\Sudipto\Antigravity\DynamicPlatform\src\Platform.Engine\Models\EngineModels.cs' conflicts with the imported type 'RelationType' in 'Platform.Engine, Version=1.0.0.0, Culture=neutral, PublicKeyToken=null'. Using the type defined in 'C:\Sudipto\Antigravity\DynamicPlatform\src\Platform.Engine\Models\EngineModels.cs'. [C:\Sudipto\Antigravity\DynamicPlatform\ClinicSimulator.csproj]
C:\Sudipto\Antigravity\DynamicPlatform\src\Platform.Engine\Services\RelationNormalizationService.cs(93,28): warning CS0436: The type 'RelationType' in 'C:\Sudipto\Antigravity\DynamicPlatform\src\Platform.Engine\Models\EngineModels.cs' conflicts with the imported type 'RelationType' in 'Platform.Engine, Version=1.0.0.0, Culture=neutral, PublicKeyToken=null'. Using the type defined in 'C:\Sudipto\Antigravity\DynamicPlatform\src\Platform.Engine\Models\EngineModels.cs'. [C:\Sudipto\Antigravity\DynamicPlatform\ClinicSimulator.csproj]
C:\Sudipto\Antigravity\DynamicPlatform\src\Platform.Engine\Services\RelationNormalizationService.cs(100,31): warning CS0436: The type 'RelationType' in 'C:\Sudipto\Antigravity\DynamicPlatform\src\Platform.Engine\Models\EngineModels.cs' conflicts with the imported type 'RelationType' in 'Platform.Engine, Version=1.0.0.0, Culture=neutral, PublicKeyToken=null'. Using the type defined in 'C:\Sudipto\Antigravity\DynamicPlatform\src\Platform.Engine\Models\EngineModels.cs'. [C:\Sudipto\Antigravity\DynamicPlatform\ClinicSimulator.csproj]
C:\Sudipto\Antigravity\DynamicPlatform\src\Platform.Engine\Services\RelationNormalizationService.cs(105,39): warning CS0436: The type 'RelationType' in 'C:\Sudipto\Antigravity\DynamicPlatform\src\Platform.Engine\Models\EngineModels.cs' conflicts with the imported type 'RelationType' in 'Platform.Engine, Version=1.0.0.0, Culture=neutral, PublicKeyToken=null'. Using the type defined in 'C:\Sudipto\Antigravity\DynamicPlatform\src\Platform.Engine\Models\EngineModels.cs'. [C:\Sudipto\Antigravity\DynamicPlatform\ClinicSimulator.csproj]
C:\Sudipto\Antigravity\DynamicPlatform\src\Platform.Engine\Services\MetadataLoader.cs(133,30): warning CS0436: The type 'ArtifactType' in 'C:\Sudipto\Antigravity\DynamicPlatform\src\Platform.Core\Domain\Entities\Artifact.cs' conflicts with the imported type 'ArtifactType' in 'Platform.Core, Version=1.0.0.0, Culture=neutral, PublicKeyToken=null'. Using the type defined in 'C:\Sudipto\Antigravity\DynamicPlatform\src\Platform.Core\Domain\Entities\Artifact.cs'. [C:\Sudipto\Antigravity\DynamicPlatform\ClinicSimulator.csproj]
C:\Sudipto\Antigravity\DynamicPlatform\src\Platform.Engine\Services\MetadataLoader.cs(140,47): warning CS0436: The type 'EnumMetadata' in 'C:\Sudipto\Antigravity\DynamicPlatform\src\Platform.Engine\Models\EngineModels.cs' conflicts with the imported type 'EnumMetadata' in 'Platform.Engine, Version=1.0.0.0, Culture=neutral, PublicKeyToken=null'. Using the type defined in 'C:\Sudipto\Antigravity\DynamicPlatform\src\Platform.Engine\Models\EngineModels.cs'. [C:\Sudipto\Antigravity\DynamicPlatform\ClinicSimulator.csproj]
C:\Sudipto\Antigravity\DynamicPlatform\ClinicSimulator.cs(53,61): warning CS0436: The type 'IArtifactRepository' in 'C:\Sudipto\Antigravity\DynamicPlatform\src\Platform.Core\Interfaces\IArtifactRepository.cs' conflicts with the imported type 'IArtifactRepository' in 'Platform.Core, Version=1.0.0.0, Culture=neutral, PublicKeyToken=null'. Using the type defined in 'C:\Sudipto\Antigravity\DynamicPlatform\src\Platform.Core\Interfaces\IArtifactRepository.cs'. [C:\Sudipto\Antigravity\DynamicPlatform\ClinicSimulator.csproj]
C:\Sudipto\Antigravity\DynamicPlatform\ClinicSimulator.cs(54,59): warning CS0436: The type 'PlatformDbContext' in 'C:\Sudipto\Antigravity\DynamicPlatform\src\Platform.Infrastructure\Data\PlatformDbContext.cs' conflicts with the imported type 'PlatformDbContext' in 'Platform.Infrastructure, Version=1.0.0.0, Culture=neutral, PublicKeyToken=null'. Using the type defined in 'C:\Sudipto\Antigravity\DynamicPlatform\src\Platform.Infrastructure\Data\PlatformDbContext.cs'. [C:\Sudipto\Antigravity\DynamicPlatform\ClinicSimulator.csproj]
C:\Sudipto\Antigravity\DynamicPlatform\ClinicSimulator.cs(57,26): warning CS0436: The type 'Tenant' in 'C:\Sudipto\Antigravity\DynamicPlatform\src\Platform.Core\Domain\Entities\Tenant.cs' conflicts with the imported type 'Tenant' in 'Platform.Core, Version=1.0.0.0, Culture=neutral, PublicKeyToken=null'. Using the type defined in 'C:\Sudipto\Antigravity\DynamicPlatform\src\Platform.Core\Domain\Entities\Tenant.cs'. [C:\Sudipto\Antigravity\DynamicPlatform\ClinicSimulator.csproj]
C:\Sudipto\Antigravity\DynamicPlatform\ClinicSimulator.cs(61,27): warning CS0436: The type 'Project' in 'C:\Sudipto\Antigravity\DynamicPlatform\src\Platform.Core\Domain\Entities\Project.cs' conflicts with the imported type 'Project' in 'Platform.Core, Version=1.0.0.0, Culture=neutral, PublicKeyToken=null'. Using the type defined in 'C:\Sudipto\Antigravity\DynamicPlatform\src\Platform.Core\Domain\Entities\Project.cs'. [C:\Sudipto\Antigravity\DynamicPlatform\ClinicSimulator.csproj]
C:\Sudipto\Antigravity\DynamicPlatform\ClinicSimulator.cs(96,63): warning CS0436: The type 'MetadataLoader' in 'C:\Sudipto\Antigravity\DynamicPlatform\src\Platform.Engine\Services\MetadataLoader.cs' conflicts with the imported type 'MetadataLoader' in 'Platform.Engine, Version=1.0.0.0, Culture=neutral, PublicKeyToken=null'. Using the type defined in 'C:\Sudipto\Antigravity\DynamicPlatform\src\Platform.Engine\Services\MetadataLoader.cs'. [C:\Sudipto\Antigravity\DynamicPlatform\ClinicSimulator.csproj]
C:\Sudipto\Antigravity\DynamicPlatform\ClinicSimulator.cs(97,72): warning CS0436: The type 'RelationNormalizationService' in 'C:\Sudipto\Antigravity\DynamicPlatform\src\Platform.Engine\Services\RelationNormalizationService.cs' conflicts with the imported type 'RelationNormalizationService' in 'Platform.Engine, Version=1.0.0.0, Culture=neutral, PublicKeyToken=null'. Using the type defined in 'C:\Sudipto\Antigravity\DynamicPlatform\src\Platform.Engine\Services\RelationNormalizationService.cs'. [C:\Sudipto\Antigravity\DynamicPlatform\ClinicSimulator.csproj]
C:\Sudipto\Antigravity\DynamicPlatform\ClinicSimulator.cs(100,35): warning CS0436: The type 'ArtifactType' in 'C:\Sudipto\Antigravity\DynamicPlatform\src\Platform.Core\Domain\Entities\Artifact.cs' conflicts with the imported type 'ArtifactType' in 'Platform.Core, Version=1.0.0.0, Culture=neutral, PublicKeyToken=null'. Using the type defined in 'C:\Sudipto\Antigravity\DynamicPlatform\src\Platform.Core\Domain\Entities\Artifact.cs'. [C:\Sudipto\Antigravity\DynamicPlatform\ClinicSimulator.csproj]
C:\Sudipto\Antigravity\DynamicPlatform\ClinicSimulator.cs(105,35): warning CS0436: The type 'ArtifactType' in 'C:\Sudipto\Antigravity\DynamicPlatform\src\Platform.Core\Domain\Entities\Artifact.cs' conflicts with the imported type 'ArtifactType' in 'Platform.Core, Version=1.0.0.0, Culture=neutral, PublicKeyToken=null'. Using the type defined in 'C:\Sudipto\Antigravity\DynamicPlatform\src\Platform.Core\Domain\Entities\Artifact.cs'. [C:\Sudipto\Antigravity\DynamicPlatform\ClinicSimulator.csproj]
C:\Sudipto\Antigravity\DynamicPlatform\ClinicSimulator.cs(109,50): warning CS8620: Argument of type 'List<EntityMetadata?>' cannot be used for parameter 'entities' of type 'List<EntityMetadata>' in 'List<EntityMetadata> RelationNormalizationService.Normalize(List<EntityMetadata> entities)' due to differences in the nullability of reference types. [C:\Sudipto\Antigravity\DynamicPlatform\ClinicSimulator.csproj]
C:\Sudipto\Antigravity\DynamicPlatform\ClinicSimulator.cs(197,24): warning CS0436: The type 'EntityMetadata' in 'C:\Sudipto\Antigravity\DynamicPlatform\src\Platform.Engine\Models\EngineModels.cs' conflicts with the imported type 'EntityMetadata' in 'Platform.Engine, Version=1.0.0.0, Culture=neutral, PublicKeyToken=null'. Using the type defined in 'C:\Sudipto\Antigravity\DynamicPlatform\src\Platform.Engine\Models\EngineModels.cs'. [C:\Sudipto\Antigravity\DynamicPlatform\ClinicSimulator.csproj]
C:\Sudipto\Antigravity\DynamicPlatform\ClinicSimulator.cs(200,31): warning CS0436: The type 'FieldMetadata' in 'C:\Sudipto\Antigravity\DynamicPlatform\src\Platform.Engine\Models\EngineModels.cs' conflicts with the imported type 'FieldMetadata' in 'Platform.Engine, Version=1.0.0.0, Culture=neutral, PublicKeyToken=null'. Using the type defined in 'C:\Sudipto\Antigravity\DynamicPlatform\src\Platform.Engine\Models\EngineModels.cs'. [C:\Sudipto\Antigravity\DynamicPlatform\ClinicSimulator.csproj]
C:\Sudipto\Antigravity\DynamicPlatform\ClinicSimulator.cs(206,33): warning CS0436: The type 'Artifact' in 'C:\Sudipto\Antigravity\DynamicPlatform\src\Platform.Core\Domain\Entities\Artifact.cs' conflicts with the imported type 'Artifact' in 'Platform.Core, Version=1.0.0.0, Culture=neutral, PublicKeyToken=null'. Using the type defined in 'C:\Sudipto\Antigravity\DynamicPlatform\src\Platform.Core\Domain\Entities\Artifact.cs'. [C:\Sudipto\Antigravity\DynamicPlatform\ClinicSimulator.csproj]
C:\Sudipto\Antigravity\DynamicPlatform\ClinicSimulator.cs(206,93): warning CS0436: The type 'ArtifactType' in 'C:\Sudipto\Antigravity\DynamicPlatform\src\Platform.Core\Domain\Entities\Artifact.cs' conflicts with the imported type 'ArtifactType' in 'Platform.Core, Version=1.0.0.0, Culture=neutral, PublicKeyToken=null'. Using the type defined in 'C:\Sudipto\Antigravity\DynamicPlatform\src\Platform.Core\Domain\Entities\Artifact.cs'. [C:\Sudipto\Antigravity\DynamicPlatform\ClinicSimulator.csproj]
C:\Sudipto\Antigravity\DynamicPlatform\ClinicSimulator.cs(211,24): warning CS0436: The type 'EntityMetadata' in 'C:\Sudipto\Antigravity\DynamicPlatform\src\Platform.Engine\Models\EngineModels.cs' conflicts with the imported type 'EntityMetadata' in 'Platform.Engine, Version=1.0.0.0, Culture=neutral, PublicKeyToken=null'. Using the type defined in 'C:\Sudipto\Antigravity\DynamicPlatform\src\Platform.Engine\Models\EngineModels.cs'. [C:\Sudipto\Antigravity\DynamicPlatform\ClinicSimulator.csproj]
C:\Sudipto\Antigravity\DynamicPlatform\ClinicSimulator.cs(214,31): warning CS0436: The type 'FieldMetadata' in 'C:\Sudipto\Antigravity\DynamicPlatform\src\Platform.Engine\Models\EngineModels.cs' conflicts with the imported type 'FieldMetadata' in 'Platform.Engine, Version=1.0.0.0, Culture=neutral, PublicKeyToken=null'. Using the type defined in 'C:\Sudipto\Antigravity\DynamicPlatform\src\Platform.Engine\Models\EngineModels.cs'. [C:\Sudipto\Antigravity\DynamicPlatform\ClinicSimulator.csproj]
C:\Sudipto\Antigravity\DynamicPlatform\ClinicSimulator.cs(220,34): warning CS0436: The type 'RelationMetadata' in 'C:\Sudipto\Antigravity\DynamicPlatform\src\Platform.Engine\Models\EngineModels.cs' conflicts with the imported type 'RelationMetadata' in 'Platform.Engine, Version=1.0.0.0, Culture=neutral, PublicKeyToken=null'. Using the type defined in 'C:\Sudipto\Antigravity\DynamicPlatform\src\Platform.Engine\Models\EngineModels.cs'. [C:\Sudipto\Antigravity\DynamicPlatform\ClinicSimulator.csproj]
C:\Sudipto\Antigravity\DynamicPlatform\ClinicSimulator.cs(222,65): warning CS0436: The type 'RelationType' in 'C:\Sudipto\Antigravity\DynamicPlatform\src\Platform.Engine\Models\EngineModels.cs' conflicts with the imported type 'RelationType' in 'Platform.Engine, Version=1.0.0.0, Culture=neutral, PublicKeyToken=null'. Using the type defined in 'C:\Sudipto\Antigravity\DynamicPlatform\src\Platform.Engine\Models\EngineModels.cs'. [C:\Sudipto\Antigravity\DynamicPlatform\ClinicSimulator.csproj]
C:\Sudipto\Antigravity\DynamicPlatform\ClinicSimulator.cs(225,33): warning CS0436: The type 'Artifact' in 'C:\Sudipto\Antigravity\DynamicPlatform\src\Platform.Core\Domain\Entities\Artifact.cs' conflicts with the imported type 'Artifact' in 'Platform.Core, Version=1.0.0.0, Culture=neutral, PublicKeyToken=null'. Using the type defined in 'C:\Sudipto\Antigravity\DynamicPlatform\src\Platform.Core\Domain\Entities\Artifact.cs'. [C:\Sudipto\Antigravity\DynamicPlatform\ClinicSimulator.csproj]
C:\Sudipto\Antigravity\DynamicPlatform\ClinicSimulator.cs(225,93): warning CS0436: The type 'ArtifactType' in 'C:\Sudipto\Antigravity\DynamicPlatform\src\Platform.Core\Domain\Entities\Artifact.cs' conflicts with the imported type 'ArtifactType' in 'Platform.Core, Version=1.0.0.0, Culture=neutral, PublicKeyToken=null'. Using the type defined in 'C:\Sudipto\Antigravity\DynamicPlatform\src\Platform.Core\Domain\Entities\Artifact.cs'. [C:\Sudipto\Antigravity\DynamicPlatform\ClinicSimulator.csproj]
C:\Sudipto\Antigravity\DynamicPlatform\ClinicSimulator.cs(230,24): warning CS0436: The type 'EntityMetadata' in 'C:\Sudipto\Antigravity\DynamicPlatform\src\Platform.Engine\Models\EngineModels.cs' conflicts with the imported type 'EntityMetadata' in 'Platform.Engine, Version=1.0.0.0, Culture=neutral, PublicKeyToken=null'. Using the type defined in 'C:\Sudipto\Antigravity\DynamicPlatform\src\Platform.Engine\Models\EngineModels.cs'. [C:\Sudipto\Antigravity\DynamicPlatform\ClinicSimulator.csproj]
C:\Sudipto\Antigravity\DynamicPlatform\ClinicSimulator.cs(233,31): warning CS0436: The type 'FieldMetadata' in 'C:\Sudipto\Antigravity\DynamicPlatform\src\Platform.Engine\Models\EngineModels.cs' conflicts with the imported type 'FieldMetadata' in 'Platform.Engine, Version=1.0.0.0, Culture=neutral, PublicKeyToken=null'. Using the type defined in 'C:\Sudipto\Antigravity\DynamicPlatform\src\Platform.Engine\Models\EngineModels.cs'. [C:\Sudipto\Antigravity\DynamicPlatform\ClinicSimulator.csproj]
C:\Sudipto\Antigravity\DynamicPlatform\ClinicSimulator.cs(239,33): warning CS0436: The type 'Artifact' in 'C:\Sudipto\Antigravity\DynamicPlatform\src\Platform.Core\Domain\Entities\Artifact.cs' conflicts with the imported type 'Artifact' in 'Platform.Core, Version=1.0.0.0, Culture=neutral, PublicKeyToken=null'. Using the type defined in 'C:\Sudipto\Antigravity\DynamicPlatform\src\Platform.Core\Domain\Entities\Artifact.cs'. [C:\Sudipto\Antigravity\DynamicPlatform\ClinicSimulator.csproj]
C:\Sudipto\Antigravity\DynamicPlatform\ClinicSimulator.cs(239,93): warning CS0436: The type 'ArtifactType' in 'C:\Sudipto\Antigravity\DynamicPlatform\src\Platform.Core\Domain\Entities\Artifact.cs' conflicts with the imported type 'ArtifactType' in 'Platform.Core, Version=1.0.0.0, Culture=neutral, PublicKeyToken=null'. Using the type defined in 'C:\Sudipto\Antigravity\DynamicPlatform\src\Platform.Core\Domain\Entities\Artifact.cs'. [C:\Sudipto\Antigravity\DynamicPlatform\ClinicSimulator.csproj]
C:\Sudipto\Antigravity\DynamicPlatform\ClinicSimulator.cs(244,24): warning CS0436: The type 'EntityMetadata' in 'C:\Sudipto\Antigravity\DynamicPlatform\src\Platform.Engine\Models\EngineModels.cs' conflicts with the imported type 'EntityMetadata' in 'Platform.Engine, Version=1.0.0.0, Culture=neutral, PublicKeyToken=null'. Using the type defined in 'C:\Sudipto\Antigravity\DynamicPlatform\src\Platform.Engine\Models\EngineModels.cs'. [C:\Sudipto\Antigravity\DynamicPlatform\ClinicSimulator.csproj]
C:\Sudipto\Antigravity\DynamicPlatform\ClinicSimulator.cs(247,31): warning CS0436: The type 'FieldMetadata' in 'C:\Sudipto\Antigravity\DynamicPlatform\src\Platform.Engine\Models\EngineModels.cs' conflicts with the imported type 'FieldMetadata' in 'Platform.Engine, Version=1.0.0.0, Culture=neutral, PublicKeyToken=null'. Using the type defined in 'C:\Sudipto\Antigravity\DynamicPlatform\src\Platform.Engine\Models\EngineModels.cs'. [C:\Sudipto\Antigravity\DynamicPlatform\ClinicSimulator.csproj]
C:\Sudipto\Antigravity\DynamicPlatform\ClinicSimulator.cs(253,34): warning CS0436: The type 'RelationMetadata' in 'C:\Sudipto\Antigravity\DynamicPlatform\src\Platform.Engine\Models\EngineModels.cs' conflicts with the imported type 'RelationMetadata' in 'Platform.Engine, Version=1.0.0.0, Culture=neutral, PublicKeyToken=null'. Using the type defined in 'C:\Sudipto\Antigravity\DynamicPlatform\src\Platform.Engine\Models\EngineModels.cs'. [C:\Sudipto\Antigravity\DynamicPlatform\ClinicSimulator.csproj]
C:\Sudipto\Antigravity\DynamicPlatform\ClinicSimulator.cs(255,57): warning CS0436: The type 'RelationType' in 'C:\Sudipto\Antigravity\DynamicPlatform\src\Platform.Engine\Models\EngineModels.cs' conflicts with the imported type 'RelationType' in 'Platform.Engine, Version=1.0.0.0, Culture=neutral, PublicKeyToken=null'. Using the type defined in 'C:\Sudipto\Antigravity\DynamicPlatform\src\Platform.Engine\Models\EngineModels.cs'. [C:\Sudipto\Antigravity\DynamicPlatform\ClinicSimulator.csproj]
C:\Sudipto\Antigravity\DynamicPlatform\ClinicSimulator.cs(256,58): warning CS0436: The type 'RelationType' in 'C:\Sudipto\Antigravity\DynamicPlatform\src\Platform.Engine\Models\EngineModels.cs' conflicts with the imported type 'RelationType' in 'Platform.Engine, Version=1.0.0.0, Culture=neutral, PublicKeyToken=null'. Using the type defined in 'C:\Sudipto\Antigravity\DynamicPlatform\src\Platform.Engine\Models\EngineModels.cs'. [C:\Sudipto\Antigravity\DynamicPlatform\ClinicSimulator.csproj]
C:\Sudipto\Antigravity\DynamicPlatform\ClinicSimulator.cs(259,33): warning CS0436: The type 'Artifact' in 'C:\Sudipto\Antigravity\DynamicPlatform\src\Platform.Core\Domain\Entities\Artifact.cs' conflicts with the imported type 'Artifact' in 'Platform.Core, Version=1.0.0.0, Culture=neutral, PublicKeyToken=null'. Using the type defined in 'C:\Sudipto\Antigravity\DynamicPlatform\src\Platform.Core\Domain\Entities\Artifact.cs'. [C:\Sudipto\Antigravity\DynamicPlatform\ClinicSimulator.csproj]
C:\Sudipto\Antigravity\DynamicPlatform\ClinicSimulator.cs(259,93): warning CS0436: The type 'ArtifactType' in 'C:\Sudipto\Antigravity\DynamicPlatform\src\Platform.Core\Domain\Entities\Artifact.cs' conflicts with the imported type 'ArtifactType' in 'Platform.Core, Version=1.0.0.0, Culture=neutral, PublicKeyToken=null'. Using the type defined in 'C:\Sudipto\Antigravity\DynamicPlatform\src\Platform.Core\Domain\Entities\Artifact.cs'. [C:\Sudipto\Antigravity\DynamicPlatform\ClinicSimulator.csproj]
C:\Sudipto\Antigravity\DynamicPlatform\ClinicSimulator.cs(264,28): warning CS0436: The type 'WorkflowMetadata' in 'C:\Sudipto\Antigravity\DynamicPlatform\src\Platform.Engine\Models\WorkflowMetadata.cs' conflicts with the imported type 'WorkflowMetadata' in 'Platform.Engine, Version=1.0.0.0, Culture=neutral, PublicKeyToken=null'. Using the type defined in 'C:\Sudipto\Antigravity\DynamicPlatform\src\Platform.Engine\Models\WorkflowMetadata.cs'. [C:\Sudipto\Antigravity\DynamicPlatform\ClinicSimulator.csproj]
C:\Sudipto\Antigravity\DynamicPlatform\ClinicSimulator.cs(311,33): warning CS0436: The type 'Artifact' in 'C:\Sudipto\Antigravity\DynamicPlatform\src\Platform.Core\Domain\Entities\Artifact.cs' conflicts with the imported type 'Artifact' in 'Platform.Core, Version=1.0.0.0, Culture=neutral, PublicKeyToken=null'. Using the type defined in 'C:\Sudipto\Antigravity\DynamicPlatform\src\Platform.Core\Domain\Entities\Artifact.cs'. [C:\Sudipto\Antigravity\DynamicPlatform\ClinicSimulator.csproj]
C:\Sudipto\Antigravity\DynamicPlatform\ClinicSimulator.cs(315,20): warning CS0436: The type 'ArtifactType' in 'C:\Sudipto\Antigravity\DynamicPlatform\src\Platform.Core\Domain\Entities\Artifact.cs' conflicts with the imported type 'ArtifactType' in 'Platform.Core, Version=1.0.0.0, Culture=neutral, PublicKeyToken=null'. Using the type defined in 'C:\Sudipto\Antigravity\DynamicPlatform\src\Platform.Core\Domain\Entities\Artifact.cs'. [C:\Sudipto\Antigravity\DynamicPlatform\ClinicSimulator.csproj]
C:\Sudipto\Antigravity\DynamicPlatform\ClinicSimulator.cs(322,24): warning CS0436: The type 'PageMetadata' in 'C:\Sudipto\Antigravity\DynamicPlatform\src\Platform.Engine\Models\EngineModels.cs' conflicts with the imported type 'PageMetadata' in 'Platform.Engine, Version=1.0.0.0, Culture=neutral, PublicKeyToken=null'. Using the type defined in 'C:\Sudipto\Antigravity\DynamicPlatform\src\Platform.Engine\Models\EngineModels.cs'. [C:\Sudipto\Antigravity\DynamicPlatform\ClinicSimulator.csproj]
C:\Sudipto\Antigravity\DynamicPlatform\ClinicSimulator.cs(327,32): warning CS0436: The type 'WidgetMetadata' in 'C:\Sudipto\Antigravity\DynamicPlatform\src\Platform.Engine\Models\EngineModels.cs' conflicts with the imported type 'WidgetMetadata' in 'Platform.Engine, Version=1.0.0.0, Culture=neutral, PublicKeyToken=null'. Using the type defined in 'C:\Sudipto\Antigravity\DynamicPlatform\src\Platform.Engine\Models\EngineModels.cs'. [C:\Sudipto\Antigravity\DynamicPlatform\ClinicSimulator.csproj]
C:\Sudipto\Antigravity\DynamicPlatform\ClinicSimulator.cs(352,33): warning CS0436: The type 'Artifact' in 'C:\Sudipto\Antigravity\DynamicPlatform\src\Platform.Core\Domain\Entities\Artifact.cs' conflicts with the imported type 'Artifact' in 'Platform.Core, Version=1.0.0.0, Culture=neutral, PublicKeyToken=null'. Using the type defined in 'C:\Sudipto\Antigravity\DynamicPlatform\src\Platform.Core\Domain\Entities\Artifact.cs'. [C:\Sudipto\Antigravity\DynamicPlatform\ClinicSimulator.csproj]
C:\Sudipto\Antigravity\DynamicPlatform\ClinicSimulator.cs(352,93): warning CS0436: The type 'ArtifactType' in 'C:\Sudipto\Antigravity\DynamicPlatform\src\Platform.Core\Domain\Entities\Artifact.cs' conflicts with the imported type 'ArtifactType' in 'Platform.Core, Version=1.0.0.0, Culture=neutral, PublicKeyToken=null'. Using the type defined in 'C:\Sudipto\Antigravity\DynamicPlatform\src\Platform.Core\Domain\Entities\Artifact.cs'. [C:\Sudipto\Antigravity\DynamicPlatform\ClinicSimulator.csproj]
C:\Sudipto\Antigravity\DynamicPlatform\ClinicSimulator.cs(357,24): warning CS0436: The type 'PageMetadata' in 'C:\Sudipto\Antigravity\DynamicPlatform\src\Platform.Engine\Models\EngineModels.cs' conflicts with the imported type 'PageMetadata' in 'Platform.Engine, Version=1.0.0.0, Culture=neutral, PublicKeyToken=null'. Using the type defined in 'C:\Sudipto\Antigravity\DynamicPlatform\src\Platform.Engine\Models\EngineModels.cs'. [C:\Sudipto\Antigravity\DynamicPlatform\ClinicSimulator.csproj]
C:\Sudipto\Antigravity\DynamicPlatform\ClinicSimulator.cs(362,32): warning CS0436: The type 'WidgetMetadata' in 'C:\Sudipto\Antigravity\DynamicPlatform\src\Platform.Engine\Models\EngineModels.cs' conflicts with the imported type 'WidgetMetadata' in 'Platform.Engine, Version=1.0.0.0, Culture=neutral, PublicKeyToken=null'. Using the type defined in 'C:\Sudipto\Antigravity\DynamicPlatform\src\Platform.Engine\Models\EngineModels.cs'. [C:\Sudipto\Antigravity\DynamicPlatform\ClinicSimulator.csproj]
C:\Sudipto\Antigravity\DynamicPlatform\ClinicSimulator.cs(380,33): warning CS0436: The type 'Artifact' in 'C:\Sudipto\Antigravity\DynamicPlatform\src\Platform.Core\Domain\Entities\Artifact.cs' conflicts with the imported type 'Artifact' in 'Platform.Core, Version=1.0.0.0, Culture=neutral, PublicKeyToken=null'. Using the type defined in 'C:\Sudipto\Antigravity\DynamicPlatform\src\Platform.Core\Domain\Entities\Artifact.cs'. [C:\Sudipto\Antigravity\DynamicPlatform\ClinicSimulator.csproj]
C:\Sudipto\Antigravity\DynamicPlatform\ClinicSimulator.cs(380,93): warning CS0436: The type 'ArtifactType' in 'C:\Sudipto\Antigravity\DynamicPlatform\src\Platform.Core\Domain\Entities\Artifact.cs' conflicts with the imported type 'ArtifactType' in 'Platform.Core, Version=1.0.0.0, Culture=neutral, PublicKeyToken=null'. Using the type defined in 'C:\Sudipto\Antigravity\DynamicPlatform\src\Platform.Core\Domain\Entities\Artifact.cs'. [C:\Sudipto\Antigravity\DynamicPlatform\ClinicSimulator.csproj]
C:\Sudipto\Antigravity\DynamicPlatform\ClinicSimulator.cs(385,24): warning CS0436: The type 'EnumMetadata' in 'C:\Sudipto\Antigravity\DynamicPlatform\src\Platform.Engine\Models\EngineModels.cs' conflicts with the imported type 'EnumMetadata' in 'Platform.Engine, Version=1.0.0.0, Culture=neutral, PublicKeyToken=null'. Using the type defined in 'C:\Sudipto\Antigravity\DynamicPlatform\src\Platform.Engine\Models\EngineModels.cs'. [C:\Sudipto\Antigravity\DynamicPlatform\ClinicSimulator.csproj]
C:\Sudipto\Antigravity\DynamicPlatform\ClinicSimulator.cs(389,31): warning CS0436: The type 'EnumValue' in 'C:\Sudipto\Antigravity\DynamicPlatform\src\Platform.Engine\Models\EngineModels.cs' conflicts with the imported type 'EnumValue' in 'Platform.Engine, Version=1.0.0.0, Culture=neutral, PublicKeyToken=null'. Using the type defined in 'C:\Sudipto\Antigravity\DynamicPlatform\src\Platform.Engine\Models\EngineModels.cs'. [C:\Sudipto\Antigravity\DynamicPlatform\ClinicSimulator.csproj]
C:\Sudipto\Antigravity\DynamicPlatform\ClinicSimulator.cs(397,33): warning CS0436: The type 'Artifact' in 'C:\Sudipto\Antigravity\DynamicPlatform\src\Platform.Core\Domain\Entities\Artifact.cs' conflicts with the imported type 'Artifact' in 'Platform.Core, Version=1.0.0.0, Culture=neutral, PublicKeyToken=null'. Using the type defined in 'C:\Sudipto\Antigravity\DynamicPlatform\src\Platform.Core\Domain\Entities\Artifact.cs'. [C:\Sudipto\Antigravity\DynamicPlatform\ClinicSimulator.csproj]
C:\Sudipto\Antigravity\DynamicPlatform\ClinicSimulator.cs(397,93): warning CS0436: The type 'ArtifactType' in 'C:\Sudipto\Antigravity\DynamicPlatform\src\Platform.Core\Domain\Entities\Artifact.cs' conflicts with the imported type 'ArtifactType' in 'Platform.Core, Version=1.0.0.0, Culture=neutral, PublicKeyToken=null'. Using the type defined in 'C:\Sudipto\Antigravity\DynamicPlatform\src\Platform.Core\Domain\Entities\Artifact.cs'. [C:\Sudipto\Antigravity\DynamicPlatform\ClinicSimulator.csproj]
C:\Sudipto\Antigravity\DynamicPlatform\ClinicSimulator.cs(332,38): error CS0117: 'WidgetLayout' does not contain a definition for 'X' [C:\Sudipto\Antigravity\DynamicPlatform\ClinicSimulator.csproj]
C:\Sudipto\Antigravity\DynamicPlatform\ClinicSimulator.cs(332,45): error CS0117: 'WidgetLayout' does not contain a definition for 'Y' [C:\Sudipto\Antigravity\DynamicPlatform\ClinicSimulator.csproj]
C:\Sudipto\Antigravity\DynamicPlatform\ClinicSimulator.cs(332,52): error CS0117: 'WidgetLayout' does not contain a definition for 'W' [C:\Sudipto\Antigravity\DynamicPlatform\ClinicSimulator.csproj]
C:\Sudipto\Antigravity\DynamicPlatform\ClinicSimulator.cs(332,59): error CS0117: 'WidgetLayout' does not contain a definition for 'H' [C:\Sudipto\Antigravity\DynamicPlatform\ClinicSimulator.csproj]
C:\Sudipto\Antigravity\DynamicPlatform\ClinicSimulator.cs(339,38): error CS0117: 'WidgetLayout' does not contain a definition for 'X' [C:\Sudipto\Antigravity\DynamicPlatform\ClinicSimulator.csproj]
C:\Sudipto\Antigravity\DynamicPlatform\ClinicSimulator.cs(339,45): error CS0117: 'WidgetLayout' does not contain a definition for 'Y' [C:\Sudipto\Antigravity\DynamicPlatform\ClinicSimulator.csproj]
C:\Sudipto\Antigravity\DynamicPlatform\ClinicSimulator.cs(339,52): error CS0117: 'WidgetLayout' does not contain a definition for 'W' [C:\Sudipto\Antigravity\DynamicPlatform\ClinicSimulator.csproj]
C:\Sudipto\Antigravity\DynamicPlatform\ClinicSimulator.cs(339,59): error CS0117: 'WidgetLayout' does not contain a definition for 'H' [C:\Sudipto\Antigravity\DynamicPlatform\ClinicSimulator.csproj]
C:\Sudipto\Antigravity\DynamicPlatform\ClinicSimulator.cs(346,38): error CS0117: 'WidgetLayout' does not contain a definition for 'X' [C:\Sudipto\Antigravity\DynamicPlatform\ClinicSimulator.csproj]
C:\Sudipto\Antigravity\DynamicPlatform\ClinicSimulator.cs(346,45): error CS0117: 'WidgetLayout' does not contain a definition for 'Y' [C:\Sudipto\Antigravity\DynamicPlatform\ClinicSimulator.csproj]
C:\Sudipto\Antigravity\DynamicPlatform\ClinicSimulator.cs(346,52): error CS0117: 'WidgetLayout' does not contain a definition for 'W' [C:\Sudipto\Antigravity\DynamicPlatform\ClinicSimulator.csproj]
C:\Sudipto\Antigravity\DynamicPlatform\ClinicSimulator.cs(346,59): error CS0117: 'WidgetLayout' does not contain a definition for 'H' [C:\Sudipto\Antigravity\DynamicPlatform\ClinicSimulator.csproj]
C:\Sudipto\Antigravity\DynamicPlatform\ClinicSimulator.cs(367,38): error CS0117: 'WidgetLayout' does not contain a definition for 'X' [C:\Sudipto\Antigravity\DynamicPlatform\ClinicSimulator.csproj]
C:\Sudipto\Antigravity\DynamicPlatform\ClinicSimulator.cs(367,45): error CS0117: 'WidgetLayout' does not contain a definition for 'Y' [C:\Sudipto\Antigravity\DynamicPlatform\ClinicSimulator.csproj]
C:\Sudipto\Antigravity\DynamicPlatform\ClinicSimulator.cs(367,52): error CS0117: 'WidgetLayout' does not contain a definition for 'W' [C:\Sudipto\Antigravity\DynamicPlatform\ClinicSimulator.csproj]
C:\Sudipto\Antigravity\DynamicPlatform\ClinicSimulator.cs(367,59): error CS0117: 'WidgetLayout' does not contain a definition for 'H' [C:\Sudipto\Antigravity\DynamicPlatform\ClinicSimulator.csproj]
C:\Sudipto\Antigravity\DynamicPlatform\ClinicSimulator.cs(374,38): error CS0117: 'WidgetLayout' does not contain a definition for 'X' [C:\Sudipto\Antigravity\DynamicPlatform\ClinicSimulator.csproj]
C:\Sudipto\Antigravity\DynamicPlatform\ClinicSimulator.cs(374,45): error CS0117: 'WidgetLayout' does not contain a definition for 'Y' [C:\Sudipto\Antigravity\DynamicPlatform\ClinicSimulator.csproj]
C:\Sudipto\Antigravity\DynamicPlatform\ClinicSimulator.cs(374,52): error CS0117: 'WidgetLayout' does not contain a definition for 'W' [C:\Sudipto\Antigravity\DynamicPlatform\ClinicSimulator.csproj]
C:\Sudipto\Antigravity\DynamicPlatform\ClinicSimulator.cs(374,60): error CS0117: 'WidgetLayout' does not contain a definition for 'H' [C:\Sudipto\Antigravity\DynamicPlatform\ClinicSimulator.csproj]
    194 Warning(s)
    20 Error(s)

Time Elapsed 00:00:03.59
