C:\Sudipto\Antigravity\DynamicPlatform\src\Platform.Engine\Services\AzureBlobStorageService.cs(11,40): error CS0246: The type or namespace name 'IBlobStorageService' could not be found (are you missing a using directive or an assembly reference?) [C:\Sudipto\Antigravity\DynamicPlatform\src\Platform.Engine\Platform.Engine.csproj]
C:\Sudipto\Antigravity\DynamicPlatform\src\Platform.Engine\Services\DataExecution\DataExecutionEngine.cs(15,22): error CS0246: The type or namespace name 'IWorkflowRuntime' could not be found (are you missing a using directive or an assembly reference?) [C:\Sudipto\Antigravity\DynamicPlatform\src\Platform.Engine\Platform.Engine.csproj]
C:\Sudipto\Antigravity\DynamicPlatform\src\Platform.Engine\Services\DataExecution\DataExecutionEngine.cs(23,9): error CS0246: The type or namespace name 'IWorkflowRuntime' could not be found (are you missing a using directive or an assembly reference?) [C:\Sudipto\Antigravity\DynamicPlatform\src\Platform.Engine\Platform.Engine.csproj]
C:\Sudipto\Antigravity\DynamicPlatform\src\Platform.Engine\Workflows\Definitions\LongRunningReportWorkflow.cs(14,35): error CS0246: The type or namespace name 'IWorkflowBuilder' could not be found (are you missing a using directive or an assembly reference?) [C:\Sudipto\Antigravity\DynamicPlatform\src\Platform.Engine\Platform.Engine.csproj]

Build FAILED.
    1 Warning(s)
    4 Error(s)

Time Elapsed 00:00:00.99
